###############################################################################
#
# IAR ELF Linker V8.11.1.13263/W32 for ARM                04/Jun/2017  01:41:20
# Copyright 2007-2017 IAR Systems AB.
#
#    Output file  =  
#        E:\Workspaces\James\Firmware_46_SW4STM\Gen9_ADS_46\EWARM\Gen9_ADS_46\Exe\Gen9_ADS_46.out
#    Map file     =  
#        E:\Workspaces\James\Firmware_46_SW4STM\Gen9_ADS_46\EWARM\Gen9_ADS_46\List\Gen9_ADS_46.map
#    Command line =  
#        -f C:\Users\James\AppData\Local\Temp\EW2FE5.tmp
#        (E:\Workspaces\James\Firmware_46_SW4STM\Gen9_ADS_46\EWARM\Gen9_ADS_46\Obj\can.o
#        E:\Workspaces\James\Firmware_46_SW4STM\Gen9_ADS_46\EWARM\Gen9_ADS_46\Obj\can2.o
#        E:\Workspaces\James\Firmware_46_SW4STM\Gen9_ADS_46\EWARM\Gen9_ADS_46\Obj\Can_Processor.o
#        E:\Workspaces\James\Firmware_46_SW4STM\Gen9_ADS_46\EWARM\Gen9_ADS_46\Obj\cmsis_os.o
#        E:\Workspaces\James\Firmware_46_SW4STM\Gen9_ADS_46\EWARM\Gen9_ADS_46\Obj\croutine.o
#        E:\Workspaces\James\Firmware_46_SW4STM\Gen9_ADS_46\EWARM\Gen9_ADS_46\Obj\event_groups.o
#        E:\Workspaces\James\Firmware_46_SW4STM\Gen9_ADS_46\EWARM\Gen9_ADS_46\Obj\freertos.o
#        E:\Workspaces\James\Firmware_46_SW4STM\Gen9_ADS_46\EWARM\Gen9_ADS_46\Obj\heap_4.o
#        E:\Workspaces\James\Firmware_46_SW4STM\Gen9_ADS_46\EWARM\Gen9_ADS_46\Obj\list.o
#        E:\Workspaces\James\Firmware_46_SW4STM\Gen9_ADS_46\EWARM\Gen9_ADS_46\Obj\main.o
#        E:\Workspaces\James\Firmware_46_SW4STM\Gen9_ADS_46\EWARM\Gen9_ADS_46\Obj\mcp3909.o
#        E:\Workspaces\James\Firmware_46_SW4STM\Gen9_ADS_46\EWARM\Gen9_ADS_46\Obj\nodeMiscHelpers.o
#        E:\Workspaces\James\Firmware_46_SW4STM\Gen9_ADS_46\EWARM\Gen9_ADS_46\Obj\port.o
#        E:\Workspaces\James\Firmware_46_SW4STM\Gen9_ADS_46\EWARM\Gen9_ADS_46\Obj\portasm.o
#        E:\Workspaces\James\Firmware_46_SW4STM\Gen9_ADS_46\EWARM\Gen9_ADS_46\Obj\queue.o
#        E:\Workspaces\James\Firmware_46_SW4STM\Gen9_ADS_46\EWARM\Gen9_ADS_46\Obj\serial.o
#        E:\Workspaces\James\Firmware_46_SW4STM\Gen9_ADS_46\EWARM\Gen9_ADS_46\Obj\startup_stm32f446xx.o
#        E:\Workspaces\James\Firmware_46_SW4STM\Gen9_ADS_46\EWARM\Gen9_ADS_46\Obj\stm32f4xx_hal.o
#        E:\Workspaces\James\Firmware_46_SW4STM\Gen9_ADS_46\EWARM\Gen9_ADS_46\Obj\stm32f4xx_hal_adc.o
#        E:\Workspaces\James\Firmware_46_SW4STM\Gen9_ADS_46\EWARM\Gen9_ADS_46\Obj\stm32f4xx_hal_adc_ex.o
#        E:\Workspaces\James\Firmware_46_SW4STM\Gen9_ADS_46\EWARM\Gen9_ADS_46\Obj\stm32f4xx_hal_can.o
#        E:\Workspaces\James\Firmware_46_SW4STM\Gen9_ADS_46\EWARM\Gen9_ADS_46\Obj\stm32f4xx_hal_cortex.o
#        E:\Workspaces\James\Firmware_46_SW4STM\Gen9_ADS_46\EWARM\Gen9_ADS_46\Obj\stm32f4xx_hal_dma.o
#        E:\Workspaces\James\Firmware_46_SW4STM\Gen9_ADS_46\EWARM\Gen9_ADS_46\Obj\stm32f4xx_hal_dma_ex.o
#        E:\Workspaces\James\Firmware_46_SW4STM\Gen9_ADS_46\EWARM\Gen9_ADS_46\Obj\stm32f4xx_hal_flash.o
#        E:\Workspaces\James\Firmware_46_SW4STM\Gen9_ADS_46\EWARM\Gen9_ADS_46\Obj\stm32f4xx_hal_flash_ex.o
#        E:\Workspaces\James\Firmware_46_SW4STM\Gen9_ADS_46\EWARM\Gen9_ADS_46\Obj\stm32f4xx_hal_flash_ramfunc.o
#        E:\Workspaces\James\Firmware_46_SW4STM\Gen9_ADS_46\EWARM\Gen9_ADS_46\Obj\stm32f4xx_hal_gpio.o
#        E:\Workspaces\James\Firmware_46_SW4STM\Gen9_ADS_46\EWARM\Gen9_ADS_46\Obj\stm32f4xx_hal_msp.o
#        E:\Workspaces\James\Firmware_46_SW4STM\Gen9_ADS_46\EWARM\Gen9_ADS_46\Obj\stm32f4xx_hal_pwr.o
#        E:\Workspaces\James\Firmware_46_SW4STM\Gen9_ADS_46\EWARM\Gen9_ADS_46\Obj\stm32f4xx_hal_pwr_ex.o
#        E:\Workspaces\James\Firmware_46_SW4STM\Gen9_ADS_46\EWARM\Gen9_ADS_46\Obj\stm32f4xx_hal_rcc.o
#        E:\Workspaces\James\Firmware_46_SW4STM\Gen9_ADS_46\EWARM\Gen9_ADS_46\Obj\stm32f4xx_hal_rcc_ex.o
#        E:\Workspaces\James\Firmware_46_SW4STM\Gen9_ADS_46\EWARM\Gen9_ADS_46\Obj\stm32f4xx_hal_spi.o
#        E:\Workspaces\James\Firmware_46_SW4STM\Gen9_ADS_46\EWARM\Gen9_ADS_46\Obj\stm32f4xx_hal_tim.o
#        E:\Workspaces\James\Firmware_46_SW4STM\Gen9_ADS_46\EWARM\Gen9_ADS_46\Obj\stm32f4xx_hal_tim_ex.o
#        E:\Workspaces\James\Firmware_46_SW4STM\Gen9_ADS_46\EWARM\Gen9_ADS_46\Obj\stm32f4xx_hal_timebase_TIM.o
#        E:\Workspaces\James\Firmware_46_SW4STM\Gen9_ADS_46\EWARM\Gen9_ADS_46\Obj\stm32f4xx_hal_uart.o
#        E:\Workspaces\James\Firmware_46_SW4STM\Gen9_ADS_46\EWARM\Gen9_ADS_46\Obj\stm32f4xx_hal_wwdg.o
#        E:\Workspaces\James\Firmware_46_SW4STM\Gen9_ADS_46\EWARM\Gen9_ADS_46\Obj\stm32f4xx_it.o
#        E:\Workspaces\James\Firmware_46_SW4STM\Gen9_ADS_46\EWARM\Gen9_ADS_46\Obj\system_stm32f4xx.o
#        E:\Workspaces\James\Firmware_46_SW4STM\Gen9_ADS_46\EWARM\Gen9_ADS_46\Obj\tasks.o
#        E:\Workspaces\James\Firmware_46_SW4STM\Gen9_ADS_46\EWARM\Gen9_ADS_46\Obj\thermistor.o
#        E:\Workspaces\James\Firmware_46_SW4STM\Gen9_ADS_46\EWARM\Gen9_ADS_46\Obj\timers.o
#        E:\Workspaces\James\Firmware_46_SW4STM\Gen9_ADS_46\EWARM\Gen9_ADS_46\Obj\ts_lib.o
#        --redirect _Printf=_PrintfFull --redirect _Scanf=_ScanfFull -o
#        E:\Workspaces\James\Firmware_46_SW4STM\Gen9_ADS_46\EWARM\Gen9_ADS_46\Exe\Gen9_ADS_46.out
#        --map
#        E:\Workspaces\James\Firmware_46_SW4STM\Gen9_ADS_46\EWARM\Gen9_ADS_46\List\Gen9_ADS_46.map
#        --config
#        E:\Workspaces\James\Firmware_46_SW4STM\Gen9_ADS_46\EWARM/stm32f446xx_flash.icf
#        --semihosting --entry __iar_program_start --vfe --text_out locale)
#
###############################################################################

*******************************************************************************
*** RUNTIME MODEL ATTRIBUTES
***

CppFlavor       = *
__SystemLibrary = DLib
__dlib_version  = 6


*******************************************************************************
*** HEAP SELECTION
***

The basic heap was selected because no calls to memory allocation
functions were found in the application outside of system library
functions, and there are calls to deallocation functions in the
application.


*******************************************************************************
*** PLACEMENT SUMMARY
***

"A0":  place at 0x08000000 { ro section .intvec };
"P1":  place in [from 0x08000000 to 0x0807ffff] { ro };
"P2":  place in [from 0x20000000 to 0x2001ffff] { rw, block CSTACK, block HEAP };
initialize by copy { rw };

  Section            Kind        Address     Size  Object
  -------            ----        -------     ----  ------
"A0":                                       0x1c4
  .intvec            ro code  0x08000000    0x1c4  startup_stm32f446xx.o [1]
                            - 0x080001c4    0x1c4

"P1":                                      0x9000
  .text              ro code  0x080001c4    0xec6  main.o [1]
  .rodata            const    0x0800108a      0x1  Can_Processor.o [1]
  .rodata            const    0x0800108b      0x1  main.o [1]
  .text              ro code  0x0800108c     0x40  stm32f4xx_hal.o [1]
  .text              ro code  0x080010cc    0x188  stm32f4xx_hal_cortex.o [1]
  .text              ro code  0x08001254    0x208  serial.o [1]
  .text              ro code  0x0800145c    0x524  can.o [1]
  .text              ro code  0x08001980    0x644  can2.o [1]
  .text              ro code  0x08001fc4    0x208  ts_lib.o [1]
  .text              ro code  0x080021cc     0x3a  stm32f4xx_hal_wwdg.o [1]
  .rodata            const    0x08002206      0x1  nodeMiscHelpers.o [1]
  .text              ro code  0x08002208    0x1a8  cmsis_os.o [1]
  .text              ro code  0x080023b0     0xa6  ABImemcpy.o [5]
  .text              ro code  0x08002458    0x564  stm32f4xx_hal_rcc_ex.o [1]
  .text              ro code  0x080029bc    0x228  stm32f4xx_hal_rcc.o [1]
  .text              ro code  0x08002be4    0x592  stm32f4xx_hal_adc.o [1]
  .text              ro code  0x08003178    0xa8c  stm32f4xx_hal_can.o [1]
  .text              ro code  0x08003c04    0xa5e  stm32f4xx_hal_spi.o [1]
  .text              ro code  0x08004664    0x8ac  stm32f4xx_hal_uart.o [1]
  .text              ro code  0x08004f10    0x250  stm32f4xx_hal_gpio.o [1]
  .text              ro code  0x08005160    0x5c4  mcp3909.o [1]
  .text              ro code  0x08005724    0x984  queue.o [1]
  .text              ro code  0x080060a8     0x44  Can_Processor.o [1]
  .text              ro code  0x080060ec    0x25c  port.o [1]
  .text              ro code  0x08006348    0x1e8  nodeMiscHelpers.o [1]
  .text              ro code  0x08006530     0x10  stm32f4xx_hal.o [1]
  .text              ro code  0x08006540     0x98  stm32f4xx_hal_timebase_TIM.o [1]
  .text              ro code  0x080065d8    0x584  stm32f4xx_hal_msp.o [1]
  .text              ro code  0x08006b5c    0x168  thermistor.o [1]
  .text              ro code  0x08006cc4    0xbd8  tasks.o [1]
  .text              ro code  0x0800789c    0x4c4  timers.o [1]
  .text              ro code  0x08007d60      0xc  stm32f4xx_hal.o [1]
  .text              ro code  0x08007d6c    0x564  stm32f4xx_hal_dma.o [1]
  .text              ro code  0x080082d0      0x2  stm32f4xx_hal_adc.o [1]
  .text              ro code  0x080082d2      0x2  stm32f4xx_hal_spi.o [1]
  .text              ro code  0x080082d4      0x2  stm32f4xx_hal_spi.o [1]
  .text              ro code  0x080082d6      0x2  stm32f4xx_hal_spi.o [1]
  .text              ro code  0x080082d8      0x2  stm32f4xx_hal_spi.o [1]
  .text              ro code  0x080082da      0x2  stm32f4xx_hal_spi.o [1]
  .text              ro code  0x080082dc      0x2  stm32f4xx_hal_uart.o [1]
  .text              ro code  0x080082de      0x2  stm32f4xx_hal_uart.o [1]
  .text              ro code  0x080082e0      0x2  stm32f4xx_hal_uart.o [1]
  .text              ro code  0x080082e2     0x9e  list.o [1]
  .text              ro code  0x08008380    0x28c  heap_4.o [1]
  CODE               ro code  0x0800860c     0xa8  portasm.o [1]
  .text              ro code  0x080086b4    0x2e6  stm32f4xx_hal_tim.o [1]
  .text              ro code  0x0800899c    0x132  I64DivMod.o [5]
  .text              ro code  0x08008ad0     0x66  ABImemset.o [5]
  .text              ro code  0x08008b36      0x2  freertos.o [1]
  .text              ro code  0x08008b38      0x2  freertos.o [1]
  .text              ro code  0x08008b3a      0x2  stm32f4xx_hal_tim.o [1]
  .text              ro code  0x08008b3c      0x2  stm32f4xx_hal_tim.o [1]
  .text              ro code  0x08008b3e      0x2  stm32f4xx_hal_tim.o [1]
  .text              ro code  0x08008b40      0x2  stm32f4xx_hal_tim_ex.o [1]
  .text              ro code  0x08008b42      0x2  stm32f4xx_hal_tim.o [1]
  .text              ro code  0x08008b44      0x2  stm32f4xx_hal_tim_ex.o [1]
  .text              ro code  0x08008b48      0x2  I64DivZer.o [5]
  .rodata            const    0x08008b4c     0xf0  thermistor.o [1]
  .text              ro code  0x08008c3c     0xe4  stm32f4xx_it.o [1]
  .text              ro code  0x08008d20     0x6c  system_stm32f4xx.o [1]
  .rodata            const    0x08008d8c     0x4c  stm32f4xx_hal_msp.o [1]
  .rodata            const    0x08008dd8     0x40  main.o [1]
  .text              ro code  0x08008e18     0x40  zero_init3.o [5]
  .text              ro code  0x08008e58     0x2c  copy_init3.o [5]
  .text              ro code  0x08008e84     0x28  data_init.o [5]
  .text              ro code  0x08008eac     0x22  fpinit_M.o [4]
  .iar.init_table    const    0x08008ed0     0x24  - Linker created -
  .text              ro code  0x08008ef4     0x1a  cmain.o [5]
  .text              ro code  0x08008f0e      0x4  low_level_init.o [3]
  .text              ro code  0x08008f12      0x4  exit.o [3]
  .text              ro code  0x08008f18      0xa  cexit.o [5]
  .text              ro code  0x08008f24     0x14  exit.o [6]
  Initializer bytes  const    0x08008f38     0x1c  <for P2-1>
  .rodata            const    0x08008f54     0x14  main.o [1]
  .rodata            const    0x08008f68     0x14  main.o [1]
  .rodata            const    0x08008f7c     0x14  main.o [1]
  .rodata            const    0x08008f90     0x14  main.o [1]
  .rodata            const    0x08008fa4     0x14  main.o [1]
  .rodata            const    0x08008fb8     0x10  main.o [1]
  .rodata            const    0x08008fc8     0x10  main.o [1]
  .rodata            const    0x08008fd8     0x10  system_stm32f4xx.o [1]
  .text              ro code  0x08008fe8     0x10  startup_stm32f446xx.o [1]
  .rodata            const    0x08008ff8      0xc  main.o [1]
  .rodata            const    0x08009004      0xc  ts_lib.o [1]
  .text              ro code  0x08009010      0xc  cstartup_M.o [5]
  .rodata            const    0x0800901c      0x8  main.o [1]
  .rodata            const    0x08009024      0x8  main.o [1]
  .rodata            const    0x0800902c      0x8  main.o [1]
  .rodata            const    0x08009034      0x8  main.o [1]
  .rodata            const    0x0800903c      0x8  main.o [1]
  .rodata            const    0x08009044      0x8  main.o [1]
  .rodata            const    0x0800904c      0x8  stm32f4xx_hal_dma.o [1]
  .rodata            const    0x08009054      0x8  system_stm32f4xx.o [1]
  .rodata            const    0x0800905c      0x8  tasks.o [1]
  .rodata            const    0x08009064      0x8  timers.o [1]
  .rodata            const    0x0800906c      0x8  timers.o [1]
  .rodata            const    0x08009074      0x4  heap_4.o [1]
  .rodata            const    0x08009078      0x4  main.o [1]
  .rodata            const    0x0800907c      0x4  main.o [1]
  .rodata            const    0x08009080      0x4  main.o [1]
  .rodata            const    0x08009084      0x4  main.o [1]
  .rodata            const    0x08009088      0x4  main.o [1]
  .rodata            const    0x0800908c      0x4  main.o [1]
  .rodata            const    0x08009090      0x4  main.o [1]
  .rodata            const    0x08009094      0x4  port.o [1]
  .text              ro code  0x08009098      0x4  startup_stm32f446xx.o [1]
  .text              ro code  0x0800909c      0x4  startup_stm32f446xx.o [1]
  .text              ro code  0x080090a0      0x4  startup_stm32f446xx.o [1]
  .text              ro code  0x080090a4      0x4  startup_stm32f446xx.o [1]
  .text              ro code  0x080090a8      0x4  startup_stm32f446xx.o [1]
  .text              ro code  0x080090ac      0x4  startup_stm32f446xx.o [1]
  .text              ro code  0x080090b0      0x4  startup_stm32f446xx.o [1]
  .text              ro code  0x080090b4      0x4  startup_stm32f446xx.o [1]
  .text              ro code  0x080090b8      0x4  startup_stm32f446xx.o [1]
  .text              ro code  0x080090bc      0x4  startup_stm32f446xx.o [1]
  .text              ro code  0x080090c0      0x4  startup_stm32f446xx.o [1]
  .text              ro code  0x080090c4      0x4  startup_stm32f446xx.o [1]
  .text              ro code  0x080090c8      0x4  startup_stm32f446xx.o [1]
  .text              ro code  0x080090cc      0x4  startup_stm32f446xx.o [1]
  .text              ro code  0x080090d0      0x4  startup_stm32f446xx.o [1]
  .text              ro code  0x080090d4      0x4  startup_stm32f446xx.o [1]
  .text              ro code  0x080090d8      0x4  startup_stm32f446xx.o [1]
  .text              ro code  0x080090dc      0x4  startup_stm32f446xx.o [1]
  .text              ro code  0x080090e0      0x4  startup_stm32f446xx.o [1]
  .text              ro code  0x080090e4      0x4  startup_stm32f446xx.o [1]
  .text              ro code  0x080090e8      0x4  startup_stm32f446xx.o [1]
  .text              ro code  0x080090ec      0x4  startup_stm32f446xx.o [1]
  .text              ro code  0x080090f0      0x4  startup_stm32f446xx.o [1]
  .text              ro code  0x080090f4      0x4  startup_stm32f446xx.o [1]
  .text              ro code  0x080090f8      0x4  startup_stm32f446xx.o [1]
  .text              ro code  0x080090fc      0x4  startup_stm32f446xx.o [1]
  .text              ro code  0x08009100      0x4  startup_stm32f446xx.o [1]
  .text              ro code  0x08009104      0x4  startup_stm32f446xx.o [1]
  .text              ro code  0x08009108      0x4  startup_stm32f446xx.o [1]
  .text              ro code  0x0800910c      0x4  startup_stm32f446xx.o [1]
  .text              ro code  0x08009110      0x4  startup_stm32f446xx.o [1]
  .text              ro code  0x08009114      0x4  startup_stm32f446xx.o [1]
  .text              ro code  0x08009118      0x4  startup_stm32f446xx.o [1]
  .text              ro code  0x0800911c      0x4  startup_stm32f446xx.o [1]
  .text              ro code  0x08009120      0x4  startup_stm32f446xx.o [1]
  .text              ro code  0x08009124      0x4  startup_stm32f446xx.o [1]
  .text              ro code  0x08009128      0x4  startup_stm32f446xx.o [1]
  .text              ro code  0x0800912c      0x4  startup_stm32f446xx.o [1]
  .text              ro code  0x08009130      0x4  startup_stm32f446xx.o [1]
  .text              ro code  0x08009134      0x4  startup_stm32f446xx.o [1]
  .text              ro code  0x08009138      0x4  startup_stm32f446xx.o [1]
  .text              ro code  0x0800913c      0x4  startup_stm32f446xx.o [1]
  .text              ro code  0x08009140      0x4  startup_stm32f446xx.o [1]
  .text              ro code  0x08009144      0x4  startup_stm32f446xx.o [1]
  .text              ro code  0x08009148      0x4  startup_stm32f446xx.o [1]
  .text              ro code  0x0800914c      0x4  startup_stm32f446xx.o [1]
  .text              ro code  0x08009150      0x4  startup_stm32f446xx.o [1]
  .text              ro code  0x08009154      0x4  startup_stm32f446xx.o [1]
  .text              ro code  0x08009158      0x4  startup_stm32f446xx.o [1]
  .text              ro code  0x0800915c      0x4  startup_stm32f446xx.o [1]
  .text              ro code  0x08009160      0x4  startup_stm32f446xx.o [1]
  .text              ro code  0x08009164      0x4  startup_stm32f446xx.o [1]
  .text              ro code  0x08009168      0x4  startup_stm32f446xx.o [1]
  .text              ro code  0x0800916c      0x4  startup_stm32f446xx.o [1]
  .text              ro code  0x08009170      0x4  startup_stm32f446xx.o [1]
  .text              ro code  0x08009174      0x4  startup_stm32f446xx.o [1]
  .text              ro code  0x08009178      0x4  startup_stm32f446xx.o [1]
  .text              ro code  0x0800917c      0x4  startup_stm32f446xx.o [1]
  .text              ro code  0x08009180      0x4  startup_stm32f446xx.o [1]
  .text              ro code  0x08009184      0x4  startup_stm32f446xx.o [1]
  .text              ro code  0x08009188      0x4  startup_stm32f446xx.o [1]
  .text              ro code  0x0800918c      0x4  startup_stm32f446xx.o [1]
  .text              ro code  0x08009190      0x4  startup_stm32f446xx.o [1]
  .text              ro code  0x08009194      0x4  startup_stm32f446xx.o [1]
  .text              ro code  0x08009198      0x4  startup_stm32f446xx.o [1]
  .text              ro code  0x0800919c      0x4  startup_stm32f446xx.o [1]
  .text              ro code  0x080091a0      0x4  startup_stm32f446xx.o [1]
  .text              ro code  0x080091a4      0x4  startup_stm32f446xx.o [1]
  .text              ro code  0x080091a8      0x4  startup_stm32f446xx.o [1]
  .text              ro code  0x080091ac      0x4  startup_stm32f446xx.o [1]
  .text              ro code  0x080091b0      0x4  startup_stm32f446xx.o [1]
  .text              ro code  0x080091b4      0x4  startup_stm32f446xx.o [1]
  .text              ro code  0x080091b8      0x4  startup_stm32f446xx.o [1]
  .text              ro code  0x080091bc      0x4  startup_stm32f446xx.o [1]
  .text              ro code  0x080091c0      0x4  startup_stm32f446xx.o [1]
  .rodata            const    0x080091c4      0x0  zero_init3.o [5]
  .rodata            const    0x080091c4      0x0  copy_init3.o [5]
                            - 0x080091c4   0x9000

"P2", part 1 of 3:                           0x1c
  P2-1                        0x20000000     0x1a  <Init block>
    .data            inited   0x20000000      0x4  port.o [1]
    .data            inited   0x20000004      0x4  serial.o [1]
    .data            inited   0x20000008      0x4  serial.o [1]
    .data            inited   0x2000000c      0x4  serial.o [1]
    .data            inited   0x20000010      0x4  system_stm32f4xx.o [1]
    .data            inited   0x20000014      0x4  thermistor.o [1]
    .data            inited   0x20000018      0x1  can.o [1]
    .data            inited   0x20000019      0x1  can2.o [1]
                            - 0x2000001a     0x1a

"P2", part 2 of 3:                          0x400
  CSTACK                      0x20000020    0x400  <Block>
    CSTACK           uninit   0x20000020    0x400  <Block tail>
                            - 0x20000420    0x400

"P2", part 3 of 3:                        0x11f20
  .bss               zero     0x20000420  0x10000  heap_4.o [1]
  .bss               zero     0x20010420   0x1000  serial.o [1]
  .bss               zero     0x20011420    0x230  can.o [1]
  .bss               zero     0x20011650    0x230  can2.o [1]
  .bss               zero     0x20011880    0x200  serial.o [1]
  .bss               zero     0x20011a80     0x8c  tasks.o [1]
  .bss               zero     0x20011b0c     0x64  main.o [1]
  .bss               zero     0x20011b70     0x60  main.o [1]
  .bss               zero     0x20011bd0     0x60  main.o [1]
  .bss               zero     0x20011c30     0x60  main.o [1]
  .bss               zero     0x20011c90     0x60  main.o [1]
  .bss               zero     0x20011cf0     0x60  main.o [1]
  .bss               zero     0x20011d50     0x58  main.o [1]
  .bss               zero     0x20011da8     0x48  main.o [1]
  .bss               zero     0x20011df0     0x44  main.o [1]
  .bss               zero     0x20011e34     0x44  main.o [1]
  .bss               zero     0x20011e78     0x40  main.o [1]
  .bss               zero     0x20011eb8     0x40  queue.o [1]
  .bss               zero     0x20011ef8     0x40  ts_lib.o [1]
  .bss               zero     0x20011f38     0x40  ts_lib.o [1]
  .bss               zero     0x20011f78     0x3c  stm32f4xx_hal_timebase_TIM.o [1]
  .bss               zero     0x20011fb4     0x24  can.o [1]
  .bss               zero     0x20011fd8     0x24  can2.o [1]
  .bss               zero     0x20011ffc     0x24  main.o [1]
  .bss               zero     0x20012020     0x24  main.o [1]
  .bss               zero     0x20012044     0x1c  can.o [1]
  .bss               zero     0x20012060     0x1c  can2.o [1]
  .bss               zero     0x2001207c     0x14  can.o [1]
  .bss               zero     0x20012090     0x14  can.o [1]
  .bss               zero     0x200120a4     0x14  can2.o [1]
  .bss               zero     0x200120b8     0x14  can2.o [1]
  .bss               zero     0x200120cc     0x14  Can_Processor.o [1]
  .bss               zero     0x200120e0     0x14  main.o [1]
  .bss               zero     0x200120f4     0x14  main.o [1]
  .bss               zero     0x20012108     0x14  main.o [1]
  .bss               zero     0x2001211c     0x14  main.o [1]
  .bss               zero     0x20012130     0x14  main.o [1]
  .bss               zero     0x20012144     0x14  nodeMiscHelpers.o [1]
  .bss               zero     0x20012158     0x14  tasks.o [1]
  .bss               zero     0x2001216c     0x14  tasks.o [1]
  .bss               zero     0x20012180     0x14  tasks.o [1]
  .bss               zero     0x20012194     0x14  tasks.o [1]
  .bss               zero     0x200121a8     0x14  tasks.o [1]
  .bss               zero     0x200121bc     0x14  timers.o [1]
  .bss               zero     0x200121d0     0x14  timers.o [1]
  .bss               zero     0x200121e4     0x10  can.o [1]
  .bss               zero     0x200121f4     0x10  can.o [1]
  .bss               zero     0x20012204     0x10  can2.o [1]
  .bss               zero     0x20012214     0x10  can2.o [1]
  .bss               zero     0x20012224     0x10  ts_lib.o [1]
  .bss               zero     0x20012234      0x8  heap_4.o [1]
  .bss               zero     0x2001223c      0x4  can.o [1]
  .bss               zero     0x20012240      0x4  can.o [1]
  .bss               zero     0x20012244      0x4  can.o [1]
  .bss               zero     0x20012248      0x4  can.o [1]
  .bss               zero     0x2001224c      0x4  can.o [1]
  .bss               zero     0x20012250      0x4  can.o [1]
  .bss               zero     0x20012254      0x4  can2.o [1]
  .bss               zero     0x20012258      0x4  can2.o [1]
  .bss               zero     0x2001225c      0x4  can2.o [1]
  .bss               zero     0x20012260      0x4  can2.o [1]
  .bss               zero     0x20012264      0x4  can2.o [1]
  .bss               zero     0x20012268      0x4  can2.o [1]
  .bss               zero     0x2001226c      0x4  heap_4.o [1]
  .bss               zero     0x20012270      0x4  heap_4.o [1]
  .bss               zero     0x20012274      0x4  heap_4.o [1]
  .bss               zero     0x20012278      0x4  heap_4.o [1]
  .bss               zero     0x2001227c      0x4  main.o [1]
  .bss               zero     0x20012280      0x4  main.o [1]
  .bss               zero     0x20012284      0x4  main.o [1]
  .bss               zero     0x20012288      0x4  main.o [1]
  .bss               zero     0x2001228c      0x4  main.o [1]
  .bss               zero     0x20012290      0x4  main.o [1]
  .bss               zero     0x20012294      0x4  main.o [1]
  .bss               zero     0x20012298      0x4  main.o [1]
  .bss               zero     0x2001229c      0x4  main.o [1]
  .bss               zero     0x200122a0      0x4  main.o [1]
  .bss               zero     0x200122a4      0x4  main.o [1]
  .bss               zero     0x200122a8      0x4  main.o [1]
  .bss               zero     0x200122ac      0x4  main.o [1]
  .bss               zero     0x200122b0      0x4  main.o [1]
  .bss               zero     0x200122b4      0x4  main.o [1]
  .bss               zero     0x200122b8      0x4  main.o [1]
  .bss               zero     0x200122bc      0x4  main.o [1]
  .bss               zero     0x200122c0      0x4  main.o [1]
  .bss               zero     0x200122c4      0x4  nodeMiscHelpers.o [1]
  .bss               zero     0x200122c8      0x4  port.o [1]
  .bss               zero     0x200122cc      0x4  serial.o [1]
  .bss               zero     0x200122d0      0x4  stm32f4xx_hal.o [1]
  .bss               zero     0x200122d4      0x4  stm32f4xx_hal_msp.o [1]
  .bss               zero     0x200122d8      0x4  tasks.o [1]
  .bss               zero     0x200122dc      0x4  tasks.o [1]
  .bss               zero     0x200122e0      0x4  tasks.o [1]
  .bss               zero     0x200122e4      0x4  tasks.o [1]
  .bss               zero     0x200122e8      0x4  tasks.o [1]
  .bss               zero     0x200122ec      0x4  tasks.o [1]
  .bss               zero     0x200122f0      0x4  tasks.o [1]
  .bss               zero     0x200122f4      0x4  tasks.o [1]
  .bss               zero     0x200122f8      0x4  tasks.o [1]
  .bss               zero     0x200122fc      0x4  tasks.o [1]
  .bss               zero     0x20012300      0x4  tasks.o [1]
  .bss               zero     0x20012304      0x4  tasks.o [1]
  .bss               zero     0x20012308      0x4  tasks.o [1]
  .bss               zero     0x2001230c      0x4  tasks.o [1]
  .bss               zero     0x20012310      0x4  tasks.o [1]
  .bss               zero     0x20012314      0x4  timers.o [1]
  .bss               zero     0x20012318      0x4  timers.o [1]
  .bss               zero     0x2001231c      0x4  timers.o [1]
  .bss               zero     0x20012320      0x4  timers.o [1]
  .bss               zero     0x20012324      0x4  timers.o [1]
  .bss               zero     0x20012328      0x4  ts_lib.o [1]
  .bss               zero     0x2001232c      0x4  ts_lib.o [1]
  .bss               zero     0x20012330      0x4  ts_lib.o [1]
  .bss               zero     0x20012334      0x4  ts_lib.o [1]
  .bss               zero     0x20012338      0x2  serial.o [1]
  .bss               zero     0x2001233a      0x1  main.o [1]
  .bss               zero     0x2001233b      0x1  port.o [1]
  .bss               zero     0x2001233c      0x1  serial.o [1]
  .bss               zero     0x2001233d      0x1  serial.o [1]
  .bss               zero     0x2001233e      0x1  serial.o [1]
  .bss               zero     0x2001233f      0x1  ts_lib.o [1]
                            - 0x20012340  0x11f20


*******************************************************************************
*** INIT TABLE
***

          Address     Size
          -------     ----
Zero (__iar_zero_init3)
    1 destination range, total size 0x11f20:
          0x20000420  0x11f20

Copy (__iar_copy_init3)
    1 source range, total size 0x1c (107% of destination):
          0x08008f38     0x1c
    1 destination range, total size 0x1a:
          0x20000000     0x1a



*******************************************************************************
*** MODULE SUMMARY
***

    Module                        ro code  ro data  rw data
    ------                        -------  -------  -------
E:\Workspaces\James\Firmware_46_SW4STM\Gen9_ADS_46\EWARM\Gen9_ADS_46\Obj: [1]
    Can_Processor.o                    68        1       20
    can.o                           1 316        1      721
    can2.o                          1 604        1      721
    cmsis_os.o                        424
    freertos.o                          4
    heap_4.o                          652        4   65 560
    list.o                            158
    main.o                          3 782      285    1 185
    mcp3909.o                       1 476
    nodeMiscHelpers.o                 488        1       24
    port.o                            604        8        9
    portasm.o                         168
    queue.o                         2 436                64
    serial.o                          520       12    4 629
    startup_stm32f446xx.o             768
    stm32f4xx_hal.o                    92                 4
    stm32f4xx_hal_adc.o             1 428
    stm32f4xx_hal_can.o             2 700
    stm32f4xx_hal_cortex.o            392
    stm32f4xx_hal_dma.o             1 380        8
    stm32f4xx_hal_gpio.o              592
    stm32f4xx_hal_msp.o             1 412       76        4
    stm32f4xx_hal_rcc.o               552
    stm32f4xx_hal_rcc_ex.o          1 380
    stm32f4xx_hal_spi.o             2 664
    stm32f4xx_hal_tim.o               750
    stm32f4xx_hal_tim_ex.o              4
    stm32f4xx_hal_timebase_TIM.o      152                60
    stm32f4xx_hal_uart.o            2 226
    stm32f4xx_hal_wwdg.o               58
    stm32f4xx_it.o                    228
    system_stm32f4xx.o                108       28        4
    tasks.o                         3 032        8      300
    thermistor.o                      360      244        4
    timers.o                        1 220       16       60
    ts_lib.o                          520       12      161
    -------------------------------------------------------
    Total:                         35 718      705   73 530

command line: [2]
    -------------------------------------------------------
    Total:

dl7M_tlf.a: [3]
    exit.o                              4
    low_level_init.o                    4
    -------------------------------------------------------
    Total:                              8

m7M_tls.a: [4]
    fpinit_M.o                         34
    -------------------------------------------------------
    Total:                             34

rt7M_tl.a: [5]
    ABImemcpy.o                       166
    ABImemset.o                       102
    I64DivMod.o                       306
    I64DivZer.o                         2
    cexit.o                            10
    cmain.o                            26
    copy_init3.o                       44
    cstartup_M.o                       12
    data_init.o                        40
    zero_init3.o                       64
    -------------------------------------------------------
    Total:                            772

shb_l.a: [6]
    exit.o                             20
    -------------------------------------------------------
    Total:                             20

    Gaps                               17        4
    Linker created                              38    1 024
-----------------------------------------------------------
    Grand Total:                   36 569      747   74 554


*******************************************************************************
*** ENTRY LIST
***

Entry                      Address     Size  Type      Object
-----                      -------     ----  ----      ------
.iar.init_table$$Base   0x08008ed0            --   Gb  - Linker created -
.iar.init_table$$Limit  0x08008ef4            --   Gb  - Linker created -
?main                   0x08008ef5           Code  Gb  cmain.o [5]
ADC_DMAConvCplt         0x080030e1     0x6c  Code  Lc  stm32f4xx_hal_adc.o [1]
ADC_DMAError            0x0800315d     0x1a  Code  Lc  stm32f4xx_hal_adc.o [1]
ADC_DMAHalfConvCplt     0x0800314d      0xe  Code  Lc  stm32f4xx_hal_adc.o [1]
ADC_Init                0x08002f5d    0x166  Code  Lc  stm32f4xx_hal_adc.o [1]
AHBPrescTable           0x08008fd8     0x10  Data  Gb  system_stm32f4xx.o [1]
APBPrescTable           0x08009054      0x8  Data  Gb  system_stm32f4xx.o [1]
CAN1_ErrorCallback      0x08001913     0x32  Code  Gb  can.o [1]
CAN1_RX0_IRQHandler     0x08008c77      0xa  Code  Gb  stm32f4xx_it.o [1]
CAN1_RX1_IRQHandler     0x08008c81      0xa  Code  Gb  stm32f4xx_it.o [1]
CAN1_RxCpltCallback     0x0800187f     0x94  Code  Gb  can.o [1]
CAN1_RxCpltCallback::received
                        0x20012090     0x14  Data  Lc  can.o [1]
CAN1_SCE_IRQHandler     0x08008c8b      0xa  Code  Gb  stm32f4xx_it.o [1]
CAN1_TX_IRQHandler      0x08008c6d      0xa  Code  Gb  stm32f4xx_it.o [1]
CAN1_TxCpltCallback     0x08001867     0x18  Code  Gb  can.o [1]
CAN2_ErrorCallback      0x08001f57     0x32  Code  Gb  can2.o [1]
CAN2_RX0_IRQHandler     0x08008cdb      0xa  Code  Gb  stm32f4xx_it.o [1]
CAN2_RX1_IRQHandler     0x08008ce5      0xa  Code  Gb  stm32f4xx_it.o [1]
CAN2_RxCpltCallback     0x08001ec3     0x94  Code  Gb  can2.o [1]
CAN2_RxCpltCallback::received
                        0x200120b8     0x14  Data  Lc  can2.o [1]
CAN2_SCE_IRQHandler     0x08008cef      0xa  Code  Gb  stm32f4xx_it.o [1]
CAN2_TX_IRQHandler      0x08008cd1      0xa  Code  Gb  stm32f4xx_it.o [1]
CAN2_TxCpltCallback     0x08001eab     0x18  Code  Gb  can2.o [1]
CAN_Receive_IT          0x08003a43    0x1c2  Code  Lc  stm32f4xx_hal_can.o [1]
CAN_Transmit_IT         0x080039e5     0x5e  Code  Lc  stm32f4xx_hal_can.o [1]
CSTACK$$Base            0x20000020            --   Gb  - Linker created -
CSTACK$$Limit           0x20000420            --   Gb  - Linker created -
Can2_availableForTx     0x08001dad     0x20  Code  Gb  can2.o [1]
Can_Processor           0x080060a9     0x44  Code  Gb  Can_Processor.o [1]
Can_Processor::newFrame
                        0x200120cc     0x14  Data  Lc  Can_Processor.o [1]
Can_ProcessorHandle     0x20012280      0x4  Data  Gb  main.o [1]
Can_availableForTx      0x08001743     0x20  Code  Gb  can.o [1]
Can_filterCapacity      0x200121e4     0x10  Data  Lc  can.o [1]
Can_filterCapacity      0x20012204     0x10  Data  Lc  can2.o [1]
Can_filterUsage         0x200121f4     0x10  Data  Lc  can.o [1]
Can_filterUsage         0x20012214     0x10  Data  Lc  can2.o [1]
Can_filters             0x20011420    0x230  Data  Lc  can.o [1]
Can_filters             0x20011650    0x230  Data  Lc  can2.o [1]
DMA1_Stream3_IRQHandler
                        0x08008c45      0xa  Code  Gb  stm32f4xx_it.o [1]
DMA1_Stream4_IRQHandler
                        0x08008c4f      0xa  Code  Gb  stm32f4xx_it.o [1]
DMA1_Stream5_IRQHandler
                        0x08008c59      0xa  Code  Gb  stm32f4xx_it.o [1]
DMA1_Stream6_IRQHandler
                        0x08008c63      0xa  Code  Gb  stm32f4xx_it.o [1]
DMA2_Stream0_IRQHandler
                        0x08008cc7      0xa  Code  Gb  stm32f4xx_it.o [1]
DMA_CalcBaseAndBitshift
                        0x080081ed     0x30  Code  Lc  stm32f4xx_hal_dma.o [1]
DMA_CalcBaseAndBitshift::flagBitshiftOffset
                        0x0800904c      0x8  Data  Lc  stm32f4xx_hal_dma.o [1]
DMA_CheckFifoParam      0x08008235     0x9c  Code  Lc  stm32f4xx_hal_dma.o [1]
DMA_SetConfig           0x080081bf     0x2e  Code  Lc  stm32f4xx_hal_dma.o [1]
EM_Init                 0x08000b8f     0xe2  Code  Gb  main.o [1]
EXTI9_5_IRQHandler      0x08008c95     0x14  Code  Gb  stm32f4xx_it.o [1]
HAL_ADC_ConfigChannel   0x08002dd9    0x184  Code  Gb  stm32f4xx_hal_adc.o [1]
HAL_ADC_ConvCpltCallback
                        0x08002001     0xcc  Code  Gb  ts_lib.o [1]
HAL_ADC_ErrorCallback   0x080020cd      0xe  Code  Gb  ts_lib.o [1]
HAL_ADC_Init            0x08002be5     0x66  Code  Gb  stm32f4xx_hal_adc.o [1]
HAL_ADC_MspInit         0x08006637     0xdc  Code  Gb  stm32f4xx_hal_msp.o [1]
HAL_ADC_Start_DMA       0x08002c4b    0x12a  Code  Gb  stm32f4xx_hal_adc.o [1]
HAL_ADC_Stop_DMA        0x08002d75     0x64  Code  Gb  stm32f4xx_hal_adc.o [1]
HAL_CAN_ConfigFilter    0x08003321    0x10a  Code  Gb  stm32f4xx_hal_can.o [1]
HAL_CAN_ErrorCallback   0x08000af7     0x22  Code  Gb  main.o [1]
HAL_CAN_GetError        0x080039e1      0x4  Code  Gb  stm32f4xx_hal_can.o [1]
HAL_CAN_IRQHandler      0x080036f9    0x2d4  Code  Gb  stm32f4xx_hal_can.o [1]
HAL_CAN_Init            0x08003179    0x1a8  Code  Gb  stm32f4xx_hal_can.o [1]
HAL_CAN_MspInit         0x08006713    0x174  Code  Gb  stm32f4xx_hal_msp.o [1]
HAL_CAN_Receive_IT      0x080035eb    0x10e  Code  Gb  stm32f4xx_hal_can.o [1]
HAL_CAN_RxCpltCallback  0x08000ad5     0x22  Code  Gb  main.o [1]
HAL_CAN_Transmit_IT     0x08003431    0x1ba  Code  Gb  stm32f4xx_hal_can.o [1]
HAL_CAN_TxCpltCallback  0x08000ab1     0x24  Code  Gb  main.o [1]
HAL_DMA_Abort           0x08007eeb     0x9c  Code  Gb  stm32f4xx_hal_dma.o [1]
HAL_DMA_Abort_IT        0x08007f87     0x28  Code  Gb  stm32f4xx_hal_dma.o [1]
HAL_DMA_IRQHandler      0x08007faf    0x210  Code  Gb  stm32f4xx_hal_dma.o [1]
HAL_DMA_Init            0x08007d6d     0xe6  Code  Gb  stm32f4xx_hal_dma.o [1]
HAL_DMA_Start_IT        0x08007e53     0x98  Code  Gb  stm32f4xx_hal_dma.o [1]
HAL_GPIO_EXTI_Callback  0x08000b19     0x34  Code  Gb  main.o [1]
HAL_GPIO_EXTI_IRQHandler
                        0x08005107     0x1e  Code  Gb  stm32f4xx_hal_gpio.o [1]
HAL_GPIO_Init           0x08004f11    0x1e2  Code  Gb  stm32f4xx_hal_gpio.o [1]
HAL_GPIO_WritePin       0x080050f3     0x14  Code  Gb  stm32f4xx_hal_gpio.o [1]
HAL_GetTick             0x08007d61      0xc  Code  Wk  stm32f4xx_hal.o [1]
HAL_IncTick             0x08006531     0x10  Code  Wk  stm32f4xx_hal.o [1]
HAL_Init                0x0800108d     0x3a  Code  Gb  stm32f4xx_hal.o [1]
HAL_InitTick            0x08006541     0x86  Code  Gb  stm32f4xx_hal_timebase_TIM.o [1]
HAL_MspInit             0x080065d9     0x5e  Code  Gb  stm32f4xx_hal_msp.o [1]
HAL_NVIC_DisableIRQ     0x080011f9      0xe  Code  Gb  stm32f4xx_hal_cortex.o [1]
HAL_NVIC_EnableIRQ      0x080011eb      0xe  Code  Gb  stm32f4xx_hal_cortex.o [1]
HAL_NVIC_SetPriority    0x080011c5     0x26  Code  Gb  stm32f4xx_hal_cortex.o [1]
HAL_NVIC_SetPriorityGrouping
                        0x080011b9      0xc  Code  Gb  stm32f4xx_hal_cortex.o [1]
HAL_RCC_CAN1_CLK_ENABLED
                        0x200122d4      0x4  Data  Lc  stm32f4xx_hal_msp.o [1]
HAL_RCC_ClockConfig     0x080029bd    0x190  Code  Gb  stm32f4xx_hal_rcc.o [1]
HAL_RCC_GetClockConfig  0x08002b93     0x3a  Code  Gb  stm32f4xx_hal_rcc.o [1]
HAL_RCC_GetHCLKFreq     0x08002b4d      0x6  Code  Gb  stm32f4xx_hal_rcc.o [1]
HAL_RCC_GetPCLK1Freq    0x08002b53     0x20  Code  Gb  stm32f4xx_hal_rcc.o [1]
HAL_RCC_GetPCLK2Freq    0x08002b73     0x20  Code  Gb  stm32f4xx_hal_rcc.o [1]
HAL_RCC_GetSysClockFreq
                        0x08002459    0x136  Code  Gb  stm32f4xx_hal_rcc_ex.o [1]
HAL_RCC_OscConfig       0x08002599    0x3ee  Code  Gb  stm32f4xx_hal_rcc_ex.o [1]
HAL_SPI_IRQHandler      0x080042e3    0x112  Code  Gb  stm32f4xx_hal_spi.o [1]
HAL_SPI_Init            0x08003c05     0x8e  Code  Gb  stm32f4xx_hal_spi.o [1]
HAL_SPI_MspInit         0x08006887    0x132  Code  Gb  stm32f4xx_hal_msp.o [1]
HAL_SPI_Transmit        0x08003c93    0x1ae  Code  Gb  stm32f4xx_hal_spi.o [1]
HAL_SPI_TransmitReceive
                        0x08003e41    0x288  Code  Gb  stm32f4xx_hal_spi.o [1]
HAL_SPI_TransmitReceive_DMA
                        0x080041a1    0x142  Code  Gb  stm32f4xx_hal_spi.o [1]
HAL_SPI_Transmit_DMA    0x080040c9     0xd8  Code  Gb  stm32f4xx_hal_spi.o [1]
HAL_SPI_TxCpltCallback  0x08000b73     0x1c  Code  Gb  main.o [1]
HAL_SPI_TxRxCpltCallback
                        0x08000b4d     0x26  Code  Gb  main.o [1]
HAL_SYSTICK_CLKSourceConfig
                        0x0800120f     0x20  Code  Gb  stm32f4xx_hal_cortex.o [1]
HAL_SYSTICK_Config      0x08001207      0x8  Code  Gb  stm32f4xx_hal_cortex.o [1]
HAL_TIMEx_BreakCallback
                        0x08008b41      0x2  Code  Wk  stm32f4xx_hal_tim_ex.o [1]
HAL_TIMEx_CommutationCallback
                        0x08008b45      0x2  Code  Wk  stm32f4xx_hal_tim_ex.o [1]
HAL_TIM_Base_Init       0x080086b5     0x38  Code  Gb  stm32f4xx_hal_tim.o [1]
HAL_TIM_Base_Start_IT   0x080086ed     0x1e  Code  Gb  stm32f4xx_hal_tim.o [1]
HAL_TIM_IRQHandler      0x0800870b    0x176  Code  Gb  stm32f4xx_hal_tim.o [1]
HAL_TIM_PeriodElapsedCallback
                        0x08000fe5     0x12  Code  Gb  main.o [1]
HAL_UART_GetState       0x08004973     0x18  Code  Gb  stm32f4xx_hal_uart.o [1]
HAL_UART_IRQHandler     0x08004827    0x14c  Code  Gb  stm32f4xx_hal_uart.o [1]
HAL_UART_Init           0x08004665     0x76  Code  Gb  stm32f4xx_hal_uart.o [1]
HAL_UART_MspInit        0x080069b9    0x11a  Code  Gb  stm32f4xx_hal_msp.o [1]
HAL_UART_Receive_DMA    0x08004771     0xb6  Code  Gb  stm32f4xx_hal_uart.o [1]
HAL_UART_RxCpltCallback
                        0x08001269     0x1a  Code  Gb  serial.o [1]
HAL_UART_Transmit_DMA   0x080046db     0x96  Code  Gb  stm32f4xx_hal_uart.o [1]
HAL_UART_TxCpltCallback
                        0x08001377     0x14  Code  Gb  serial.o [1]
HAL_WWDG_Init           0x080021cd     0x2e  Code  Gb  stm32f4xx_hal_wwdg.o [1]
HAL_WWDG_MspInit        0x08006ad3     0x2a  Code  Gb  stm32f4xx_hal_msp.o [1]
HAL_WWDG_Refresh        0x080021fb      0xc  Code  Gb  stm32f4xx_hal_wwdg.o [1]
HBTmrHandle             0x200122a4      0x4  Data  Gb  main.o [1]
HousekeepingHandle      0x2001228c      0x4  Data  Gb  main.o [1]
MCPTaskHandle           0x20012288      0x4  Data  Gb  main.o [1]
MX_ADC1_Init            0x080004ff     0xf0  Code  Lc  main.o [1]
MX_CAN1_Init            0x080005ef     0x82  Code  Lc  main.o [1]
MX_CAN2_Init            0x08000671     0x84  Code  Lc  main.o [1]
MX_DMA_Init             0x08000821     0x98  Code  Lc  main.o [1]
MX_GPIO_Init            0x080008b9    0x1f8  Code  Lc  main.o [1]
MX_SPI2_Init            0x080006f5     0x82  Code  Lc  main.o [1]
MX_USART2_UART_Init     0x08000777     0x60  Code  Lc  main.o [1]
MX_WWDG_Init            0x080007d7     0x4a  Code  Lc  main.o [1]
NTC_10K_3984B_Table     0x08008b4c     0xf0  Data  Gb  thermistor.o [1]
NVIC_DisableIRQ         0x0800110b     0x16  Code  Lc  stm32f4xx_hal_cortex.o [1]
NVIC_EnableIRQ          0x080010f5     0x16  Code  Lc  stm32f4xx_hal_cortex.o [1]
NVIC_EncodePriority     0x08001147     0x42  Code  Lc  stm32f4xx_hal_cortex.o [1]
NVIC_GetPriorityGrouping
                        0x080010eb      0xa  Code  Lc  stm32f4xx_hal_cortex.o [1]
NVIC_SetPriority        0x08001121     0x26  Code  Lc  stm32f4xx_hal_cortex.o [1]
NVIC_SetPriorityGrouping
                        0x080010cd     0x1e  Code  Lc  stm32f4xx_hal_cortex.o [1]
NVIC_SystemReset        0x080001c5     0x22  Code  Lc  main.o [1]
NVIC_SystemReset        0x08006349     0x1c  Code  Lc  nodeMiscHelpers.o [1]
PPTPollHandle           0x2001227c      0x4  Data  Gb  main.o [1]
PendSV_Handler          0x0800860d           Code  Gb  portasm.o [1]
Region$$Table$$Base     0x08008ed0            --   Gb  - Linker created -
Region$$Table$$Limit    0x08008ef4            --   Gb  - Linker created -
SPI2_IRQHandler         0x08008ca9      0xa  Code  Gb  stm32f4xx_it.o [1]
SPI_CheckFlag_BSY       0x08004637     0x2c  Code  Lc  stm32f4xx_hal_spi.o [1]
SPI_DMAAbortOnError     0x0800457d     0x16  Code  Lc  stm32f4xx_hal_spi.o [1]
SPI_DMAError            0x08004555     0x28  Code  Lc  stm32f4xx_hal_spi.o [1]
SPI_DMAHalfReceiveCplt  0x08004535      0xe  Code  Lc  stm32f4xx_hal_spi.o [1]
SPI_DMAHalfTransmitCplt
                        0x08004525      0xe  Code  Lc  stm32f4xx_hal_spi.o [1]
SPI_DMAHalfTransmitReceiveCplt
                        0x08004545      0xe  Code  Lc  stm32f4xx_hal_spi.o [1]
SPI_DMAReceiveCplt      0x08004469     0x5e  Code  Lc  stm32f4xx_hal_spi.o [1]
SPI_DMATransmitCplt     0x080043f5     0x72  Code  Lc  stm32f4xx_hal_spi.o [1]
SPI_DMATransmitReceiveCplt
                        0x080044c9     0x5c  Code  Lc  stm32f4xx_hal_spi.o [1]
SPI_WaitFlagStateUntilTimeout
                        0x08004595     0xa2  Code  Lc  stm32f4xx_hal_spi.o [1]
SVC_Handler             0x08008665           Code  Gb  portasm.o [1]
Serial2_Buffer_tx       0x20010420   0x1000  Data  Lc  serial.o [1]
Serial2_Ovf             0x2001233c      0x1  Data  Lc  serial.o [1]
Serial2_availableForWrite
                        0x08001283     0x1e  Code  Gb  serial.o [1]
Serial2_available_tx    0x080012a1     0x4c  Code  Lc  serial.o [1]
Serial2_begin           0x08001255     0x14  Code  Gb  serial.o [1]
Serial2_buffer          0x20011880    0x200  Data  Gb  serial.o [1]
Serial2_dequeue_tx      0x080012ed     0x2e  Code  Lc  serial.o [1]
Serial2_head_tx         0x20000008      0x4  Data  Lc  serial.o [1]
Serial2_max_tx          0x2000000c      0x4  Data  Lc  serial.o [1]
Serial2_ovf_tx          0x2001233d      0x1  Data  Lc  serial.o [1]
Serial2_tail_tx         0x20000004      0x4  Data  Lc  serial.o [1]
Serial2_writeBytes      0x0800138b     0xa4  Code  Gb  serial.o [1]
SysTick_Config          0x08001189     0x30  Code  Lc  stm32f4xx_hal_cortex.o [1]
SysTick_Handler         0x08008c3d      0x8  Code  Gb  stm32f4xx_it.o [1]
SystemClock_Config      0x08000423     0xdc  Code  Gb  main.o [1]
SystemCoreClock         0x20000010      0x4  Data  Gb  system_stm32f4xx.o [1]
SystemInit              0x08008d21     0x4c  Code  Gb  system_stm32f4xx.o [1]
TIM6_DAC_IRQHandler     0x08008cbd      0xa  Code  Gb  stm32f4xx_it.o [1]
TIM_Base_SetConfig      0x08008881     0xea  Code  Gb  stm32f4xx_hal_tim.o [1]
TempTaskHandle          0x20012284      0x4  Data  Gb  main.o [1]
Temp_begin              0x080020db     0x48  Code  Gb  ts_lib.o [1]
TmrKickDog              0x08000f19     0x14  Code  Gb  main.o [1]
TmrSendHB               0x08000f59     0x82  Code  Gb  main.o [1]
TmrSendHB::newFrame     0x20012130     0x14  Data  Lc  main.o [1]
UART_DMAAbortOnError    0x08004ab9     0x16  Code  Lc  stm32f4xx_hal_uart.o [1]
UART_DMAError           0x08004a25     0x5c  Code  Lc  stm32f4xx_hal_uart.o [1]
UART_DMAReceiveCplt     0x080049d1     0x44  Code  Lc  stm32f4xx_hal_uart.o [1]
UART_DMARxHalfCplt      0x08004a15      0xe  Code  Lc  stm32f4xx_hal_uart.o [1]
UART_DMATransmitCplt    0x0800498d     0x34  Code  Lc  stm32f4xx_hal_uart.o [1]
UART_DMATxHalfCplt      0x080049c1      0xe  Code  Lc  stm32f4xx_hal_uart.o [1]
UART_EndRxTransfer      0x08004a95     0x20  Code  Lc  stm32f4xx_hal_uart.o [1]
UART_EndTransmit_IT     0x08004b3f     0x20  Code  Lc  stm32f4xx_hal_uart.o [1]
UART_EndTxTransfer      0x08004a81     0x14  Code  Lc  stm32f4xx_hal_uart.o [1]
UART_Receive_IT         0x08004b5f     0xa2  Code  Lc  stm32f4xx_hal_uart.o [1]
UART_SetConfig          0x08004c01    0x302  Code  Lc  stm32f4xx_hal_uart.o [1]
UART_Transmit_IT        0x08004ad1     0x6e  Code  Lc  stm32f4xx_hal_uart.o [1]
USART2_IRQHandler       0x08008cb3      0xa  Code  Gb  stm32f4xx_it.o [1]
WWDGTmrHandle           0x200122a0      0x4  Data  Gb  main.o [1]
_Error_Handler          0x08001089      0x2  Code  Gb  main.o [1]
__aeabi_ldiv0           0x08008b49           Code  Gb  I64DivZer.o [5]
__aeabi_ldivmod         0x0800899d           Code  Gb  I64DivMod.o [5]
__aeabi_memcpy          0x080023b1           Code  Gb  ABImemcpy.o [5]
__aeabi_memcpy4         0x080023d1           Code  Gb  ABImemcpy.o [5]
__aeabi_memcpy8         0x080023d1           Code  Gb  ABImemcpy.o [5]
__aeabi_memset          0x08008ad1           Code  Gb  ABImemset.o [5]
__aeabi_uldivmod        0x080089e1           Code  Gb  I64DivMod.o [5]
__cmain                 0x08008ef5           Code  Gb  cmain.o [5]
__exit                  0x08008f25     0x14  Code  Gb  exit.o [6]
__iar_Memset            0x08008ad1           Code  Gb  ABImemset.o [5]
__iar_Memset_word       0x08008ad9           Code  Gb  ABImemset.o [5]
__iar_copy_init3        0x08008e59     0x2c  Code  Gb  copy_init3.o [5]
__iar_data_init3        0x08008e85     0x28  Code  Gb  data_init.o [5]
__iar_init_vfp          0x08008ead           Code  Gb  fpinit_M.o [4]
__iar_program_start     0x08009011           Code  Gb  cstartup_M.o [5]
__iar_systems$$module {Abs}
                        0x00000001           Data  Gb  command line/config [2]
__iar_zero_init3        0x08008e19     0x40  Code  Gb  zero_init3.o [5]
__low_level_init        0x08008f0f      0x4  Code  Gb  low_level_init.o [3]
__vector_table          0x08000000           Data  Gb  startup_stm32f446xx.o [1]
_call_main              0x08008f01           Code  Gb  cmain.o [5]
_exit                   0x08008f19           Code  Gb  cexit.o [5]
_main                   0x08008f0b           Code  Gb  cmain.o [5]
_mcp3909_SPI_WriteReg   0x08005161     0x42  Code  Gb  mcp3909.o [1]
adc_to_microCelcius     0x08006c0d     0xa8  Code  Gb  thermistor.o [1]
adc_to_nanovolts        0x08006b5d     0x2a  Code  Gb  thermistor.o [1]
aggregate               0x20011ef8     0x40  Data  Lc  ts_lib.o [1]
binarySearchOver        0x08006bbb     0x52  Code  Gb  thermistor.o [1]
bxCan2DoTx              0x08001dcd     0xde  Code  Gb  can2.o [1]
bxCan2DoTx{1}{2}::toSend
                        0x200120a4     0x14  Data  Lc  can2.o [1]
bxCan2_Ercb             0x20012268      0x4  Data  Lc  can2.o [1]
bxCan2_Rxcb             0x20012264      0x4  Data  Lc  can2.o [1]
bxCan2_Txcb             0x20012260      0x4  Data  Lc  can2.o [1]
bxCan2_addMaskedFilterExt
                        0x08001c35    0x144  Code  Gb  can2.o [1]
bxCan2_addMaskedFilterStd
                        0x080019df    0x256  Code  Gb  can2.o [1]
bxCan2_begin            0x08001983     0x5c  Code  Gb  can2.o [1]
bxCan2_getFilterNum     0x08001d79     0x34  Code  Gb  can2.o [1]
bxCanDoTx               0x08001763     0xde  Code  Gb  can.o [1]
bxCanDoTx{1}{2}::toSend
                        0x2001207c     0x14  Data  Lc  can.o [1]
bxCan_Ercb              0x20012250      0x4  Data  Lc  can.o [1]
bxCan_Rxcb              0x2001224c      0x4  Data  Lc  can.o [1]
bxCan_Txcb              0x20012248      0x4  Data  Lc  can.o [1]
bxCan_addMaskedFilterStd
                        0x080014bb    0x254  Code  Gb  can.o [1]
bxCan_begin             0x0800145f     0x5c  Code  Gb  can.o [1]
bxCan_getFilterNum      0x0800170f     0x34  Code  Gb  can.o [1]
bxCan_sendFrame         0x08001841     0x26  Code  Gb  can.o [1]
bytesToReg              0x080056d5     0x12  Code  Gb  mcp3909.o [1]
can2RxQHandle           0x2001229c      0x4  Data  Gb  main.o [1]
can2TxQHandle           0x20012298      0x4  Data  Gb  main.o [1]
convInProg              0x2001233f      0x1  Data  Lc  ts_lib.o [1]
currentWrite            0x20012338      0x2  Data  Lc  serial.o [1]
dmaBuffer               0x20012224     0x10  Data  Lc  ts_lib.o [1]
doHousekeeping          0x08000e4d     0xc4  Code  Gb  main.o [1]
doHousekeeping::bamboozle
                        0x200122bc      0x4  Data  Lc  main.o [1]
doHousekeeping::bamboozle2
                        0x200122c0      0x4  Data  Lc  main.o [1]
doMCPTask               0x08000d35     0xc8  Code  Gb  main.o [1]
doMCPTask::newFrame     0x2001211c     0x14  Data  Lc  main.o [1]
doMCPTask::previousWaitTime
                        0x200122b8      0x4  Data  Lc  main.o [1]
doPPTPoll               0x08000c71     0x22  Code  Gb  main.o [1]
doPPTPoll::newFrame     0x200120f4     0x14  Data  Lc  main.o [1]
doProcessCan            0x08000c93      0xa  Code  Gb  main.o [1]
doTempTask              0x08000c9d     0x84  Code  Gb  main.o [1]
doTempTask::newFrame    0x20012108     0x14  Data  Lc  main.o [1]
doTx                    0x0800131b     0x5c  Code  Lc  serial.o [1]
doTx::txavail           0x200122cc      0x4  Data  Lc  serial.o [1]
empty                   0x0800145d      0x2  Code  Lc  can.o [1]
empty                   0x08001981      0x2  Code  Lc  can2.o [1]
executeCommand          0x08006365    0x128  Code  Gb  nodeMiscHelpers.o [1]
executeCommand{1}{2}{5}{6}::newFrame
                        0x20012144     0x14  Data  Lc  nodeMiscHelpers.o [1]
exit                    0x08008f13      0x4  Code  Gb  exit.o [3]
firmwareString          0x08009088      0x4  Data  Lc  main.o [1]
getMicroCelcius         0x0800215b     0x42  Code  Gb  ts_lib.o [1]
getMicroCelcius::c      0x20012334      0x4  Data  Lc  ts_lib.o [1]
getMicroCelcius::n      0x20012330      0x4  Data  Lc  ts_lib.o [1]
getSelfState            0x0800648d     0x2e  Code  Gb  nodeMiscHelpers.o [1]
hadc                    0x20012328      0x4  Data  Lc  ts_lib.o [1]
hadc1                   0x20011da8     0x48  Data  Gb  main.o [1]
hcan1                   0x20011df0     0x44  Data  Gb  main.o [1]
hcan2                   0x20011e34     0x44  Data  Gb  main.o [1]
hcan2_handle            0x20012254      0x4  Data  Lc  can2.o [1]
hcan_handle             0x2001223c      0x4  Data  Lc  can.o [1]
hdma_adc1               0x20011b70     0x60  Data  Gb  main.o [1]
hdma_spi2_rx            0x20011bd0     0x60  Data  Gb  main.o [1]
hdma_spi2_tx            0x20011c30     0x60  Data  Gb  main.o [1]
hdma_usart2_rx          0x20011c90     0x60  Data  Gb  main.o [1]
hdma_usart2_tx          0x20011cf0     0x60  Data  Gb  main.o [1]
hmcp1                   0x20011b0c     0x64  Data  Gb  main.o [1]
hspi2                   0x20011d50     0x58  Data  Gb  main.o [1]
htim6                   0x20011f78     0x3c  Data  Gb  stm32f4xx_hal_timebase_TIM.o [1]
huart2                  0x20011e78     0x40  Data  Gb  main.o [1]
hwwdg                   0x200120e0     0x14  Data  Gb  main.o [1]
inHandlerMode           0x0800221b     0x12  Code  Lc  cmsis_os.o [1]
init_Done               0x2001233a      0x1  Data  Gb  main.o [1]
lut                     0x20000014      0x4  Data  Gb  thermistor.o [1]
main                    0x080001e7    0x23c  Code  Gb  main.o [1]
mainCanRxQHandle        0x20012294      0x4  Data  Gb  main.o [1]
mainCanTxQHandle        0x20012290      0x4  Data  Gb  main.o [1]
makeFreeRtosPriority    0x08002209     0x12  Code  Lc  cmsis_os.o [1]
mcp3909_DRHandle        0x200122b0      0x4  Data  Gb  main.o [1]
mcp3909_RXHandle        0x200122b4      0x4  Data  Gb  main.o [1]
mcp3909_SPI_ReadReg     0x080051a3     0xc8  Code  Gb  mcp3909.o [1]
mcp3909_SPI_ReadRegSync
                        0x080052db    0x100  Code  Gb  mcp3909.o [1]
mcp3909_SPI_ReadType    0x080053db     0x10  Code  Gb  mcp3909.o [1]
mcp3909_SPI_WriteRegSync
                        0x0800526b     0x70  Code  Gb  mcp3909.o [1]
mcp3909_init            0x080053ed    0x1a0  Code  Gb  mcp3909.o [1]
mcp3909_parseChannelData
                        0x080056f9     0x2c  Code  Gb  mcp3909.o [1]
mcp3909_readAllChannels
                        0x080056c9      0xc  Code  Gb  mcp3909.o [1]
mcp3909_sleep           0x080055ef     0x50  Code  Gb  mcp3909.o [1]
mcp3909_verify          0x0800558d     0x62  Code  Gb  mcp3909.o [1]
mcp3909_wakeup          0x08005641     0x7a  Code  Gb  mcp3909.o [1]
mcpRxBuf                0x20011ffc     0x24  Data  Gb  main.o [1]
mcpTxBuf                0x20012020     0x24  Data  Gb  main.o [1]
nanovolts_to_milliohms  0x08006b87     0x34  Code  Gb  thermistor.o [1]
not_in_use              0x20000018      0x1  Data  Lc  can.o [1]
not_in_use              0x20000019      0x1  Data  Lc  can2.o [1]
osDelay                 0x0800227b     0x1c  Code  Gb  cmsis_os.o [1]
osDelayUntil            0x08002391     0x20  Code  Gb  cmsis_os.o [1]
osKernelStart           0x0800222d      0xa  Code  Gb  cmsis_os.o [1]
osKernelSysTick         0x08002237     0x16  Code  Gb  cmsis_os.o [1]
osMessageCreate         0x0800236d     0x10  Code  Gb  cmsis_os.o [1]
osMutexCreate           0x0800232d      0xc  Code  Gb  cmsis_os.o [1]
osSemaphoreCreate       0x08002339     0x2e  Code  Gb  cmsis_os.o [1]
osSystickHandler        0x0800237d     0x10  Code  Gb  cmsis_os.o [1]
osThreadCreate          0x0800224d     0x2e  Code  Gb  cmsis_os.o [1]
osTimerCreate           0x08002297     0x22  Code  Gb  cmsis_os.o [1]
osTimerStart            0x080022b9     0x74  Code  Gb  cmsis_os.o [1]
pcInterruptPriorityRegisters
                        0x08009094      0x4  Data  Lc  port.o [1]
prvAddCurrentTaskToDelayedList
                        0x080077c9     0x7e  Code  Lc  tasks.o [1]
prvAddNewTaskToReadyList
                        0x08006e15     0xba  Code  Lc  tasks.o [1]
prvCheckForValidListAndQueue
                        0x08007ceb     0x4c  Code  Lc  timers.o [1]
prvCheckTasksWaitingTermination
                        0x080075b5     0x5a  Code  Lc  tasks.o [1]
prvCopyDataFromQueue    0x08005f4b     0x30  Code  Lc  queue.o [1]
prvCopyDataToQueue      0x08005eb1     0x9a  Code  Lc  queue.o [1]
prvDeleteTCB            0x0800760f     0x12  Code  Lc  tasks.o [1]
prvGetNextExpireTime    0x08007acb     0x2e  Code  Lc  timers.o [1]
prvHeapInit             0x0800851d     0x6e  Code  Lc  heap_4.o [1]
prvIdleTask             0x08007531     0x24  Code  Lc  tasks.o [1]
prvInitialiseMutex      0x08005847     0x22  Code  Lc  queue.o [1]
prvInitialiseNewQueue   0x08005815     0x32  Code  Lc  queue.o [1]
prvInitialiseNewTask    0x08006d45     0xd0  Code  Lc  tasks.o [1]
prvInitialiseNewTimer   0x0800791b     0x46  Code  Lc  timers.o [1]
prvInitialiseTaskLists  0x0800755d     0x58  Code  Lc  tasks.o [1]
prvInsertBlockIntoFreeList
                        0x0800858b     0x62  Code  Lc  heap_4.o [1]
prvInsertTimerInActiveList
                        0x08007b21     0x50  Code  Lc  timers.o [1]
prvIsQueueEmpty         0x08005fe9     0x20  Code  Lc  queue.o [1]
prvIsQueueFull          0x08006009     0x22  Code  Lc  queue.o [1]
prvProcessExpiredTimer  0x080079e5     0x5c  Code  Lc  timers.o [1]
prvProcessReceivedCommands
                        0x08007b71     0xde  Code  Lc  timers.o [1]
prvProcessTimerOrBlockTask
                        0x08007a5b     0x70  Code  Lc  timers.o [1]
prvResetNextTaskUnblockTime
                        0x08007621     0x26  Code  Lc  tasks.o [1]
prvSampleTimeNow        0x08007af9     0x28  Code  Lc  timers.o [1]
prvSampleTimeNow::xLastTime
                        0x20012324      0x4  Data  Lc  timers.o [1]
prvSwitchTimerLists     0x08007c4f     0x9c  Code  Lc  timers.o [1]
prvTaskExitError        0x08006115     0x2a  Code  Lc  port.o [1]
prvTimerTask            0x08007a41     0x1a  Code  Lc  timers.o [1]
prvUnlockQueue          0x08005f7b     0x6e  Code  Lc  queue.o [1]
pvPortMalloc            0x08008381    0x122  Code  Gb  heap_4.o [1]
pvTaskIncrementMutexHeldCount
                        0x080077b1     0x18  Code  Gb  tasks.o [1]
pxCurrentTCB            0x200122d8      0x4  Data  Gb  tasks.o [1]
pxCurrentTimerList      0x20012314      0x4  Data  Lc  timers.o [1]
pxDelayedTaskList       0x200122dc      0x4  Data  Lc  tasks.o [1]
pxEnd                   0x2001226c      0x4  Data  Lc  heap_4.o [1]
pxOverflowDelayedTaskList
                        0x200122e0      0x4  Data  Lc  tasks.o [1]
pxOverflowTimerList     0x20012318      0x4  Data  Lc  timers.o [1]
pxPortInitialiseStack   0x080060ed     0x28  Code  Gb  port.o [1]
pxReadyTasksLists       0x20011a80     0x8c  Data  Lc  tasks.o [1]
regToBytes              0x080056e7     0x12  Code  Gb  mcp3909.o [1]
resetReading            0x08002123     0x38  Code  Gb  ts_lib.o [1]
rxFrameBuf              0x20011fb4     0x24  Data  Lc  can.o [1]
rxFrameBuf              0x20011fd8     0x24  Data  Lc  can2.o [1]
rxQ                     0x20012240      0x4  Data  Lc  can.o [1]
rxQ                     0x20012258      0x4  Data  Lc  can2.o [1]
sampleCount             0x20011f38     0x40  Data  Lc  ts_lib.o [1]
selfNodeID              0x0800108a      0x1  Data  Lc  Can_Processor.o [1]
selfNodeID              0x0800108b      0x1  Data  Lc  main.o [1]
selfNodeID              0x08002206      0x1  Data  Lc  nodeMiscHelpers.o [1]
selfStatusWord          0x200122c4      0x4  Data  Gb  nodeMiscHelpers.o [1]
soft_shutdown           0x080064bb     0x56  Code  Gb  nodeMiscHelpers.o [1]
swMtxHandle             0x200122a8      0x4  Data  Gb  main.o [1]
switchChannel           0x08001fc5     0x3c  Code  Lc  ts_lib.o [1]
tempMtxHandle           0x2001232c      0x4  Data  Lc  ts_lib.o [1]
txFrameBuf              0x20012044     0x1c  Data  Lc  can.o [1]
txFrameBuf              0x20012060     0x1c  Data  Lc  can2.o [1]
txQ                     0x20012244      0x4  Data  Lc  can.o [1]
txQ                     0x2001225c      0x4  Data  Lc  can2.o [1]
txWillTrigger           0x2001233e      0x1  Data  Lc  serial.o [1]
uartMtxHandle           0x200122ac      0x4  Data  Gb  main.o [1]
ucHeap                  0x20000420  0x10000  Data  Lc  heap_4.o [1]
ucMaxSysCallPriority    0x2001233b      0x1  Data  Lc  port.o [1]
ulMaxPRIGROUPValue      0x200122c8      0x4  Data  Lc  port.o [1]
uwTick                  0x200122d0      0x4  Data  Gb  stm32f4xx_hal.o [1]
uxCriticalNesting       0x20000000      0x4  Data  Lc  port.o [1]
uxCurrentNumberOfTasks  0x200122e8      0x4  Data  Lc  tasks.o [1]
uxDeletedTasksWaitingCleanUp
                        0x200122e4      0x4  Data  Lc  tasks.o [1]
uxListRemove            0x08008359     0x28  Code  Gb  list.o [1]
uxPendedTicks           0x200122f8      0x4  Data  Lc  tasks.o [1]
uxQueueMessagesWaiting  0x08005e6d     0x28  Code  Gb  queue.o [1]
uxQueueMessagesWaitingFromISR
                        0x08005e95     0x1c  Code  Gb  queue.o [1]
uxSchedulerSuspended    0x20012310      0x4  Data  Lc  tasks.o [1]
uxTaskNumber            0x20012304      0x4  Data  Lc  tasks.o [1]
uxTopReadyPriority      0x200122f0      0x4  Data  Lc  tasks.o [1]
vApplicationMallocFailedHook
                        0x08008b39      0x2  Code  Wk  freertos.o [1]
vApplicationStackOverflowHook
                        0x08008b37      0x2  Code  Wk  freertos.o [1]
vListInitialise         0x080082e3     0x1e  Code  Gb  list.o [1]
vListInitialiseItem     0x08008301      0x6  Code  Gb  list.o [1]
vListInsert             0x0800831f     0x3a  Code  Gb  list.o [1]
vListInsertEnd          0x08008307     0x18  Code  Gb  list.o [1]
vPortEnableVFP          0x08008699           Code  Gb  portasm.o [1]
vPortEnterCritical      0x0800620b     0x3a  Code  Gb  port.o [1]
vPortExitCritical       0x08006245     0x32  Code  Gb  port.o [1]
vPortFree               0x080084a3     0x7a  Code  Gb  heap_4.o [1]
vPortStartFirstTask     0x08008681           Code  Gb  portasm.o [1]
vPortValidateInterruptPriority
                        0x080062a1     0x50  Code  Gb  port.o [1]
vQueueAddToRegistry     0x0800602b     0x28  Code  Gb  queue.o [1]
vQueueWaitForMessageRestricted
                        0x0800605d     0x4c  Code  Gb  queue.o [1]
vTaskDelay              0x08006f81     0x4e  Code  Gb  tasks.o [1]
vTaskDelayUntil         0x08006ecf     0xb2  Code  Gb  tasks.o [1]
vTaskMissedYield        0x08007527      0xa  Code  Gb  tasks.o [1]
vTaskPlaceOnEventList   0x0800734d     0x34  Code  Gb  tasks.o [1]
vTaskPlaceOnEventListRestricted
                        0x08007399     0x40  Code  Gb  tasks.o [1]
vTaskPriorityInherit    0x08007669     0x98  Code  Gb  tasks.o [1]
vTaskSetTimeOutState    0x0800746d     0x26  Code  Gb  tasks.o [1]
vTaskStartScheduler     0x08006fcf     0x74  Code  Gb  tasks.o [1]
vTaskSuspendAll         0x08007043     0x10  Code  Gb  tasks.o [1]
vTaskSwitchContext      0x0800729b     0xb2  Code  Gb  tasks.o [1]
xActiveTimerList1       0x200121bc     0x14  Data  Lc  timers.o [1]
xActiveTimerList2       0x200121d0     0x14  Data  Lc  timers.o [1]
xBlockAllocatedBit      0x20012278      0x4  Data  Lc  heap_4.o [1]
xDelayedTaskList1       0x20012158     0x14  Data  Lc  tasks.o [1]
xDelayedTaskList2       0x2001216c     0x14  Data  Lc  tasks.o [1]
xFreeBytesRemaining     0x20012270      0x4  Data  Lc  heap_4.o [1]
xHeapStructSize         0x08009074      0x4  Data  Lc  heap_4.o [1]
xIdleTaskHandle         0x2001230c      0x4  Data  Lc  tasks.o [1]
xMinimumEverFreeBytesRemaining
                        0x20012274      0x4  Data  Lc  heap_4.o [1]
xNextTaskUnblockTime    0x20012308      0x4  Data  Lc  tasks.o [1]
xNumOfOverflows         0x20012300      0x4  Data  Lc  tasks.o [1]
xPendingReadyList       0x20012180     0x14  Data  Lc  tasks.o [1]
xPortStartScheduler     0x0800613f     0xcc  Code  Gb  port.o [1]
xPortSysTickHandler     0x08006277     0x28  Code  Gb  port.o [1]
xQueueCreateMutex       0x08005869     0x20  Code  Gb  queue.o [1]
xQueueGenericCreate     0x080057bd     0x58  Code  Gb  queue.o [1]
xQueueGenericReceive    0x08005bdf    0x1d8  Code  Gb  queue.o [1]
xQueueGenericReset      0x08005725     0x98  Code  Gb  queue.o [1]
xQueueGenericSend       0x08005889    0x1a6  Code  Gb  queue.o [1]
xQueueGenericSendFromISR
                        0x08005a2f     0xe6  Code  Gb  queue.o [1]
xQueueGiveFromISR       0x08005b15     0xca  Code  Gb  queue.o [1]
xQueueReceiveFromISR    0x08005db7     0xb6  Code  Gb  queue.o [1]
xQueueRegistry          0x20011eb8     0x40  Data  Gb  queue.o [1]
xSchedulerRunning       0x200122f4      0x4  Data  Lc  tasks.o [1]
xStart                  0x20012234      0x8  Data  Lc  heap_4.o [1]
xSuspendedTaskList      0x200121a8     0x14  Data  Lc  tasks.o [1]
xTaskCheckForTimeOut    0x0800749d     0x8a  Code  Gb  tasks.o [1]
xTaskCreate             0x08006cc5     0x80  Code  Gb  tasks.o [1]
xTaskGetSchedulerState  0x08007647     0x22  Code  Gb  tasks.o [1]
xTaskGetTickCount       0x0800714f      0xa  Code  Gb  tasks.o [1]
xTaskGetTickCountFromISR
                        0x08007159     0x16  Code  Gb  tasks.o [1]
xTaskIncrementTick      0x0800716f    0x12c  Code  Gb  tasks.o [1]
xTaskPriorityDisinherit
                        0x08007705     0xac  Code  Gb  tasks.o [1]
xTaskRemoveFromEventList
                        0x080073d9     0x8e  Code  Gb  tasks.o [1]
xTaskResumeAll          0x08007053     0xfc  Code  Gb  tasks.o [1]
xTasksWaitingTermination
                        0x20012194     0x14  Data  Lc  tasks.o [1]
xTickCount              0x200122ec      0x4  Data  Lc  tasks.o [1]
xTimerCreate            0x080078e5     0x36  Code  Gb  timers.o [1]
xTimerCreateTimerTask   0x0800789d     0x48  Code  Gb  timers.o [1]
xTimerGenericCommand    0x08007961     0x84  Code  Gb  timers.o [1]
xTimerQueue             0x2001231c      0x4  Data  Lc  timers.o [1]
xTimerTaskHandle        0x20012320      0x4  Data  Lc  timers.o [1]
xYieldPending           0x200122fc      0x4  Data  Lc  tasks.o [1]


[1] = E:\Workspaces\James\Firmware_46_SW4STM\Gen9_ADS_46\EWARM\Gen9_ADS_46\Obj
[2] = command line
[3] = dl7M_tlf.a
[4] = m7M_tls.a
[5] = rt7M_tl.a
[6] = shb_l.a

  36 569 bytes of readonly  code memory
     747 bytes of readonly  data memory
  74 554 bytes of readwrite data memory

Errors: none
Warnings: none
