###############################################################################
#
# IAR ELF Linker V8.11.1.13263/W32 for ARM                29/May/2017  20:48:09
# Copyright 2007-2017 IAR Systems AB.
#
#    Output file  =  
#        E:\Workspaces\James\Firmware_46_SW4STM\Gen9_ADS_46\EWARM\Gen9_ADS_46\Exe\Gen9_ADS_46.out
#    Map file     =  
#        E:\Workspaces\James\Firmware_46_SW4STM\Gen9_ADS_46\EWARM\Gen9_ADS_46\List\Gen9_ADS_46.map
#    Command line =  
#        -f C:\Users\James\AppData\Local\Temp\EW10EA.tmp
#        (E:\Workspaces\James\Firmware_46_SW4STM\Gen9_ADS_46\EWARM\Gen9_ADS_46\Obj\can.o
#        E:\Workspaces\James\Firmware_46_SW4STM\Gen9_ADS_46\EWARM\Gen9_ADS_46\Obj\can2.o
#        E:\Workspaces\James\Firmware_46_SW4STM\Gen9_ADS_46\EWARM\Gen9_ADS_46\Obj\Can_Processor.o
#        E:\Workspaces\James\Firmware_46_SW4STM\Gen9_ADS_46\EWARM\Gen9_ADS_46\Obj\cmsis_os.o
#        E:\Workspaces\James\Firmware_46_SW4STM\Gen9_ADS_46\EWARM\Gen9_ADS_46\Obj\croutine.o
#        E:\Workspaces\James\Firmware_46_SW4STM\Gen9_ADS_46\EWARM\Gen9_ADS_46\Obj\event_groups.o
#        E:\Workspaces\James\Firmware_46_SW4STM\Gen9_ADS_46\EWARM\Gen9_ADS_46\Obj\freertos.o
#        E:\Workspaces\James\Firmware_46_SW4STM\Gen9_ADS_46\EWARM\Gen9_ADS_46\Obj\heap_4.o
#        E:\Workspaces\James\Firmware_46_SW4STM\Gen9_ADS_46\EWARM\Gen9_ADS_46\Obj\list.o
#        E:\Workspaces\James\Firmware_46_SW4STM\Gen9_ADS_46\EWARM\Gen9_ADS_46\Obj\main.o
#        E:\Workspaces\James\Firmware_46_SW4STM\Gen9_ADS_46\EWARM\Gen9_ADS_46\Obj\mcp3909.o
#        E:\Workspaces\James\Firmware_46_SW4STM\Gen9_ADS_46\EWARM\Gen9_ADS_46\Obj\nodeMiscHelpers.o
#        E:\Workspaces\James\Firmware_46_SW4STM\Gen9_ADS_46\EWARM\Gen9_ADS_46\Obj\port.o
#        E:\Workspaces\James\Firmware_46_SW4STM\Gen9_ADS_46\EWARM\Gen9_ADS_46\Obj\portasm.o
#        E:\Workspaces\James\Firmware_46_SW4STM\Gen9_ADS_46\EWARM\Gen9_ADS_46\Obj\queue.o
#        E:\Workspaces\James\Firmware_46_SW4STM\Gen9_ADS_46\EWARM\Gen9_ADS_46\Obj\serial.o
#        E:\Workspaces\James\Firmware_46_SW4STM\Gen9_ADS_46\EWARM\Gen9_ADS_46\Obj\startup_stm32f446xx.o
#        E:\Workspaces\James\Firmware_46_SW4STM\Gen9_ADS_46\EWARM\Gen9_ADS_46\Obj\stm32f4xx_hal.o
#        E:\Workspaces\James\Firmware_46_SW4STM\Gen9_ADS_46\EWARM\Gen9_ADS_46\Obj\stm32f4xx_hal_adc.o
#        E:\Workspaces\James\Firmware_46_SW4STM\Gen9_ADS_46\EWARM\Gen9_ADS_46\Obj\stm32f4xx_hal_adc_ex.o
#        E:\Workspaces\James\Firmware_46_SW4STM\Gen9_ADS_46\EWARM\Gen9_ADS_46\Obj\stm32f4xx_hal_can.o
#        E:\Workspaces\James\Firmware_46_SW4STM\Gen9_ADS_46\EWARM\Gen9_ADS_46\Obj\stm32f4xx_hal_cortex.o
#        E:\Workspaces\James\Firmware_46_SW4STM\Gen9_ADS_46\EWARM\Gen9_ADS_46\Obj\stm32f4xx_hal_dma.o
#        E:\Workspaces\James\Firmware_46_SW4STM\Gen9_ADS_46\EWARM\Gen9_ADS_46\Obj\stm32f4xx_hal_dma_ex.o
#        E:\Workspaces\James\Firmware_46_SW4STM\Gen9_ADS_46\EWARM\Gen9_ADS_46\Obj\stm32f4xx_hal_flash.o
#        E:\Workspaces\James\Firmware_46_SW4STM\Gen9_ADS_46\EWARM\Gen9_ADS_46\Obj\stm32f4xx_hal_flash_ex.o
#        E:\Workspaces\James\Firmware_46_SW4STM\Gen9_ADS_46\EWARM\Gen9_ADS_46\Obj\stm32f4xx_hal_flash_ramfunc.o
#        E:\Workspaces\James\Firmware_46_SW4STM\Gen9_ADS_46\EWARM\Gen9_ADS_46\Obj\stm32f4xx_hal_gpio.o
#        E:\Workspaces\James\Firmware_46_SW4STM\Gen9_ADS_46\EWARM\Gen9_ADS_46\Obj\stm32f4xx_hal_msp.o
#        E:\Workspaces\James\Firmware_46_SW4STM\Gen9_ADS_46\EWARM\Gen9_ADS_46\Obj\stm32f4xx_hal_pwr.o
#        E:\Workspaces\James\Firmware_46_SW4STM\Gen9_ADS_46\EWARM\Gen9_ADS_46\Obj\stm32f4xx_hal_pwr_ex.o
#        E:\Workspaces\James\Firmware_46_SW4STM\Gen9_ADS_46\EWARM\Gen9_ADS_46\Obj\stm32f4xx_hal_rcc.o
#        E:\Workspaces\James\Firmware_46_SW4STM\Gen9_ADS_46\EWARM\Gen9_ADS_46\Obj\stm32f4xx_hal_rcc_ex.o
#        E:\Workspaces\James\Firmware_46_SW4STM\Gen9_ADS_46\EWARM\Gen9_ADS_46\Obj\stm32f4xx_hal_spi.o
#        E:\Workspaces\James\Firmware_46_SW4STM\Gen9_ADS_46\EWARM\Gen9_ADS_46\Obj\stm32f4xx_hal_tim.o
#        E:\Workspaces\James\Firmware_46_SW4STM\Gen9_ADS_46\EWARM\Gen9_ADS_46\Obj\stm32f4xx_hal_tim_ex.o
#        E:\Workspaces\James\Firmware_46_SW4STM\Gen9_ADS_46\EWARM\Gen9_ADS_46\Obj\stm32f4xx_hal_timebase_TIM.o
#        E:\Workspaces\James\Firmware_46_SW4STM\Gen9_ADS_46\EWARM\Gen9_ADS_46\Obj\stm32f4xx_hal_uart.o
#        E:\Workspaces\James\Firmware_46_SW4STM\Gen9_ADS_46\EWARM\Gen9_ADS_46\Obj\stm32f4xx_hal_wwdg.o
#        E:\Workspaces\James\Firmware_46_SW4STM\Gen9_ADS_46\EWARM\Gen9_ADS_46\Obj\stm32f4xx_it.o
#        E:\Workspaces\James\Firmware_46_SW4STM\Gen9_ADS_46\EWARM\Gen9_ADS_46\Obj\system_stm32f4xx.o
#        E:\Workspaces\James\Firmware_46_SW4STM\Gen9_ADS_46\EWARM\Gen9_ADS_46\Obj\tasks.o
#        E:\Workspaces\James\Firmware_46_SW4STM\Gen9_ADS_46\EWARM\Gen9_ADS_46\Obj\thermistor.o
#        E:\Workspaces\James\Firmware_46_SW4STM\Gen9_ADS_46\EWARM\Gen9_ADS_46\Obj\timers.o
#        E:\Workspaces\James\Firmware_46_SW4STM\Gen9_ADS_46\EWARM\Gen9_ADS_46\Obj\ts_lib.o
#        --redirect _Printf=_PrintfFull --redirect _Scanf=_ScanfFull -o
#        E:\Workspaces\James\Firmware_46_SW4STM\Gen9_ADS_46\EWARM\Gen9_ADS_46\Exe\Gen9_ADS_46.out
#        --map
#        E:\Workspaces\James\Firmware_46_SW4STM\Gen9_ADS_46\EWARM\Gen9_ADS_46\List\Gen9_ADS_46.map
#        --config
#        E:\Workspaces\James\Firmware_46_SW4STM\Gen9_ADS_46\EWARM/stm32f446xx_flash.icf
#        --semihosting --entry __iar_program_start --vfe --text_out locale)
#
###############################################################################

*******************************************************************************
*** RUNTIME MODEL ATTRIBUTES
***

CppFlavor       = *
__SystemLibrary = DLib
__dlib_version  = 6


*******************************************************************************
*** HEAP SELECTION
***

The basic heap was selected because no calls to memory allocation
functions were found in the application outside of system library
functions, and there are calls to deallocation functions in the
application.


*******************************************************************************
*** PLACEMENT SUMMARY
***

"A0":  place at 0x08000000 { ro section .intvec };
"P1":  place in [from 0x08000000 to 0x0807ffff] { ro };
"P2":  place in [from 0x20000000 to 0x2001ffff] { rw, block CSTACK, block HEAP };
initialize by copy { rw };

  Section            Kind        Address     Size  Object
  -------            ----        -------     ----  ------
"A0":                                       0x1c4
  .intvec            ro code  0x08000000    0x1c4  startup_stm32f446xx.o [1]
                            - 0x080001c4    0x1c4

"P1":                                      0x8d7c
  .text              ro code  0x080001c4    0xd1a  main.o [1]
  .rodata            const    0x08000ede      0x1  Can_Processor.o [1]
  .rodata            const    0x08000edf      0x1  main.o [1]
  .text              ro code  0x08000ee0     0x40  stm32f4xx_hal.o [1]
  .text              ro code  0x08000f20    0x188  stm32f4xx_hal_cortex.o [1]
  .text              ro code  0x080010a8    0x208  serial.o [1]
  .text              ro code  0x080012b0    0x524  can.o [1]
  .text              ro code  0x080017d4    0x644  can2.o [1]
  .text              ro code  0x08001e18    0x208  ts_lib.o [1]
  .text              ro code  0x08002020     0x3a  stm32f4xx_hal_wwdg.o [1]
  .rodata            const    0x0800205a      0x1  nodeMiscHelpers.o [1]
  .text              ro code  0x0800205c    0x1a8  cmsis_os.o [1]
  .text              ro code  0x08002204     0xa6  ABImemcpy.o [5]
  .text              ro code  0x080022ac    0x564  stm32f4xx_hal_rcc_ex.o [1]
  .text              ro code  0x08002810    0x228  stm32f4xx_hal_rcc.o [1]
  .text              ro code  0x08002a38    0x592  stm32f4xx_hal_adc.o [1]
  .text              ro code  0x08002fcc    0xa8c  stm32f4xx_hal_can.o [1]
  .text              ro code  0x08003a58    0xa5e  stm32f4xx_hal_spi.o [1]
  .text              ro code  0x080044b8    0x8ac  stm32f4xx_hal_uart.o [1]
  .text              ro code  0x08004d64    0x250  stm32f4xx_hal_gpio.o [1]
  .text              ro code  0x08004fb4    0x5c4  mcp3909.o [1]
  .text              ro code  0x08005578    0x984  queue.o [1]
  .text              ro code  0x08005efc     0x44  Can_Processor.o [1]
  .text              ro code  0x08005f40    0x25c  port.o [1]
  .text              ro code  0x0800619c    0x1e8  nodeMiscHelpers.o [1]
  .text              ro code  0x08006384     0x10  stm32f4xx_hal.o [1]
  .text              ro code  0x08006394     0x98  stm32f4xx_hal_timebase_TIM.o [1]
  .text              ro code  0x0800642c    0x55c  stm32f4xx_hal_msp.o [1]
  .text              ro code  0x08006988    0x168  thermistor.o [1]
  .text              ro code  0x08006af0    0xbd8  tasks.o [1]
  .text              ro code  0x080076c8    0x4c4  timers.o [1]
  .text              ro code  0x08007b8c      0xc  stm32f4xx_hal.o [1]
  .text              ro code  0x08007b98    0x564  stm32f4xx_hal_dma.o [1]
  .text              ro code  0x080080fc      0x2  stm32f4xx_hal_adc.o [1]
  .text              ro code  0x080080fe      0x2  stm32f4xx_hal_spi.o [1]
  .text              ro code  0x08008100      0x2  stm32f4xx_hal_spi.o [1]
  .text              ro code  0x08008102      0x2  stm32f4xx_hal_spi.o [1]
  .text              ro code  0x08008104      0x2  stm32f4xx_hal_spi.o [1]
  .text              ro code  0x08008106      0x2  stm32f4xx_hal_spi.o [1]
  .text              ro code  0x08008108      0x2  stm32f4xx_hal_uart.o [1]
  .text              ro code  0x0800810a      0x2  stm32f4xx_hal_uart.o [1]
  .text              ro code  0x0800810c      0x2  stm32f4xx_hal_uart.o [1]
  .text              ro code  0x0800810e     0x9e  list.o [1]
  .text              ro code  0x080081ac    0x28c  heap_4.o [1]
  CODE               ro code  0x08008438     0xa8  portasm.o [1]
  .text              ro code  0x080084e0    0x2e6  stm32f4xx_hal_tim.o [1]
  .text              ro code  0x080087c8    0x132  I64DivMod.o [5]
  .text              ro code  0x080088fc     0x66  ABImemset.o [5]
  .text              ro code  0x08008962      0x2  freertos.o [1]
  .text              ro code  0x08008964      0x2  freertos.o [1]
  .text              ro code  0x08008966      0x2  stm32f4xx_hal_tim.o [1]
  .text              ro code  0x08008968      0x2  stm32f4xx_hal_tim.o [1]
  .text              ro code  0x0800896a      0x2  stm32f4xx_hal_tim.o [1]
  .text              ro code  0x0800896c      0x2  stm32f4xx_hal_tim_ex.o [1]
  .text              ro code  0x0800896e      0x2  stm32f4xx_hal_tim.o [1]
  .text              ro code  0x08008970      0x2  stm32f4xx_hal_tim_ex.o [1]
  .text              ro code  0x08008974      0x2  I64DivZer.o [5]
  .rodata            const    0x08008978     0xf0  thermistor.o [1]
  .text              ro code  0x08008a68     0xe4  stm32f4xx_it.o [1]
  .text              ro code  0x08008b4c     0x6c  system_stm32f4xx.o [1]
  .text              ro code  0x08008bb8     0x40  zero_init3.o [5]
  .text              ro code  0x08008bf8     0x2c  copy_init3.o [5]
  .text              ro code  0x08008c24     0x28  data_init.o [5]
  .text              ro code  0x08008c4c     0x22  fpinit_M.o [4]
  .iar.init_table    const    0x08008c70     0x24  - Linker created -
  .text              ro code  0x08008c94     0x1a  cmain.o [5]
  .text              ro code  0x08008cae      0x4  low_level_init.o [3]
  .text              ro code  0x08008cb2      0x4  exit.o [3]
  .text              ro code  0x08008cb8      0xa  cexit.o [5]
  .text              ro code  0x08008cc4     0x14  exit.o [6]
  Initializer bytes  const    0x08008cd8     0x1c  <for P2-1>
  .rodata            const    0x08008cf4     0x14  main.o [1]
  .rodata            const    0x08008d08     0x14  main.o [1]
  .rodata            const    0x08008d1c     0x14  main.o [1]
  .rodata            const    0x08008d30     0x14  main.o [1]
  .rodata            const    0x08008d44     0x10  main.o [1]
  .rodata            const    0x08008d54     0x10  system_stm32f4xx.o [1]
  .text              ro code  0x08008d64     0x10  startup_stm32f446xx.o [1]
  .rodata            const    0x08008d74      0xc  main.o [1]
  .rodata            const    0x08008d80      0xc  ts_lib.o [1]
  .text              ro code  0x08008d8c      0xc  cstartup_M.o [5]
  .rodata            const    0x08008d98      0x8  main.o [1]
  .rodata            const    0x08008da0      0x8  main.o [1]
  .rodata            const    0x08008da8      0x8  main.o [1]
  .rodata            const    0x08008db0      0x8  main.o [1]
  .rodata            const    0x08008db8      0x8  main.o [1]
  .rodata            const    0x08008dc0      0x8  main.o [1]
  .rodata            const    0x08008dc8      0x8  stm32f4xx_hal_dma.o [1]
  .rodata            const    0x08008dd0      0x8  system_stm32f4xx.o [1]
  .rodata            const    0x08008dd8      0x8  tasks.o [1]
  .rodata            const    0x08008de0      0x8  timers.o [1]
  .rodata            const    0x08008de8      0x8  timers.o [1]
  .rodata            const    0x08008df0      0x4  heap_4.o [1]
  .rodata            const    0x08008df4      0x4  main.o [1]
  .rodata            const    0x08008df8      0x4  main.o [1]
  .rodata            const    0x08008dfc      0x4  main.o [1]
  .rodata            const    0x08008e00      0x4  main.o [1]
  .rodata            const    0x08008e04      0x4  main.o [1]
  .rodata            const    0x08008e08      0x4  main.o [1]
  .rodata            const    0x08008e0c      0x4  main.o [1]
  .rodata            const    0x08008e10      0x4  port.o [1]
  .text              ro code  0x08008e14      0x4  startup_stm32f446xx.o [1]
  .text              ro code  0x08008e18      0x4  startup_stm32f446xx.o [1]
  .text              ro code  0x08008e1c      0x4  startup_stm32f446xx.o [1]
  .text              ro code  0x08008e20      0x4  startup_stm32f446xx.o [1]
  .text              ro code  0x08008e24      0x4  startup_stm32f446xx.o [1]
  .text              ro code  0x08008e28      0x4  startup_stm32f446xx.o [1]
  .text              ro code  0x08008e2c      0x4  startup_stm32f446xx.o [1]
  .text              ro code  0x08008e30      0x4  startup_stm32f446xx.o [1]
  .text              ro code  0x08008e34      0x4  startup_stm32f446xx.o [1]
  .text              ro code  0x08008e38      0x4  startup_stm32f446xx.o [1]
  .text              ro code  0x08008e3c      0x4  startup_stm32f446xx.o [1]
  .text              ro code  0x08008e40      0x4  startup_stm32f446xx.o [1]
  .text              ro code  0x08008e44      0x4  startup_stm32f446xx.o [1]
  .text              ro code  0x08008e48      0x4  startup_stm32f446xx.o [1]
  .text              ro code  0x08008e4c      0x4  startup_stm32f446xx.o [1]
  .text              ro code  0x08008e50      0x4  startup_stm32f446xx.o [1]
  .text              ro code  0x08008e54      0x4  startup_stm32f446xx.o [1]
  .text              ro code  0x08008e58      0x4  startup_stm32f446xx.o [1]
  .text              ro code  0x08008e5c      0x4  startup_stm32f446xx.o [1]
  .text              ro code  0x08008e60      0x4  startup_stm32f446xx.o [1]
  .text              ro code  0x08008e64      0x4  startup_stm32f446xx.o [1]
  .text              ro code  0x08008e68      0x4  startup_stm32f446xx.o [1]
  .text              ro code  0x08008e6c      0x4  startup_stm32f446xx.o [1]
  .text              ro code  0x08008e70      0x4  startup_stm32f446xx.o [1]
  .text              ro code  0x08008e74      0x4  startup_stm32f446xx.o [1]
  .text              ro code  0x08008e78      0x4  startup_stm32f446xx.o [1]
  .text              ro code  0x08008e7c      0x4  startup_stm32f446xx.o [1]
  .text              ro code  0x08008e80      0x4  startup_stm32f446xx.o [1]
  .text              ro code  0x08008e84      0x4  startup_stm32f446xx.o [1]
  .text              ro code  0x08008e88      0x4  startup_stm32f446xx.o [1]
  .text              ro code  0x08008e8c      0x4  startup_stm32f446xx.o [1]
  .text              ro code  0x08008e90      0x4  startup_stm32f446xx.o [1]
  .text              ro code  0x08008e94      0x4  startup_stm32f446xx.o [1]
  .text              ro code  0x08008e98      0x4  startup_stm32f446xx.o [1]
  .text              ro code  0x08008e9c      0x4  startup_stm32f446xx.o [1]
  .text              ro code  0x08008ea0      0x4  startup_stm32f446xx.o [1]
  .text              ro code  0x08008ea4      0x4  startup_stm32f446xx.o [1]
  .text              ro code  0x08008ea8      0x4  startup_stm32f446xx.o [1]
  .text              ro code  0x08008eac      0x4  startup_stm32f446xx.o [1]
  .text              ro code  0x08008eb0      0x4  startup_stm32f446xx.o [1]
  .text              ro code  0x08008eb4      0x4  startup_stm32f446xx.o [1]
  .text              ro code  0x08008eb8      0x4  startup_stm32f446xx.o [1]
  .text              ro code  0x08008ebc      0x4  startup_stm32f446xx.o [1]
  .text              ro code  0x08008ec0      0x4  startup_stm32f446xx.o [1]
  .text              ro code  0x08008ec4      0x4  startup_stm32f446xx.o [1]
  .text              ro code  0x08008ec8      0x4  startup_stm32f446xx.o [1]
  .text              ro code  0x08008ecc      0x4  startup_stm32f446xx.o [1]
  .text              ro code  0x08008ed0      0x4  startup_stm32f446xx.o [1]
  .text              ro code  0x08008ed4      0x4  startup_stm32f446xx.o [1]
  .text              ro code  0x08008ed8      0x4  startup_stm32f446xx.o [1]
  .text              ro code  0x08008edc      0x4  startup_stm32f446xx.o [1]
  .text              ro code  0x08008ee0      0x4  startup_stm32f446xx.o [1]
  .text              ro code  0x08008ee4      0x4  startup_stm32f446xx.o [1]
  .text              ro code  0x08008ee8      0x4  startup_stm32f446xx.o [1]
  .text              ro code  0x08008eec      0x4  startup_stm32f446xx.o [1]
  .text              ro code  0x08008ef0      0x4  startup_stm32f446xx.o [1]
  .text              ro code  0x08008ef4      0x4  startup_stm32f446xx.o [1]
  .text              ro code  0x08008ef8      0x4  startup_stm32f446xx.o [1]
  .text              ro code  0x08008efc      0x4  startup_stm32f446xx.o [1]
  .text              ro code  0x08008f00      0x4  startup_stm32f446xx.o [1]
  .text              ro code  0x08008f04      0x4  startup_stm32f446xx.o [1]
  .text              ro code  0x08008f08      0x4  startup_stm32f446xx.o [1]
  .text              ro code  0x08008f0c      0x4  startup_stm32f446xx.o [1]
  .text              ro code  0x08008f10      0x4  startup_stm32f446xx.o [1]
  .text              ro code  0x08008f14      0x4  startup_stm32f446xx.o [1]
  .text              ro code  0x08008f18      0x4  startup_stm32f446xx.o [1]
  .text              ro code  0x08008f1c      0x4  startup_stm32f446xx.o [1]
  .text              ro code  0x08008f20      0x4  startup_stm32f446xx.o [1]
  .text              ro code  0x08008f24      0x4  startup_stm32f446xx.o [1]
  .text              ro code  0x08008f28      0x4  startup_stm32f446xx.o [1]
  .text              ro code  0x08008f2c      0x4  startup_stm32f446xx.o [1]
  .text              ro code  0x08008f30      0x4  startup_stm32f446xx.o [1]
  .text              ro code  0x08008f34      0x4  startup_stm32f446xx.o [1]
  .text              ro code  0x08008f38      0x4  startup_stm32f446xx.o [1]
  .text              ro code  0x08008f3c      0x4  startup_stm32f446xx.o [1]
  .rodata            const    0x08008f40      0x0  zero_init3.o [5]
  .rodata            const    0x08008f40      0x0  copy_init3.o [5]
                            - 0x08008f40   0x8d7c

"P2", part 1 of 3:                           0x1c
  P2-1                        0x20000000     0x1a  <Init block>
    .data            inited   0x20000000      0x4  port.o [1]
    .data            inited   0x20000004      0x4  serial.o [1]
    .data            inited   0x20000008      0x4  serial.o [1]
    .data            inited   0x2000000c      0x4  serial.o [1]
    .data            inited   0x20000010      0x4  system_stm32f4xx.o [1]
    .data            inited   0x20000014      0x4  thermistor.o [1]
    .data            inited   0x20000018      0x1  can.o [1]
    .data            inited   0x20000019      0x1  can2.o [1]
                            - 0x2000001a     0x1a

"P2", part 2 of 3:                          0x400
  CSTACK                      0x20000020    0x400  <Block>
    CSTACK           uninit   0x20000020    0x400  <Block tail>
                            - 0x20000420    0x400

"P2", part 3 of 3:                        0x11f14
  .bss               zero     0x20000420  0x10000  heap_4.o [1]
  .bss               zero     0x20010420   0x1000  serial.o [1]
  .bss               zero     0x20011420    0x230  can.o [1]
  .bss               zero     0x20011650    0x230  can2.o [1]
  .bss               zero     0x20011880    0x200  serial.o [1]
  .bss               zero     0x20011a80     0x8c  tasks.o [1]
  .bss               zero     0x20011b0c     0x64  main.o [1]
  .bss               zero     0x20011b70     0x60  main.o [1]
  .bss               zero     0x20011bd0     0x60  main.o [1]
  .bss               zero     0x20011c30     0x60  main.o [1]
  .bss               zero     0x20011c90     0x60  main.o [1]
  .bss               zero     0x20011cf0     0x60  main.o [1]
  .bss               zero     0x20011d50     0x58  main.o [1]
  .bss               zero     0x20011da8     0x48  main.o [1]
  .bss               zero     0x20011df0     0x44  main.o [1]
  .bss               zero     0x20011e34     0x44  main.o [1]
  .bss               zero     0x20011e78     0x40  main.o [1]
  .bss               zero     0x20011eb8     0x40  queue.o [1]
  .bss               zero     0x20011ef8     0x40  ts_lib.o [1]
  .bss               zero     0x20011f38     0x40  ts_lib.o [1]
  .bss               zero     0x20011f78     0x3c  stm32f4xx_hal_timebase_TIM.o [1]
  .bss               zero     0x20011fb4     0x24  can.o [1]
  .bss               zero     0x20011fd8     0x24  can2.o [1]
  .bss               zero     0x20011ffc     0x24  main.o [1]
  .bss               zero     0x20012020     0x24  main.o [1]
  .bss               zero     0x20012044     0x1c  can.o [1]
  .bss               zero     0x20012060     0x1c  can2.o [1]
  .bss               zero     0x2001207c     0x14  can.o [1]
  .bss               zero     0x20012090     0x14  can.o [1]
  .bss               zero     0x200120a4     0x14  can2.o [1]
  .bss               zero     0x200120b8     0x14  can2.o [1]
  .bss               zero     0x200120cc     0x14  Can_Processor.o [1]
  .bss               zero     0x200120e0     0x14  main.o [1]
  .bss               zero     0x200120f4     0x14  main.o [1]
  .bss               zero     0x20012108     0x14  main.o [1]
  .bss               zero     0x2001211c     0x14  main.o [1]
  .bss               zero     0x20012130     0x14  main.o [1]
  .bss               zero     0x20012144     0x14  nodeMiscHelpers.o [1]
  .bss               zero     0x20012158     0x14  tasks.o [1]
  .bss               zero     0x2001216c     0x14  tasks.o [1]
  .bss               zero     0x20012180     0x14  tasks.o [1]
  .bss               zero     0x20012194     0x14  tasks.o [1]
  .bss               zero     0x200121a8     0x14  tasks.o [1]
  .bss               zero     0x200121bc     0x14  timers.o [1]
  .bss               zero     0x200121d0     0x14  timers.o [1]
  .bss               zero     0x200121e4     0x10  can.o [1]
  .bss               zero     0x200121f4     0x10  can.o [1]
  .bss               zero     0x20012204     0x10  can2.o [1]
  .bss               zero     0x20012214     0x10  can2.o [1]
  .bss               zero     0x20012224     0x10  ts_lib.o [1]
  .bss               zero     0x20012234      0x8  heap_4.o [1]
  .bss               zero     0x2001223c      0x4  can.o [1]
  .bss               zero     0x20012240      0x4  can.o [1]
  .bss               zero     0x20012244      0x4  can.o [1]
  .bss               zero     0x20012248      0x4  can.o [1]
  .bss               zero     0x2001224c      0x4  can.o [1]
  .bss               zero     0x20012250      0x4  can.o [1]
  .bss               zero     0x20012254      0x4  can2.o [1]
  .bss               zero     0x20012258      0x4  can2.o [1]
  .bss               zero     0x2001225c      0x4  can2.o [1]
  .bss               zero     0x20012260      0x4  can2.o [1]
  .bss               zero     0x20012264      0x4  can2.o [1]
  .bss               zero     0x20012268      0x4  can2.o [1]
  .bss               zero     0x2001226c      0x4  heap_4.o [1]
  .bss               zero     0x20012270      0x4  heap_4.o [1]
  .bss               zero     0x20012274      0x4  heap_4.o [1]
  .bss               zero     0x20012278      0x4  heap_4.o [1]
  .bss               zero     0x2001227c      0x4  main.o [1]
  .bss               zero     0x20012280      0x4  main.o [1]
  .bss               zero     0x20012284      0x4  main.o [1]
  .bss               zero     0x20012288      0x4  main.o [1]
  .bss               zero     0x2001228c      0x4  main.o [1]
  .bss               zero     0x20012290      0x4  main.o [1]
  .bss               zero     0x20012294      0x4  main.o [1]
  .bss               zero     0x20012298      0x4  main.o [1]
  .bss               zero     0x2001229c      0x4  main.o [1]
  .bss               zero     0x200122a0      0x4  main.o [1]
  .bss               zero     0x200122a4      0x4  main.o [1]
  .bss               zero     0x200122a8      0x4  main.o [1]
  .bss               zero     0x200122ac      0x4  main.o [1]
  .bss               zero     0x200122b0      0x4  main.o [1]
  .bss               zero     0x200122b4      0x4  main.o [1]
  .bss               zero     0x200122b8      0x4  nodeMiscHelpers.o [1]
  .bss               zero     0x200122bc      0x4  port.o [1]
  .bss               zero     0x200122c0      0x4  serial.o [1]
  .bss               zero     0x200122c4      0x4  stm32f4xx_hal.o [1]
  .bss               zero     0x200122c8      0x4  stm32f4xx_hal_msp.o [1]
  .bss               zero     0x200122cc      0x4  tasks.o [1]
  .bss               zero     0x200122d0      0x4  tasks.o [1]
  .bss               zero     0x200122d4      0x4  tasks.o [1]
  .bss               zero     0x200122d8      0x4  tasks.o [1]
  .bss               zero     0x200122dc      0x4  tasks.o [1]
  .bss               zero     0x200122e0      0x4  tasks.o [1]
  .bss               zero     0x200122e4      0x4  tasks.o [1]
  .bss               zero     0x200122e8      0x4  tasks.o [1]
  .bss               zero     0x200122ec      0x4  tasks.o [1]
  .bss               zero     0x200122f0      0x4  tasks.o [1]
  .bss               zero     0x200122f4      0x4  tasks.o [1]
  .bss               zero     0x200122f8      0x4  tasks.o [1]
  .bss               zero     0x200122fc      0x4  tasks.o [1]
  .bss               zero     0x20012300      0x4  tasks.o [1]
  .bss               zero     0x20012304      0x4  tasks.o [1]
  .bss               zero     0x20012308      0x4  timers.o [1]
  .bss               zero     0x2001230c      0x4  timers.o [1]
  .bss               zero     0x20012310      0x4  timers.o [1]
  .bss               zero     0x20012314      0x4  timers.o [1]
  .bss               zero     0x20012318      0x4  timers.o [1]
  .bss               zero     0x2001231c      0x4  ts_lib.o [1]
  .bss               zero     0x20012320      0x4  ts_lib.o [1]
  .bss               zero     0x20012324      0x4  ts_lib.o [1]
  .bss               zero     0x20012328      0x4  ts_lib.o [1]
  .bss               zero     0x2001232c      0x2  serial.o [1]
  .bss               zero     0x2001232e      0x1  main.o [1]
  .bss               zero     0x2001232f      0x1  port.o [1]
  .bss               zero     0x20012330      0x1  serial.o [1]
  .bss               zero     0x20012331      0x1  serial.o [1]
  .bss               zero     0x20012332      0x1  serial.o [1]
  .bss               zero     0x20012333      0x1  ts_lib.o [1]
                            - 0x20012334  0x11f14


*******************************************************************************
*** INIT TABLE
***

          Address     Size
          -------     ----
Zero (__iar_zero_init3)
    1 destination range, total size 0x11f14:
          0x20000420  0x11f14

Copy (__iar_copy_init3)
    1 source range, total size 0x1c (107% of destination):
          0x08008cd8     0x1c
    1 destination range, total size 0x1a:
          0x20000000     0x1a



*******************************************************************************
*** MODULE SUMMARY
***

    Module                        ro code  ro data  rw data
    ------                        -------  -------  -------
E:\Workspaces\James\Firmware_46_SW4STM\Gen9_ADS_46\EWARM\Gen9_ADS_46\Obj: [1]
    Can_Processor.o                    68        1       20
    can.o                           1 316        1      721
    can2.o                          1 604        1      721
    cmsis_os.o                        424
    freertos.o                          4
    heap_4.o                          652        4   65 560
    list.o                            158
    main.o                          3 354      185    1 173
    mcp3909.o                       1 476
    nodeMiscHelpers.o                 488        1       24
    port.o                            604        8        9
    portasm.o                         168
    queue.o                         2 436                64
    serial.o                          520       12    4 629
    startup_stm32f446xx.o             768
    stm32f4xx_hal.o                    92                 4
    stm32f4xx_hal_adc.o             1 428
    stm32f4xx_hal_can.o             2 700
    stm32f4xx_hal_cortex.o            392
    stm32f4xx_hal_dma.o             1 380        8
    stm32f4xx_hal_gpio.o              592
    stm32f4xx_hal_msp.o             1 372                 4
    stm32f4xx_hal_rcc.o               552
    stm32f4xx_hal_rcc_ex.o          1 380
    stm32f4xx_hal_spi.o             2 664
    stm32f4xx_hal_tim.o               750
    stm32f4xx_hal_tim_ex.o              4
    stm32f4xx_hal_timebase_TIM.o      152                60
    stm32f4xx_hal_uart.o            2 226
    stm32f4xx_hal_wwdg.o               58
    stm32f4xx_it.o                    228
    system_stm32f4xx.o                108       28        4
    tasks.o                         3 032        8      300
    thermistor.o                      360      244        4
    timers.o                        1 220       16       60
    ts_lib.o                          520       12      161
    -------------------------------------------------------
    Total:                         35 250      529   73 518

command line: [2]
    -------------------------------------------------------
    Total:

dl7M_tlf.a: [3]
    exit.o                              4
    low_level_init.o                    4
    -------------------------------------------------------
    Total:                              8

m7M_tls.a: [4]
    fpinit_M.o                         34
    -------------------------------------------------------
    Total:                             34

rt7M_tl.a: [5]
    ABImemcpy.o                       166
    ABImemset.o                       102
    I64DivMod.o                       306
    I64DivZer.o                         2
    cexit.o                            10
    cmain.o                            26
    copy_init3.o                       44
    cstartup_M.o                       12
    data_init.o                        40
    zero_init3.o                       64
    -------------------------------------------------------
    Total:                            772

shb_l.a: [6]
    exit.o                             20
    -------------------------------------------------------
    Total:                             20

    Gaps                               17        4
    Linker created                              38    1 024
-----------------------------------------------------------
    Grand Total:                   36 101      571   74 542


*******************************************************************************
*** ENTRY LIST
***

Entry                      Address     Size  Type      Object
-----                      -------     ----  ----      ------
.iar.init_table$$Base   0x08008c70            --   Gb  - Linker created -
.iar.init_table$$Limit  0x08008c94            --   Gb  - Linker created -
?main                   0x08008c95           Code  Gb  cmain.o [5]
ADC_DMAConvCplt         0x08002f35     0x6c  Code  Lc  stm32f4xx_hal_adc.o [1]
ADC_DMAError            0x08002fb1     0x1a  Code  Lc  stm32f4xx_hal_adc.o [1]
ADC_DMAHalfConvCplt     0x08002fa1      0xe  Code  Lc  stm32f4xx_hal_adc.o [1]
ADC_Init                0x08002db1    0x166  Code  Lc  stm32f4xx_hal_adc.o [1]
AHBPrescTable           0x08008d54     0x10  Data  Gb  system_stm32f4xx.o [1]
APBPrescTable           0x08008dd0      0x8  Data  Gb  system_stm32f4xx.o [1]
CAN1_ErrorCallback      0x08001767     0x32  Code  Gb  can.o [1]
CAN1_RX0_IRQHandler     0x08008aa3      0xa  Code  Gb  stm32f4xx_it.o [1]
CAN1_RX1_IRQHandler     0x08008aad      0xa  Code  Gb  stm32f4xx_it.o [1]
CAN1_RxCpltCallback     0x080016d3     0x94  Code  Gb  can.o [1]
CAN1_RxCpltCallback::received
                        0x20012090     0x14  Data  Lc  can.o [1]
CAN1_SCE_IRQHandler     0x08008ab7      0xa  Code  Gb  stm32f4xx_it.o [1]
CAN1_TX_IRQHandler      0x08008a99      0xa  Code  Gb  stm32f4xx_it.o [1]
CAN1_TxCpltCallback     0x080016bb     0x18  Code  Gb  can.o [1]
CAN2_ErrorCallback      0x08001dab     0x32  Code  Gb  can2.o [1]
CAN2_RX0_IRQHandler     0x08008b07      0xa  Code  Gb  stm32f4xx_it.o [1]
CAN2_RX1_IRQHandler     0x08008b11      0xa  Code  Gb  stm32f4xx_it.o [1]
CAN2_RxCpltCallback     0x08001d17     0x94  Code  Gb  can2.o [1]
CAN2_RxCpltCallback::received
                        0x200120b8     0x14  Data  Lc  can2.o [1]
CAN2_SCE_IRQHandler     0x08008b1b      0xa  Code  Gb  stm32f4xx_it.o [1]
CAN2_TX_IRQHandler      0x08008afd      0xa  Code  Gb  stm32f4xx_it.o [1]
CAN2_TxCpltCallback     0x08001cff     0x18  Code  Gb  can2.o [1]
CAN_Receive_IT          0x08003897    0x1c2  Code  Lc  stm32f4xx_hal_can.o [1]
CAN_Transmit_IT         0x08003839     0x5e  Code  Lc  stm32f4xx_hal_can.o [1]
CSTACK$$Base            0x20000020            --   Gb  - Linker created -
CSTACK$$Limit           0x20000420            --   Gb  - Linker created -
Can2_availableForTx     0x08001c01     0x20  Code  Gb  can2.o [1]
Can_Processor           0x08005efd     0x44  Code  Gb  Can_Processor.o [1]
Can_Processor::newFrame
                        0x200120cc     0x14  Data  Lc  Can_Processor.o [1]
Can_ProcessorHandle     0x20012280      0x4  Data  Gb  main.o [1]
Can_availableForTx      0x08001597     0x20  Code  Gb  can.o [1]
Can_filterCapacity      0x200121e4     0x10  Data  Lc  can.o [1]
Can_filterCapacity      0x20012204     0x10  Data  Lc  can2.o [1]
Can_filterUsage         0x200121f4     0x10  Data  Lc  can.o [1]
Can_filterUsage         0x20012214     0x10  Data  Lc  can2.o [1]
Can_filters             0x20011420    0x230  Data  Lc  can.o [1]
Can_filters             0x20011650    0x230  Data  Lc  can2.o [1]
DMA1_Stream3_IRQHandler
                        0x08008a71      0xa  Code  Gb  stm32f4xx_it.o [1]
DMA1_Stream4_IRQHandler
                        0x08008a7b      0xa  Code  Gb  stm32f4xx_it.o [1]
DMA1_Stream5_IRQHandler
                        0x08008a85      0xa  Code  Gb  stm32f4xx_it.o [1]
DMA1_Stream6_IRQHandler
                        0x08008a8f      0xa  Code  Gb  stm32f4xx_it.o [1]
DMA2_Stream0_IRQHandler
                        0x08008af3      0xa  Code  Gb  stm32f4xx_it.o [1]
DMA_CalcBaseAndBitshift
                        0x08008019     0x30  Code  Lc  stm32f4xx_hal_dma.o [1]
DMA_CalcBaseAndBitshift::flagBitshiftOffset
                        0x08008dc8      0x8  Data  Lc  stm32f4xx_hal_dma.o [1]
DMA_CheckFifoParam      0x08008061     0x9c  Code  Lc  stm32f4xx_hal_dma.o [1]
DMA_SetConfig           0x08007feb     0x2e  Code  Lc  stm32f4xx_hal_dma.o [1]
EM_Init                 0x08000b01     0xc8  Code  Gb  main.o [1]
EXTI9_5_IRQHandler      0x08008ac1     0x14  Code  Gb  stm32f4xx_it.o [1]
Error_Handler           0x08000edd      0x2  Code  Gb  main.o [1]
HAL_ADC_ConfigChannel   0x08002c2d    0x184  Code  Gb  stm32f4xx_hal_adc.o [1]
HAL_ADC_ConvCpltCallback
                        0x08001e55     0xcc  Code  Gb  ts_lib.o [1]
HAL_ADC_ErrorCallback   0x08001f21      0xe  Code  Gb  ts_lib.o [1]
HAL_ADC_Init            0x08002a39     0x66  Code  Gb  stm32f4xx_hal_adc.o [1]
HAL_ADC_MspInit         0x0800648b     0xd6  Code  Gb  stm32f4xx_hal_msp.o [1]
HAL_ADC_Start_DMA       0x08002a9f    0x12a  Code  Gb  stm32f4xx_hal_adc.o [1]
HAL_ADC_Stop_DMA        0x08002bc9     0x64  Code  Gb  stm32f4xx_hal_adc.o [1]
HAL_CAN_ConfigFilter    0x08003175    0x10a  Code  Gb  stm32f4xx_hal_can.o [1]
HAL_CAN_ErrorCallback   0x08000a63     0x24  Code  Gb  main.o [1]
HAL_CAN_GetError        0x08003835      0x4  Code  Gb  stm32f4xx_hal_can.o [1]
HAL_CAN_IRQHandler      0x0800354d    0x2d4  Code  Gb  stm32f4xx_hal_can.o [1]
HAL_CAN_Init            0x08002fcd    0x1a8  Code  Gb  stm32f4xx_hal_can.o [1]
HAL_CAN_MspInit         0x08006561    0x174  Code  Gb  stm32f4xx_hal_msp.o [1]
HAL_CAN_Receive_IT      0x0800343f    0x10e  Code  Gb  stm32f4xx_hal_can.o [1]
HAL_CAN_RxCpltCallback  0x08000a3f     0x24  Code  Gb  main.o [1]
HAL_CAN_Transmit_IT     0x08003285    0x1ba  Code  Gb  stm32f4xx_hal_can.o [1]
HAL_CAN_TxCpltCallback  0x08000a1b     0x24  Code  Gb  main.o [1]
HAL_DMA_Abort           0x08007d17     0x9c  Code  Gb  stm32f4xx_hal_dma.o [1]
HAL_DMA_Abort_IT        0x08007db3     0x28  Code  Gb  stm32f4xx_hal_dma.o [1]
HAL_DMA_IRQHandler      0x08007ddb    0x210  Code  Gb  stm32f4xx_hal_dma.o [1]
HAL_DMA_Init            0x08007b99     0xe6  Code  Gb  stm32f4xx_hal_dma.o [1]
HAL_DMA_Start_IT        0x08007c7f     0x98  Code  Gb  stm32f4xx_hal_dma.o [1]
HAL_GPIO_EXTI_Callback  0x08000a87     0x36  Code  Gb  main.o [1]
HAL_GPIO_EXTI_IRQHandler
                        0x08004f5b     0x1e  Code  Gb  stm32f4xx_hal_gpio.o [1]
HAL_GPIO_Init           0x08004d65    0x1e2  Code  Gb  stm32f4xx_hal_gpio.o [1]
HAL_GPIO_WritePin       0x08004f47     0x14  Code  Gb  stm32f4xx_hal_gpio.o [1]
HAL_GetTick             0x08007b8d      0xc  Code  Wk  stm32f4xx_hal.o [1]
HAL_IncTick             0x08006385     0x10  Code  Wk  stm32f4xx_hal.o [1]
HAL_Init                0x08000ee1     0x3a  Code  Gb  stm32f4xx_hal.o [1]
HAL_InitTick            0x08006395     0x86  Code  Gb  stm32f4xx_hal_timebase_TIM.o [1]
HAL_MspInit             0x0800642d     0x5e  Code  Gb  stm32f4xx_hal_msp.o [1]
HAL_NVIC_DisableIRQ     0x0800104d      0xe  Code  Gb  stm32f4xx_hal_cortex.o [1]
HAL_NVIC_EnableIRQ      0x0800103f      0xe  Code  Gb  stm32f4xx_hal_cortex.o [1]
HAL_NVIC_SetPriority    0x08001019     0x26  Code  Gb  stm32f4xx_hal_cortex.o [1]
HAL_NVIC_SetPriorityGrouping
                        0x0800100d      0xc  Code  Gb  stm32f4xx_hal_cortex.o [1]
HAL_RCC_CAN1_CLK_ENABLED
                        0x200122c8      0x4  Data  Lc  stm32f4xx_hal_msp.o [1]
HAL_RCC_ClockConfig     0x08002811    0x190  Code  Gb  stm32f4xx_hal_rcc.o [1]
HAL_RCC_GetClockConfig  0x080029e7     0x3a  Code  Gb  stm32f4xx_hal_rcc.o [1]
HAL_RCC_GetHCLKFreq     0x080029a1      0x6  Code  Gb  stm32f4xx_hal_rcc.o [1]
HAL_RCC_GetPCLK1Freq    0x080029a7     0x20  Code  Gb  stm32f4xx_hal_rcc.o [1]
HAL_RCC_GetPCLK2Freq    0x080029c7     0x20  Code  Gb  stm32f4xx_hal_rcc.o [1]
HAL_RCC_GetSysClockFreq
                        0x080022ad    0x136  Code  Gb  stm32f4xx_hal_rcc_ex.o [1]
HAL_RCC_OscConfig       0x080023ed    0x3ee  Code  Gb  stm32f4xx_hal_rcc_ex.o [1]
HAL_SPI_IRQHandler      0x08004137    0x112  Code  Gb  stm32f4xx_hal_spi.o [1]
HAL_SPI_Init            0x08003a59     0x8e  Code  Gb  stm32f4xx_hal_spi.o [1]
HAL_SPI_MspInit         0x080066d5    0x126  Code  Gb  stm32f4xx_hal_msp.o [1]
HAL_SPI_Transmit        0x08003ae7    0x1ae  Code  Gb  stm32f4xx_hal_spi.o [1]
HAL_SPI_TransmitReceive
                        0x08003c95    0x288  Code  Gb  stm32f4xx_hal_spi.o [1]
HAL_SPI_TransmitReceive_DMA
                        0x08003ff5    0x142  Code  Gb  stm32f4xx_hal_spi.o [1]
HAL_SPI_Transmit_DMA    0x08003f1d     0xd8  Code  Gb  stm32f4xx_hal_spi.o [1]
HAL_SPI_TxCpltCallback  0x08000ae5     0x1c  Code  Gb  main.o [1]
HAL_SPI_TxRxCpltCallback
                        0x08000abd     0x28  Code  Gb  main.o [1]
HAL_SYSTICK_CLKSourceConfig
                        0x08001063     0x20  Code  Gb  stm32f4xx_hal_cortex.o [1]
HAL_SYSTICK_Config      0x0800105b      0x8  Code  Gb  stm32f4xx_hal_cortex.o [1]
HAL_TIMEx_BreakCallback
                        0x0800896d      0x2  Code  Wk  stm32f4xx_hal_tim_ex.o [1]
HAL_TIMEx_CommutationCallback
                        0x08008971      0x2  Code  Wk  stm32f4xx_hal_tim_ex.o [1]
HAL_TIM_Base_Init       0x080084e1     0x38  Code  Gb  stm32f4xx_hal_tim.o [1]
HAL_TIM_Base_Start_IT   0x08008519     0x1e  Code  Gb  stm32f4xx_hal_tim.o [1]
HAL_TIM_IRQHandler      0x08008537    0x176  Code  Gb  stm32f4xx_hal_tim.o [1]
HAL_TIM_PeriodElapsedCallback
                        0x08000dd5     0x12  Code  Gb  main.o [1]
HAL_UART_GetState       0x080047c7     0x18  Code  Gb  stm32f4xx_hal_uart.o [1]
HAL_UART_IRQHandler     0x0800467b    0x14c  Code  Gb  stm32f4xx_hal_uart.o [1]
HAL_UART_Init           0x080044b9     0x76  Code  Gb  stm32f4xx_hal_uart.o [1]
HAL_UART_MspInit        0x080067fb    0x10c  Code  Gb  stm32f4xx_hal_msp.o [1]
HAL_UART_Receive_DMA    0x080045c5     0xb6  Code  Gb  stm32f4xx_hal_uart.o [1]
HAL_UART_RxCpltCallback
                        0x080010bd     0x1a  Code  Gb  serial.o [1]
HAL_UART_Transmit_DMA   0x0800452f     0x96  Code  Gb  stm32f4xx_hal_uart.o [1]
HAL_UART_TxCpltCallback
                        0x080011cb     0x14  Code  Gb  serial.o [1]
HAL_WWDG_Init           0x08002021     0x2e  Code  Gb  stm32f4xx_hal_wwdg.o [1]
HAL_WWDG_MspInit        0x08006907     0x2a  Code  Gb  stm32f4xx_hal_msp.o [1]
HAL_WWDG_Refresh        0x0800204f      0xc  Code  Gb  stm32f4xx_hal_wwdg.o [1]
HBTmrHandle             0x200122a0      0x4  Data  Gb  main.o [1]
MCPTaskHandle           0x20012288      0x4  Data  Gb  main.o [1]
MX_ADC1_Init            0x080004b3     0xd0  Code  Lc  main.o [1]
MX_CAN1_Init            0x08000583     0x7a  Code  Lc  main.o [1]
MX_CAN2_Init            0x080005fd     0x7c  Code  Lc  main.o [1]
MX_DMA_Init             0x0800078b     0x98  Code  Lc  main.o [1]
MX_GPIO_Init            0x08000823    0x1f8  Code  Lc  main.o [1]
MX_SPI2_Init            0x08000679     0x7a  Code  Lc  main.o [1]
MX_USART2_UART_Init     0x080006f3     0x58  Code  Lc  main.o [1]
MX_WWDG_Init            0x0800074b     0x40  Code  Lc  main.o [1]
NTC_10K_3984B_Table     0x08008978     0xf0  Data  Gb  thermistor.o [1]
NVIC_DisableIRQ         0x08000f5f     0x16  Code  Lc  stm32f4xx_hal_cortex.o [1]
NVIC_EnableIRQ          0x08000f49     0x16  Code  Lc  stm32f4xx_hal_cortex.o [1]
NVIC_EncodePriority     0x08000f9b     0x42  Code  Lc  stm32f4xx_hal_cortex.o [1]
NVIC_GetPriorityGrouping
                        0x08000f3f      0xa  Code  Lc  stm32f4xx_hal_cortex.o [1]
NVIC_SetPriority        0x08000f75     0x26  Code  Lc  stm32f4xx_hal_cortex.o [1]
NVIC_SetPriorityGrouping
                        0x08000f21     0x1e  Code  Lc  stm32f4xx_hal_cortex.o [1]
NVIC_SystemReset        0x0800619d     0x1c  Code  Lc  nodeMiscHelpers.o [1]
PPTPollHandle           0x2001227c      0x4  Data  Gb  main.o [1]
PendSV_Handler          0x08008439           Code  Gb  portasm.o [1]
Region$$Table$$Base     0x08008c70            --   Gb  - Linker created -
Region$$Table$$Limit    0x08008c94            --   Gb  - Linker created -
SPI2_IRQHandler         0x08008ad5      0xa  Code  Gb  stm32f4xx_it.o [1]
SPI_CheckFlag_BSY       0x0800448b     0x2c  Code  Lc  stm32f4xx_hal_spi.o [1]
SPI_DMAAbortOnError     0x080043d1     0x16  Code  Lc  stm32f4xx_hal_spi.o [1]
SPI_DMAError            0x080043a9     0x28  Code  Lc  stm32f4xx_hal_spi.o [1]
SPI_DMAHalfReceiveCplt  0x08004389      0xe  Code  Lc  stm32f4xx_hal_spi.o [1]
SPI_DMAHalfTransmitCplt
                        0x08004379      0xe  Code  Lc  stm32f4xx_hal_spi.o [1]
SPI_DMAHalfTransmitReceiveCplt
                        0x08004399      0xe  Code  Lc  stm32f4xx_hal_spi.o [1]
SPI_DMAReceiveCplt      0x080042bd     0x5e  Code  Lc  stm32f4xx_hal_spi.o [1]
SPI_DMATransmitCplt     0x08004249     0x72  Code  Lc  stm32f4xx_hal_spi.o [1]
SPI_DMATransmitReceiveCplt
                        0x0800431d     0x5c  Code  Lc  stm32f4xx_hal_spi.o [1]
SPI_WaitFlagStateUntilTimeout
                        0x080043e9     0xa2  Code  Lc  stm32f4xx_hal_spi.o [1]
SVC_Handler             0x08008491           Code  Gb  portasm.o [1]
Serial2_Buffer_tx       0x20010420   0x1000  Data  Lc  serial.o [1]
Serial2_Ovf             0x20012330      0x1  Data  Lc  serial.o [1]
Serial2_availableForWrite
                        0x080010d7     0x1e  Code  Gb  serial.o [1]
Serial2_available_tx    0x080010f5     0x4c  Code  Lc  serial.o [1]
Serial2_begin           0x080010a9     0x14  Code  Gb  serial.o [1]
Serial2_buffer          0x20011880    0x200  Data  Gb  serial.o [1]
Serial2_dequeue_tx      0x08001141     0x2e  Code  Lc  serial.o [1]
Serial2_head_tx         0x20000008      0x4  Data  Lc  serial.o [1]
Serial2_max_tx          0x2000000c      0x4  Data  Lc  serial.o [1]
Serial2_ovf_tx          0x20012331      0x1  Data  Lc  serial.o [1]
Serial2_tail_tx         0x20000004      0x4  Data  Lc  serial.o [1]
Serial2_writeBytes      0x080011df     0xa4  Code  Gb  serial.o [1]
SysTick_Config          0x08000fdd     0x30  Code  Lc  stm32f4xx_hal_cortex.o [1]
SysTick_Handler         0x08008a69      0x8  Code  Gb  stm32f4xx_it.o [1]
SystemClock_Config      0x080003e7     0xcc  Code  Gb  main.o [1]
SystemCoreClock         0x20000010      0x4  Data  Gb  system_stm32f4xx.o [1]
SystemInit              0x08008b4d     0x4c  Code  Gb  system_stm32f4xx.o [1]
TIM6_DAC_IRQHandler     0x08008ae9      0xa  Code  Gb  stm32f4xx_it.o [1]
TIM_Base_SetConfig      0x080086ad     0xea  Code  Gb  stm32f4xx_hal_tim.o [1]
TempTaskHandle          0x20012284      0x4  Data  Gb  main.o [1]
Temp_begin              0x08001f2f     0x48  Code  Gb  ts_lib.o [1]
TmrKickDog              0x08000d2b     0x14  Code  Gb  main.o [1]
TmrSendHB               0x08000d4d     0x82  Code  Gb  main.o [1]
TmrSendHB::newFrame     0x20012130     0x14  Data  Lc  main.o [1]
UART_DMAAbortOnError    0x0800490d     0x16  Code  Lc  stm32f4xx_hal_uart.o [1]
UART_DMAError           0x08004879     0x5c  Code  Lc  stm32f4xx_hal_uart.o [1]
UART_DMAReceiveCplt     0x08004825     0x44  Code  Lc  stm32f4xx_hal_uart.o [1]
UART_DMARxHalfCplt      0x08004869      0xe  Code  Lc  stm32f4xx_hal_uart.o [1]
UART_DMATransmitCplt    0x080047e1     0x34  Code  Lc  stm32f4xx_hal_uart.o [1]
UART_DMATxHalfCplt      0x08004815      0xe  Code  Lc  stm32f4xx_hal_uart.o [1]
UART_EndRxTransfer      0x080048e9     0x20  Code  Lc  stm32f4xx_hal_uart.o [1]
UART_EndTransmit_IT     0x08004993     0x20  Code  Lc  stm32f4xx_hal_uart.o [1]
UART_EndTxTransfer      0x080048d5     0x14  Code  Lc  stm32f4xx_hal_uart.o [1]
UART_Receive_IT         0x080049b3     0xa2  Code  Lc  stm32f4xx_hal_uart.o [1]
UART_SetConfig          0x08004a55    0x302  Code  Lc  stm32f4xx_hal_uart.o [1]
UART_Transmit_IT        0x08004925     0x6e  Code  Lc  stm32f4xx_hal_uart.o [1]
USART2_IRQHandler       0x08008adf      0xa  Code  Gb  stm32f4xx_it.o [1]
WWDGTmrHandle           0x2001229c      0x4  Data  Gb  main.o [1]
__aeabi_ldiv0           0x08008975           Code  Gb  I64DivZer.o [5]
__aeabi_ldivmod         0x080087c9           Code  Gb  I64DivMod.o [5]
__aeabi_memcpy          0x08002205           Code  Gb  ABImemcpy.o [5]
__aeabi_memcpy4         0x08002225           Code  Gb  ABImemcpy.o [5]
__aeabi_memcpy8         0x08002225           Code  Gb  ABImemcpy.o [5]
__aeabi_memset          0x080088fd           Code  Gb  ABImemset.o [5]
__aeabi_uldivmod        0x0800880d           Code  Gb  I64DivMod.o [5]
__cmain                 0x08008c95           Code  Gb  cmain.o [5]
__exit                  0x08008cc5     0x14  Code  Gb  exit.o [6]
__iar_Memset            0x080088fd           Code  Gb  ABImemset.o [5]
__iar_Memset_word       0x08008905           Code  Gb  ABImemset.o [5]
__iar_copy_init3        0x08008bf9     0x2c  Code  Gb  copy_init3.o [5]
__iar_data_init3        0x08008c25     0x28  Code  Gb  data_init.o [5]
__iar_init_vfp          0x08008c4d           Code  Gb  fpinit_M.o [4]
__iar_program_start     0x08008d8d           Code  Gb  cstartup_M.o [5]
__iar_systems$$module {Abs}
                        0x00000001           Data  Gb  command line/config [2]
__iar_zero_init3        0x08008bb9     0x40  Code  Gb  zero_init3.o [5]
__low_level_init        0x08008caf      0x4  Code  Gb  low_level_init.o [3]
__vector_table          0x08000000           Data  Gb  startup_stm32f446xx.o [1]
_call_main              0x08008ca1           Code  Gb  cmain.o [5]
_exit                   0x08008cb9           Code  Gb  cexit.o [5]
_main                   0x08008cab           Code  Gb  cmain.o [5]
_mcp3909_SPI_WriteReg   0x08004fb5     0x42  Code  Gb  mcp3909.o [1]
adc_to_microCelcius     0x08006a39     0xa8  Code  Gb  thermistor.o [1]
adc_to_nanovolts        0x08006989     0x2a  Code  Gb  thermistor.o [1]
aggregate               0x20011ef8     0x40  Data  Lc  ts_lib.o [1]
binarySearchOver        0x080069e7     0x52  Code  Gb  thermistor.o [1]
bxCan2DoTx              0x08001c21     0xde  Code  Gb  can2.o [1]
bxCan2DoTx{1}{2}::toSend
                        0x200120a4     0x14  Data  Lc  can2.o [1]
bxCan2_Ercb             0x20012268      0x4  Data  Lc  can2.o [1]
bxCan2_Rxcb             0x20012264      0x4  Data  Lc  can2.o [1]
bxCan2_Txcb             0x20012260      0x4  Data  Lc  can2.o [1]
bxCan2_addMaskedFilterExt
                        0x08001a89    0x144  Code  Gb  can2.o [1]
bxCan2_addMaskedFilterStd
                        0x08001833    0x256  Code  Gb  can2.o [1]
bxCan2_begin            0x080017d7     0x5c  Code  Gb  can2.o [1]
bxCan2_getFilterNum     0x08001bcd     0x34  Code  Gb  can2.o [1]
bxCanDoTx               0x080015b7     0xde  Code  Gb  can.o [1]
bxCanDoTx{1}{2}::toSend
                        0x2001207c     0x14  Data  Lc  can.o [1]
bxCan_Ercb              0x20012250      0x4  Data  Lc  can.o [1]
bxCan_Rxcb              0x2001224c      0x4  Data  Lc  can.o [1]
bxCan_Txcb              0x20012248      0x4  Data  Lc  can.o [1]
bxCan_addMaskedFilterStd
                        0x0800130f    0x254  Code  Gb  can.o [1]
bxCan_begin             0x080012b3     0x5c  Code  Gb  can.o [1]
bxCan_getFilterNum      0x08001563     0x34  Code  Gb  can.o [1]
bxCan_sendFrame         0x08001695     0x26  Code  Gb  can.o [1]
bytesToReg              0x08005529     0x12  Code  Gb  mcp3909.o [1]
can2RxQHandle           0x20012298      0x4  Data  Gb  main.o [1]
can2TxQHandle           0x20012294      0x4  Data  Gb  main.o [1]
convInProg              0x20012333      0x1  Data  Lc  ts_lib.o [1]
currentWrite            0x2001232c      0x2  Data  Lc  serial.o [1]
dmaBuffer               0x20012224     0x10  Data  Lc  ts_lib.o [1]
doMCPTask               0x08000c67     0xc4  Code  Gb  main.o [1]
doMCPTask::newFrame     0x2001211c     0x14  Data  Lc  main.o [1]
doMCPTask::previousWaitTime
                        0x200122b4      0x4  Data  Lc  main.o [1]
doPPTPoll               0x08000bc9     0x1c  Code  Gb  main.o [1]
doPPTPoll::newFrame     0x200120f4     0x14  Data  Lc  main.o [1]
doProcessCan            0x08000be5      0xa  Code  Gb  main.o [1]
doTempTask              0x08000bef     0x78  Code  Gb  main.o [1]
doTempTask::newFrame    0x20012108     0x14  Data  Lc  main.o [1]
doTx                    0x0800116f     0x5c  Code  Lc  serial.o [1]
doTx::txavail           0x200122c0      0x4  Data  Lc  serial.o [1]
empty                   0x080012b1      0x2  Code  Lc  can.o [1]
empty                   0x080017d5      0x2  Code  Lc  can2.o [1]
executeCommand          0x080061b9    0x128  Code  Gb  nodeMiscHelpers.o [1]
executeCommand{1}{2}{5}{6}::newFrame
                        0x20012144     0x14  Data  Lc  nodeMiscHelpers.o [1]
exit                    0x08008cb3      0x4  Code  Gb  exit.o [3]
firmwareString          0x08008e04      0x4  Data  Lc  main.o [1]
getMicroCelcius         0x08001faf     0x42  Code  Gb  ts_lib.o [1]
getMicroCelcius::c      0x20012328      0x4  Data  Lc  ts_lib.o [1]
getMicroCelcius::n      0x20012324      0x4  Data  Lc  ts_lib.o [1]
getSelfState            0x080062e1     0x2e  Code  Gb  nodeMiscHelpers.o [1]
hadc                    0x2001231c      0x4  Data  Lc  ts_lib.o [1]
hadc1                   0x20011da8     0x48  Data  Gb  main.o [1]
hcan1                   0x20011df0     0x44  Data  Gb  main.o [1]
hcan2                   0x20011e34     0x44  Data  Gb  main.o [1]
hcan2_handle            0x20012254      0x4  Data  Lc  can2.o [1]
hcan_handle             0x2001223c      0x4  Data  Lc  can.o [1]
hdma_adc1               0x20011b70     0x60  Data  Gb  main.o [1]
hdma_spi2_rx            0x20011bd0     0x60  Data  Gb  main.o [1]
hdma_spi2_tx            0x20011c30     0x60  Data  Gb  main.o [1]
hdma_usart2_rx          0x20011c90     0x60  Data  Gb  main.o [1]
hdma_usart2_tx          0x20011cf0     0x60  Data  Gb  main.o [1]
hmcp1                   0x20011b0c     0x64  Data  Gb  main.o [1]
hspi2                   0x20011d50     0x58  Data  Gb  main.o [1]
htim6                   0x20011f78     0x3c  Data  Gb  stm32f4xx_hal_timebase_TIM.o [1]
huart2                  0x20011e78     0x40  Data  Gb  main.o [1]
hwwdg                   0x200120e0     0x14  Data  Gb  main.o [1]
inHandlerMode           0x0800206f     0x12  Code  Lc  cmsis_os.o [1]
init_Done               0x2001232e      0x1  Data  Gb  main.o [1]
lut                     0x20000014      0x4  Data  Gb  thermistor.o [1]
main                    0x080001c5    0x222  Code  Gb  main.o [1]
mainCanRxQHandle        0x20012290      0x4  Data  Gb  main.o [1]
mainCanTxQHandle        0x2001228c      0x4  Data  Gb  main.o [1]
makeFreeRtosPriority    0x0800205d     0x12  Code  Lc  cmsis_os.o [1]
mcp3909_DRHandle        0x200122ac      0x4  Data  Gb  main.o [1]
mcp3909_RXHandle        0x200122b0      0x4  Data  Gb  main.o [1]
mcp3909_SPI_ReadReg     0x08004ff7     0xc8  Code  Gb  mcp3909.o [1]
mcp3909_SPI_ReadRegSync
                        0x0800512f    0x100  Code  Gb  mcp3909.o [1]
mcp3909_SPI_ReadType    0x0800522f     0x10  Code  Gb  mcp3909.o [1]
mcp3909_SPI_WriteRegSync
                        0x080050bf     0x70  Code  Gb  mcp3909.o [1]
mcp3909_init            0x08005241    0x1a0  Code  Gb  mcp3909.o [1]
mcp3909_parseChannelData
                        0x0800554d     0x2c  Code  Gb  mcp3909.o [1]
mcp3909_readAllChannels
                        0x0800551d      0xc  Code  Gb  mcp3909.o [1]
mcp3909_sleep           0x08005443     0x50  Code  Gb  mcp3909.o [1]
mcp3909_verify          0x080053e1     0x62  Code  Gb  mcp3909.o [1]
mcp3909_wakeup          0x08005495     0x7a  Code  Gb  mcp3909.o [1]
mcpRxBuf                0x20011ffc     0x24  Data  Gb  main.o [1]
mcpTxBuf                0x20012020     0x24  Data  Gb  main.o [1]
nanovolts_to_milliohms  0x080069b3     0x34  Code  Gb  thermistor.o [1]
not_in_use              0x20000018      0x1  Data  Lc  can.o [1]
not_in_use              0x20000019      0x1  Data  Lc  can2.o [1]
osDelay                 0x080020cf     0x1c  Code  Gb  cmsis_os.o [1]
osDelayUntil            0x080021e5     0x20  Code  Gb  cmsis_os.o [1]
osKernelStart           0x08002081      0xa  Code  Gb  cmsis_os.o [1]
osKernelSysTick         0x0800208b     0x16  Code  Gb  cmsis_os.o [1]
osMessageCreate         0x080021c1     0x10  Code  Gb  cmsis_os.o [1]
osMutexCreate           0x08002181      0xc  Code  Gb  cmsis_os.o [1]
osSemaphoreCreate       0x0800218d     0x2e  Code  Gb  cmsis_os.o [1]
osSystickHandler        0x080021d1     0x10  Code  Gb  cmsis_os.o [1]
osThreadCreate          0x080020a1     0x2e  Code  Gb  cmsis_os.o [1]
osTimerCreate           0x080020eb     0x22  Code  Gb  cmsis_os.o [1]
osTimerStart            0x0800210d     0x74  Code  Gb  cmsis_os.o [1]
pcInterruptPriorityRegisters
                        0x08008e10      0x4  Data  Lc  port.o [1]
prvAddCurrentTaskToDelayedList
                        0x080075f5     0x7e  Code  Lc  tasks.o [1]
prvAddNewTaskToReadyList
                        0x08006c41     0xba  Code  Lc  tasks.o [1]
prvCheckForValidListAndQueue
                        0x08007b17     0x4c  Code  Lc  timers.o [1]
prvCheckTasksWaitingTermination
                        0x080073e1     0x5a  Code  Lc  tasks.o [1]
prvCopyDataFromQueue    0x08005d9f     0x30  Code  Lc  queue.o [1]
prvCopyDataToQueue      0x08005d05     0x9a  Code  Lc  queue.o [1]
prvDeleteTCB            0x0800743b     0x12  Code  Lc  tasks.o [1]
prvGetNextExpireTime    0x080078f7     0x2e  Code  Lc  timers.o [1]
prvHeapInit             0x08008349     0x6e  Code  Lc  heap_4.o [1]
prvIdleTask             0x0800735d     0x24  Code  Lc  tasks.o [1]
prvInitialiseMutex      0x0800569b     0x22  Code  Lc  queue.o [1]
prvInitialiseNewQueue   0x08005669     0x32  Code  Lc  queue.o [1]
prvInitialiseNewTask    0x08006b71     0xd0  Code  Lc  tasks.o [1]
prvInitialiseNewTimer   0x08007747     0x46  Code  Lc  timers.o [1]
prvInitialiseTaskLists  0x08007389     0x58  Code  Lc  tasks.o [1]
prvInsertBlockIntoFreeList
                        0x080083b7     0x62  Code  Lc  heap_4.o [1]
prvInsertTimerInActiveList
                        0x0800794d     0x50  Code  Lc  timers.o [1]
prvIsQueueEmpty         0x08005e3d     0x20  Code  Lc  queue.o [1]
prvIsQueueFull          0x08005e5d     0x22  Code  Lc  queue.o [1]
prvProcessExpiredTimer  0x08007811     0x5c  Code  Lc  timers.o [1]
prvProcessReceivedCommands
                        0x0800799d     0xde  Code  Lc  timers.o [1]
prvProcessTimerOrBlockTask
                        0x08007887     0x70  Code  Lc  timers.o [1]
prvResetNextTaskUnblockTime
                        0x0800744d     0x26  Code  Lc  tasks.o [1]
prvSampleTimeNow        0x08007925     0x28  Code  Lc  timers.o [1]
prvSampleTimeNow::xLastTime
                        0x20012318      0x4  Data  Lc  timers.o [1]
prvSwitchTimerLists     0x08007a7b     0x9c  Code  Lc  timers.o [1]
prvTaskExitError        0x08005f69     0x2a  Code  Lc  port.o [1]
prvTimerTask            0x0800786d     0x1a  Code  Lc  timers.o [1]
prvUnlockQueue          0x08005dcf     0x6e  Code  Lc  queue.o [1]
pvPortMalloc            0x080081ad    0x122  Code  Gb  heap_4.o [1]
pvTaskIncrementMutexHeldCount
                        0x080075dd     0x18  Code  Gb  tasks.o [1]
pxCurrentTCB            0x200122cc      0x4  Data  Gb  tasks.o [1]
pxCurrentTimerList      0x20012308      0x4  Data  Lc  timers.o [1]
pxDelayedTaskList       0x200122d0      0x4  Data  Lc  tasks.o [1]
pxEnd                   0x2001226c      0x4  Data  Lc  heap_4.o [1]
pxOverflowDelayedTaskList
                        0x200122d4      0x4  Data  Lc  tasks.o [1]
pxOverflowTimerList     0x2001230c      0x4  Data  Lc  timers.o [1]
pxPortInitialiseStack   0x08005f41     0x28  Code  Gb  port.o [1]
pxReadyTasksLists       0x20011a80     0x8c  Data  Lc  tasks.o [1]
regToBytes              0x0800553b     0x12  Code  Gb  mcp3909.o [1]
resetReading            0x08001f77     0x38  Code  Gb  ts_lib.o [1]
rxFrameBuf              0x20011fb4     0x24  Data  Lc  can.o [1]
rxFrameBuf              0x20011fd8     0x24  Data  Lc  can2.o [1]
rxQ                     0x20012240      0x4  Data  Lc  can.o [1]
rxQ                     0x20012258      0x4  Data  Lc  can2.o [1]
sampleCount             0x20011f38     0x40  Data  Lc  ts_lib.o [1]
selfNodeID              0x08000ede      0x1  Data  Lc  Can_Processor.o [1]
selfNodeID              0x08000edf      0x1  Data  Lc  main.o [1]
selfNodeID              0x0800205a      0x1  Data  Lc  nodeMiscHelpers.o [1]
selfStatusWord          0x200122b8      0x4  Data  Gb  nodeMiscHelpers.o [1]
soft_shutdown           0x0800630f     0x56  Code  Gb  nodeMiscHelpers.o [1]
swMtxHandle             0x200122a4      0x4  Data  Gb  main.o [1]
switchChannel           0x08001e19     0x3c  Code  Lc  ts_lib.o [1]
tempMtxHandle           0x20012320      0x4  Data  Lc  ts_lib.o [1]
txFrameBuf              0x20012044     0x1c  Data  Lc  can.o [1]
txFrameBuf              0x20012060     0x1c  Data  Lc  can2.o [1]
txQ                     0x20012244      0x4  Data  Lc  can.o [1]
txQ                     0x2001225c      0x4  Data  Lc  can2.o [1]
txWillTrigger           0x20012332      0x1  Data  Lc  serial.o [1]
uartMtxHandle           0x200122a8      0x4  Data  Gb  main.o [1]
ucHeap                  0x20000420  0x10000  Data  Lc  heap_4.o [1]
ucMaxSysCallPriority    0x2001232f      0x1  Data  Lc  port.o [1]
ulMaxPRIGROUPValue      0x200122bc      0x4  Data  Lc  port.o [1]
uwTick                  0x200122c4      0x4  Data  Gb  stm32f4xx_hal.o [1]
uxCriticalNesting       0x20000000      0x4  Data  Lc  port.o [1]
uxCurrentNumberOfTasks  0x200122dc      0x4  Data  Lc  tasks.o [1]
uxDeletedTasksWaitingCleanUp
                        0x200122d8      0x4  Data  Lc  tasks.o [1]
uxListRemove            0x08008185     0x28  Code  Gb  list.o [1]
uxPendedTicks           0x200122ec      0x4  Data  Lc  tasks.o [1]
uxQueueMessagesWaiting  0x08005cc1     0x28  Code  Gb  queue.o [1]
uxQueueMessagesWaitingFromISR
                        0x08005ce9     0x1c  Code  Gb  queue.o [1]
uxSchedulerSuspended    0x20012304      0x4  Data  Lc  tasks.o [1]
uxTaskNumber            0x200122f8      0x4  Data  Lc  tasks.o [1]
uxTopReadyPriority      0x200122e4      0x4  Data  Lc  tasks.o [1]
vApplicationMallocFailedHook
                        0x08008965      0x2  Code  Wk  freertos.o [1]
vApplicationStackOverflowHook
                        0x08008963      0x2  Code  Wk  freertos.o [1]
vListInitialise         0x0800810f     0x1e  Code  Gb  list.o [1]
vListInitialiseItem     0x0800812d      0x6  Code  Gb  list.o [1]
vListInsert             0x0800814b     0x3a  Code  Gb  list.o [1]
vListInsertEnd          0x08008133     0x18  Code  Gb  list.o [1]
vPortEnableVFP          0x080084c5           Code  Gb  portasm.o [1]
vPortEnterCritical      0x0800605f     0x3a  Code  Gb  port.o [1]
vPortExitCritical       0x08006099     0x32  Code  Gb  port.o [1]
vPortFree               0x080082cf     0x7a  Code  Gb  heap_4.o [1]
vPortStartFirstTask     0x080084ad           Code  Gb  portasm.o [1]
vPortValidateInterruptPriority
                        0x080060f5     0x50  Code  Gb  port.o [1]
vQueueAddToRegistry     0x08005e7f     0x28  Code  Gb  queue.o [1]
vQueueWaitForMessageRestricted
                        0x08005eb1     0x4c  Code  Gb  queue.o [1]
vTaskDelay              0x08006dad     0x4e  Code  Gb  tasks.o [1]
vTaskDelayUntil         0x08006cfb     0xb2  Code  Gb  tasks.o [1]
vTaskMissedYield        0x08007353      0xa  Code  Gb  tasks.o [1]
vTaskPlaceOnEventList   0x08007179     0x34  Code  Gb  tasks.o [1]
vTaskPlaceOnEventListRestricted
                        0x080071c5     0x40  Code  Gb  tasks.o [1]
vTaskPriorityInherit    0x08007495     0x98  Code  Gb  tasks.o [1]
vTaskSetTimeOutState    0x08007299     0x26  Code  Gb  tasks.o [1]
vTaskStartScheduler     0x08006dfb     0x74  Code  Gb  tasks.o [1]
vTaskSuspendAll         0x08006e6f     0x10  Code  Gb  tasks.o [1]
vTaskSwitchContext      0x080070c7     0xb2  Code  Gb  tasks.o [1]
xActiveTimerList1       0x200121bc     0x14  Data  Lc  timers.o [1]
xActiveTimerList2       0x200121d0     0x14  Data  Lc  timers.o [1]
xBlockAllocatedBit      0x20012278      0x4  Data  Lc  heap_4.o [1]
xDelayedTaskList1       0x20012158     0x14  Data  Lc  tasks.o [1]
xDelayedTaskList2       0x2001216c     0x14  Data  Lc  tasks.o [1]
xFreeBytesRemaining     0x20012270      0x4  Data  Lc  heap_4.o [1]
xHeapStructSize         0x08008df0      0x4  Data  Lc  heap_4.o [1]
xIdleTaskHandle         0x20012300      0x4  Data  Lc  tasks.o [1]
xMinimumEverFreeBytesRemaining
                        0x20012274      0x4  Data  Lc  heap_4.o [1]
xNextTaskUnblockTime    0x200122fc      0x4  Data  Lc  tasks.o [1]
xNumOfOverflows         0x200122f4      0x4  Data  Lc  tasks.o [1]
xPendingReadyList       0x20012180     0x14  Data  Lc  tasks.o [1]
xPortStartScheduler     0x08005f93     0xcc  Code  Gb  port.o [1]
xPortSysTickHandler     0x080060cb     0x28  Code  Gb  port.o [1]
xQueueCreateMutex       0x080056bd     0x20  Code  Gb  queue.o [1]
xQueueGenericCreate     0x08005611     0x58  Code  Gb  queue.o [1]
xQueueGenericReceive    0x08005a33    0x1d8  Code  Gb  queue.o [1]
xQueueGenericReset      0x08005579     0x98  Code  Gb  queue.o [1]
xQueueGenericSend       0x080056dd    0x1a6  Code  Gb  queue.o [1]
xQueueGenericSendFromISR
                        0x08005883     0xe6  Code  Gb  queue.o [1]
xQueueGiveFromISR       0x08005969     0xca  Code  Gb  queue.o [1]
xQueueReceiveFromISR    0x08005c0b     0xb6  Code  Gb  queue.o [1]
xQueueRegistry          0x20011eb8     0x40  Data  Gb  queue.o [1]
xSchedulerRunning       0x200122e8      0x4  Data  Lc  tasks.o [1]
xStart                  0x20012234      0x8  Data  Lc  heap_4.o [1]
xSuspendedTaskList      0x200121a8     0x14  Data  Lc  tasks.o [1]
xTaskCheckForTimeOut    0x080072c9     0x8a  Code  Gb  tasks.o [1]
xTaskCreate             0x08006af1     0x80  Code  Gb  tasks.o [1]
xTaskGetSchedulerState  0x08007473     0x22  Code  Gb  tasks.o [1]
xTaskGetTickCount       0x08006f7b      0xa  Code  Gb  tasks.o [1]
xTaskGetTickCountFromISR
                        0x08006f85     0x16  Code  Gb  tasks.o [1]
xTaskIncrementTick      0x08006f9b    0x12c  Code  Gb  tasks.o [1]
xTaskPriorityDisinherit
                        0x08007531     0xac  Code  Gb  tasks.o [1]
xTaskRemoveFromEventList
                        0x08007205     0x8e  Code  Gb  tasks.o [1]
xTaskResumeAll          0x08006e7f     0xfc  Code  Gb  tasks.o [1]
xTasksWaitingTermination
                        0x20012194     0x14  Data  Lc  tasks.o [1]
xTickCount              0x200122e0      0x4  Data  Lc  tasks.o [1]
xTimerCreate            0x08007711     0x36  Code  Gb  timers.o [1]
xTimerCreateTimerTask   0x080076c9     0x48  Code  Gb  timers.o [1]
xTimerGenericCommand    0x0800778d     0x84  Code  Gb  timers.o [1]
xTimerQueue             0x20012310      0x4  Data  Lc  timers.o [1]
xTimerTaskHandle        0x20012314      0x4  Data  Lc  timers.o [1]
xYieldPending           0x200122f0      0x4  Data  Lc  tasks.o [1]


[1] = E:\Workspaces\James\Firmware_46_SW4STM\Gen9_ADS_46\EWARM\Gen9_ADS_46\Obj
[2] = command line
[3] = dl7M_tlf.a
[4] = m7M_tls.a
[5] = rt7M_tl.a
[6] = shb_l.a

  36 101 bytes of readonly  code memory
     571 bytes of readonly  data memory
  74 542 bytes of readwrite data memory

Errors: none
Warnings: none
