###############################################################################
#
# IAR ELF Linker V8.11.1.13263/W32 for ARM                28/May/2017  17:37:20
# Copyright 2007-2017 IAR Systems AB.
#
#    Output file  =  
#        E:\Workspaces\James\Firmware_46_SW4STM\Gen9_ADS_46\EWARM\Gen9_ADS_46\Exe\Gen9_ADS_46.out
#    Map file     =  
#        E:\Workspaces\James\Firmware_46_SW4STM\Gen9_ADS_46\EWARM\Gen9_ADS_46\List\Gen9_ADS_46.map
#    Command line =  
#        -f C:\Users\James\AppData\Local\Temp\EW31A.tmp
#        (E:\Workspaces\James\Firmware_46_SW4STM\Gen9_ADS_46\EWARM\Gen9_ADS_46\Obj\can.o
#        E:\Workspaces\James\Firmware_46_SW4STM\Gen9_ADS_46\EWARM\Gen9_ADS_46\Obj\can2.o
#        E:\Workspaces\James\Firmware_46_SW4STM\Gen9_ADS_46\EWARM\Gen9_ADS_46\Obj\Can_Processor.o
#        E:\Workspaces\James\Firmware_46_SW4STM\Gen9_ADS_46\EWARM\Gen9_ADS_46\Obj\cmsis_os.o
#        E:\Workspaces\James\Firmware_46_SW4STM\Gen9_ADS_46\EWARM\Gen9_ADS_46\Obj\croutine.o
#        E:\Workspaces\James\Firmware_46_SW4STM\Gen9_ADS_46\EWARM\Gen9_ADS_46\Obj\event_groups.o
#        E:\Workspaces\James\Firmware_46_SW4STM\Gen9_ADS_46\EWARM\Gen9_ADS_46\Obj\freertos.o
#        E:\Workspaces\James\Firmware_46_SW4STM\Gen9_ADS_46\EWARM\Gen9_ADS_46\Obj\heap_4.o
#        E:\Workspaces\James\Firmware_46_SW4STM\Gen9_ADS_46\EWARM\Gen9_ADS_46\Obj\list.o
#        E:\Workspaces\James\Firmware_46_SW4STM\Gen9_ADS_46\EWARM\Gen9_ADS_46\Obj\main.o
#        E:\Workspaces\James\Firmware_46_SW4STM\Gen9_ADS_46\EWARM\Gen9_ADS_46\Obj\mcp3909.o
#        E:\Workspaces\James\Firmware_46_SW4STM\Gen9_ADS_46\EWARM\Gen9_ADS_46\Obj\nodeMiscHelpers.o
#        E:\Workspaces\James\Firmware_46_SW4STM\Gen9_ADS_46\EWARM\Gen9_ADS_46\Obj\port.o
#        E:\Workspaces\James\Firmware_46_SW4STM\Gen9_ADS_46\EWARM\Gen9_ADS_46\Obj\portasm.o
#        E:\Workspaces\James\Firmware_46_SW4STM\Gen9_ADS_46\EWARM\Gen9_ADS_46\Obj\queue.o
#        E:\Workspaces\James\Firmware_46_SW4STM\Gen9_ADS_46\EWARM\Gen9_ADS_46\Obj\serial.o
#        E:\Workspaces\James\Firmware_46_SW4STM\Gen9_ADS_46\EWARM\Gen9_ADS_46\Obj\startup_stm32f446xx.o
#        E:\Workspaces\James\Firmware_46_SW4STM\Gen9_ADS_46\EWARM\Gen9_ADS_46\Obj\stm32f4xx_hal.o
#        E:\Workspaces\James\Firmware_46_SW4STM\Gen9_ADS_46\EWARM\Gen9_ADS_46\Obj\stm32f4xx_hal_adc.o
#        E:\Workspaces\James\Firmware_46_SW4STM\Gen9_ADS_46\EWARM\Gen9_ADS_46\Obj\stm32f4xx_hal_adc_ex.o
#        E:\Workspaces\James\Firmware_46_SW4STM\Gen9_ADS_46\EWARM\Gen9_ADS_46\Obj\stm32f4xx_hal_can.o
#        E:\Workspaces\James\Firmware_46_SW4STM\Gen9_ADS_46\EWARM\Gen9_ADS_46\Obj\stm32f4xx_hal_cortex.o
#        E:\Workspaces\James\Firmware_46_SW4STM\Gen9_ADS_46\EWARM\Gen9_ADS_46\Obj\stm32f4xx_hal_dma.o
#        E:\Workspaces\James\Firmware_46_SW4STM\Gen9_ADS_46\EWARM\Gen9_ADS_46\Obj\stm32f4xx_hal_dma_ex.o
#        E:\Workspaces\James\Firmware_46_SW4STM\Gen9_ADS_46\EWARM\Gen9_ADS_46\Obj\stm32f4xx_hal_flash.o
#        E:\Workspaces\James\Firmware_46_SW4STM\Gen9_ADS_46\EWARM\Gen9_ADS_46\Obj\stm32f4xx_hal_flash_ex.o
#        E:\Workspaces\James\Firmware_46_SW4STM\Gen9_ADS_46\EWARM\Gen9_ADS_46\Obj\stm32f4xx_hal_flash_ramfunc.o
#        E:\Workspaces\James\Firmware_46_SW4STM\Gen9_ADS_46\EWARM\Gen9_ADS_46\Obj\stm32f4xx_hal_gpio.o
#        E:\Workspaces\James\Firmware_46_SW4STM\Gen9_ADS_46\EWARM\Gen9_ADS_46\Obj\stm32f4xx_hal_msp.o
#        E:\Workspaces\James\Firmware_46_SW4STM\Gen9_ADS_46\EWARM\Gen9_ADS_46\Obj\stm32f4xx_hal_pwr.o
#        E:\Workspaces\James\Firmware_46_SW4STM\Gen9_ADS_46\EWARM\Gen9_ADS_46\Obj\stm32f4xx_hal_pwr_ex.o
#        E:\Workspaces\James\Firmware_46_SW4STM\Gen9_ADS_46\EWARM\Gen9_ADS_46\Obj\stm32f4xx_hal_rcc.o
#        E:\Workspaces\James\Firmware_46_SW4STM\Gen9_ADS_46\EWARM\Gen9_ADS_46\Obj\stm32f4xx_hal_rcc_ex.o
#        E:\Workspaces\James\Firmware_46_SW4STM\Gen9_ADS_46\EWARM\Gen9_ADS_46\Obj\stm32f4xx_hal_spi.o
#        E:\Workspaces\James\Firmware_46_SW4STM\Gen9_ADS_46\EWARM\Gen9_ADS_46\Obj\stm32f4xx_hal_tim.o
#        E:\Workspaces\James\Firmware_46_SW4STM\Gen9_ADS_46\EWARM\Gen9_ADS_46\Obj\stm32f4xx_hal_tim_ex.o
#        E:\Workspaces\James\Firmware_46_SW4STM\Gen9_ADS_46\EWARM\Gen9_ADS_46\Obj\stm32f4xx_hal_timebase_TIM.o
#        E:\Workspaces\James\Firmware_46_SW4STM\Gen9_ADS_46\EWARM\Gen9_ADS_46\Obj\stm32f4xx_hal_uart.o
#        E:\Workspaces\James\Firmware_46_SW4STM\Gen9_ADS_46\EWARM\Gen9_ADS_46\Obj\stm32f4xx_hal_wwdg.o
#        E:\Workspaces\James\Firmware_46_SW4STM\Gen9_ADS_46\EWARM\Gen9_ADS_46\Obj\stm32f4xx_it.o
#        E:\Workspaces\James\Firmware_46_SW4STM\Gen9_ADS_46\EWARM\Gen9_ADS_46\Obj\system_stm32f4xx.o
#        E:\Workspaces\James\Firmware_46_SW4STM\Gen9_ADS_46\EWARM\Gen9_ADS_46\Obj\tasks.o
#        E:\Workspaces\James\Firmware_46_SW4STM\Gen9_ADS_46\EWARM\Gen9_ADS_46\Obj\thermistor.o
#        E:\Workspaces\James\Firmware_46_SW4STM\Gen9_ADS_46\EWARM\Gen9_ADS_46\Obj\timers.o
#        E:\Workspaces\James\Firmware_46_SW4STM\Gen9_ADS_46\EWARM\Gen9_ADS_46\Obj\ts_lib.o
#        --redirect _Printf=_PrintfFull --redirect _Scanf=_ScanfFull -o
#        E:\Workspaces\James\Firmware_46_SW4STM\Gen9_ADS_46\EWARM\Gen9_ADS_46\Exe\Gen9_ADS_46.out
#        --map
#        E:\Workspaces\James\Firmware_46_SW4STM\Gen9_ADS_46\EWARM\Gen9_ADS_46\List\Gen9_ADS_46.map
#        --config
#        E:\Workspaces\James\Firmware_46_SW4STM\Gen9_ADS_46\EWARM/stm32f446xx_flash.icf
#        --semihosting --entry __iar_program_start --vfe --text_out locale)
#
###############################################################################

*******************************************************************************
*** RUNTIME MODEL ATTRIBUTES
***

CppFlavor       = *
__SystemLibrary = DLib
__dlib_version  = 6


*******************************************************************************
*** HEAP SELECTION
***

The basic heap was selected because no calls to memory allocation
functions were found in the application outside of system library
functions, and there are calls to deallocation functions in the
application.


*******************************************************************************
*** PLACEMENT SUMMARY
***

"A0":  place at 0x08000000 { ro section .intvec };
"P1":  place in [from 0x08000000 to 0x0807ffff] { ro };
"P2":  place in [from 0x20000000 to 0x2001ffff] { rw, block CSTACK, block HEAP };
initialize by copy { rw };

  Section            Kind        Address     Size  Object
  -------            ----        -------     ----  ------
"A0":                                       0x1c4
  .intvec            ro code  0x08000000    0x1c4  startup_stm32f446xx.o [1]
                            - 0x080001c4    0x1c4

"P1":                                      0x663a
  .text              ro code  0x080001c4    0x9a0  main.o [1]
  .text              ro code  0x08000b64     0x34  stm32f4xx_hal.o [1]
  .text              ro code  0x08000b98     0xe8  stm32f4xx_hal_cortex.o [1]
  .text              ro code  0x08000c80    0x5ee  stm32f4xx_hal_uart.o [1]
  .text              ro code  0x08001270    0x740  stm32f4xx_hal_can.o [1]
  .text              ro code  0x080019b0    0x862  stm32f4xx_hal_spi.o [1]
  .text              ro code  0x08002212     0x32  stm32f4xx_hal_wwdg.o [1]
  .text              ro code  0x08002244    0x482  stm32f4xx_hal_adc.o [1]
  .text              ro code  0x080026c8    0x118  serial.o [1]
  .text              ro code  0x080027e0    0x2e4  can.o [1]
  .text              ro code  0x08002ac4    0x374  can2.o [1]
  .text              ro code  0x08002e38    0x17c  ts_lib.o [1]
  .text              ro code  0x08002fb4     0xec  cmsis_os.o [1]
  .text              ro code  0x080030a0     0xa6  ABImemcpy.o [5]
  .text              ro code  0x08003148    0x388  stm32f4xx_hal_rcc_ex.o [1]
  .text              ro code  0x080034d0    0x1b0  stm32f4xx_hal_rcc.o [1]
  .text              ro code  0x08003680    0x1d4  stm32f4xx_hal_gpio.o [1]
  .text              ro code  0x08003854    0x478  mcp3909.o [1]
  .text              ro code  0x08003ccc    0x6c0  queue.o [1]
  .text              ro code  0x0800438c     0x3c  Can_Processor.o [1]
  .text              ro code  0x080043c8    0x1f0  port.o [1]
  .text              ro code  0x080045b8    0x158  nodeMiscHelpers.o [1]
  .text              ro code  0x08004710     0x10  stm32f4xx_hal.o [1]
  .text              ro code  0x08004720     0x7c  stm32f4xx_hal_timebase_TIM.o [1]
  .text              ro code  0x0800479c    0x41c  stm32f4xx_hal_msp.o [1]
  .text              ro code  0x08004bb8    0x3fc  stm32f4xx_hal_dma.o [1]
  .text              ro code  0x08004fb4      0x2  stm32f4xx_hal_uart.o [1]
  .text              ro code  0x08004fb6      0x2  stm32f4xx_hal_uart.o [1]
  .text              ro code  0x08004fb8      0x2  stm32f4xx_hal_uart.o [1]
  .text              ro code  0x08004fbc      0xc  stm32f4xx_hal.o [1]
  .text              ro code  0x08004fc8      0x2  stm32f4xx_hal_spi.o [1]
  .text              ro code  0x08004fca      0x2  stm32f4xx_hal_spi.o [1]
  .text              ro code  0x08004fcc      0x2  stm32f4xx_hal_spi.o [1]
  .text              ro code  0x08004fce      0x2  stm32f4xx_hal_spi.o [1]
  .text              ro code  0x08004fd0      0x2  stm32f4xx_hal_spi.o [1]
  .text              ro code  0x08004fd2      0x2  stm32f4xx_hal_adc.o [1]
  .text              ro code  0x08004fd4     0xe2  thermistor.o [1]
  .text              ro code  0x080050b8    0x828  tasks.o [1]
  .text              ro code  0x080058e0    0x360  timers.o [1]
  .text              ro code  0x08005c40     0x8e  list.o [1]
  .text              ro code  0x08005cd0    0x1b4  heap_4.o [1]
  CODE               ro code  0x08005e84     0xa8  portasm.o [1]
  .text              ro code  0x08005f2c    0x25a  stm32f4xx_hal_tim.o [1]
  .text              ro code  0x08006188    0x132  I64DivMod.o [5]
  .text              ro code  0x080062bc     0x3a  ABImemset48.o [5]
  .text              ro code  0x080062f6      0x2  freertos.o [1]
  .text              ro code  0x080062f8      0x2  freertos.o [1]
  .text              ro code  0x080062fa      0x2  stm32f4xx_hal_tim.o [1]
  .text              ro code  0x080062fc      0x2  stm32f4xx_hal_tim.o [1]
  .text              ro code  0x080062fe      0x2  stm32f4xx_hal_tim_ex.o [1]
  .text              ro code  0x08006300      0x2  stm32f4xx_hal_tim.o [1]
  .text              ro code  0x08006302      0x2  stm32f4xx_hal_tim_ex.o [1]
  .text              ro code  0x08006304      0x2  stm32f4xx_hal_tim.o [1]
  .text              ro code  0x08006308      0x2  I64DivZer.o [5]
  .rodata            const    0x0800630c     0xf0  thermistor.o [1]
  .text              ro code  0x080063fc     0x90  stm32f4xx_it.o [1]
  .text              ro code  0x0800648c     0x60  system_stm32f4xx.o [1]
  .text              ro code  0x080064ec     0x40  zero_init3.o [5]
  .text              ro code  0x0800652c     0x38  packbits_init_single.o [5]
  .rodata            const    0x08006564     0x2c  main.o [1]
  .text              ro code  0x08006590     0x28  data_init.o [5]
  .text              ro code  0x080065b8     0x22  fpinit_M.o [4]
  .iar.init_table    const    0x080065dc     0x20  - Linker created -
  .text              ro code  0x080065fc     0x1a  cmain.o [5]
  .text              ro code  0x08006616      0x4  low_level_init.o [3]
  .text              ro code  0x0800661a      0x4  exit.o [3]
  .text              ro code  0x08006620      0xa  cexit.o [5]
  .text              ro code  0x0800662c     0x14  exit.o [6]
  .text              ro code  0x08006640     0x10  startup_stm32f446xx.o [1]
  .text              ro code  0x08006650      0xc  cstartup_M.o [5]
  .rodata            const    0x0800665c      0x8  system_stm32f4xx.o [1]
  .text              ro code  0x08006664      0x4  startup_stm32f446xx.o [1]
  .text              ro code  0x08006668      0x4  startup_stm32f446xx.o [1]
  .text              ro code  0x0800666c      0x4  startup_stm32f446xx.o [1]
  .text              ro code  0x08006670      0x4  startup_stm32f446xx.o [1]
  .text              ro code  0x08006674      0x4  startup_stm32f446xx.o [1]
  .text              ro code  0x08006678      0x4  startup_stm32f446xx.o [1]
  .text              ro code  0x0800667c      0x4  startup_stm32f446xx.o [1]
  .text              ro code  0x08006680      0x4  startup_stm32f446xx.o [1]
  .text              ro code  0x08006684      0x4  startup_stm32f446xx.o [1]
  .text              ro code  0x08006688      0x4  startup_stm32f446xx.o [1]
  .text              ro code  0x0800668c      0x4  startup_stm32f446xx.o [1]
  .text              ro code  0x08006690      0x4  startup_stm32f446xx.o [1]
  .text              ro code  0x08006694      0x4  startup_stm32f446xx.o [1]
  .text              ro code  0x08006698      0x4  startup_stm32f446xx.o [1]
  .text              ro code  0x0800669c      0x4  startup_stm32f446xx.o [1]
  .text              ro code  0x080066a0      0x4  startup_stm32f446xx.o [1]
  .text              ro code  0x080066a4      0x4  startup_stm32f446xx.o [1]
  .text              ro code  0x080066a8      0x4  startup_stm32f446xx.o [1]
  .text              ro code  0x080066ac      0x4  startup_stm32f446xx.o [1]
  .text              ro code  0x080066b0      0x4  startup_stm32f446xx.o [1]
  .text              ro code  0x080066b4      0x4  startup_stm32f446xx.o [1]
  .text              ro code  0x080066b8      0x4  startup_stm32f446xx.o [1]
  .text              ro code  0x080066bc      0x4  startup_stm32f446xx.o [1]
  .text              ro code  0x080066c0      0x4  startup_stm32f446xx.o [1]
  .text              ro code  0x080066c4      0x4  startup_stm32f446xx.o [1]
  .text              ro code  0x080066c8      0x4  startup_stm32f446xx.o [1]
  .text              ro code  0x080066cc      0x4  startup_stm32f446xx.o [1]
  .text              ro code  0x080066d0      0x4  startup_stm32f446xx.o [1]
  .text              ro code  0x080066d4      0x4  startup_stm32f446xx.o [1]
  .text              ro code  0x080066d8      0x4  startup_stm32f446xx.o [1]
  .text              ro code  0x080066dc      0x4  startup_stm32f446xx.o [1]
  .text              ro code  0x080066e0      0x4  startup_stm32f446xx.o [1]
  .text              ro code  0x080066e4      0x4  startup_stm32f446xx.o [1]
  .text              ro code  0x080066e8      0x4  startup_stm32f446xx.o [1]
  .text              ro code  0x080066ec      0x4  startup_stm32f446xx.o [1]
  .text              ro code  0x080066f0      0x4  startup_stm32f446xx.o [1]
  .text              ro code  0x080066f4      0x4  startup_stm32f446xx.o [1]
  .text              ro code  0x080066f8      0x4  startup_stm32f446xx.o [1]
  .text              ro code  0x080066fc      0x4  startup_stm32f446xx.o [1]
  .text              ro code  0x08006700      0x4  startup_stm32f446xx.o [1]
  .text              ro code  0x08006704      0x4  startup_stm32f446xx.o [1]
  .text              ro code  0x08006708      0x4  startup_stm32f446xx.o [1]
  .text              ro code  0x0800670c      0x4  startup_stm32f446xx.o [1]
  .text              ro code  0x08006710      0x4  startup_stm32f446xx.o [1]
  .text              ro code  0x08006714      0x4  startup_stm32f446xx.o [1]
  .text              ro code  0x08006718      0x4  startup_stm32f446xx.o [1]
  .text              ro code  0x0800671c      0x4  startup_stm32f446xx.o [1]
  .text              ro code  0x08006720      0x4  startup_stm32f446xx.o [1]
  .text              ro code  0x08006724      0x4  startup_stm32f446xx.o [1]
  .text              ro code  0x08006728      0x4  startup_stm32f446xx.o [1]
  .text              ro code  0x0800672c      0x4  startup_stm32f446xx.o [1]
  .text              ro code  0x08006730      0x4  startup_stm32f446xx.o [1]
  .text              ro code  0x08006734      0x4  startup_stm32f446xx.o [1]
  .text              ro code  0x08006738      0x4  startup_stm32f446xx.o [1]
  .text              ro code  0x0800673c      0x4  startup_stm32f446xx.o [1]
  .text              ro code  0x08006740      0x4  startup_stm32f446xx.o [1]
  .text              ro code  0x08006744      0x4  startup_stm32f446xx.o [1]
  .text              ro code  0x08006748      0x4  startup_stm32f446xx.o [1]
  .text              ro code  0x0800674c      0x4  startup_stm32f446xx.o [1]
  .text              ro code  0x08006750      0x4  startup_stm32f446xx.o [1]
  .text              ro code  0x08006754      0x4  startup_stm32f446xx.o [1]
  .text              ro code  0x08006758      0x4  startup_stm32f446xx.o [1]
  .text              ro code  0x0800675c      0x4  startup_stm32f446xx.o [1]
  .text              ro code  0x08006760      0x4  startup_stm32f446xx.o [1]
  .text              ro code  0x08006764      0x4  startup_stm32f446xx.o [1]
  .text              ro code  0x08006768      0x4  startup_stm32f446xx.o [1]
  .text              ro code  0x0800676c      0x4  startup_stm32f446xx.o [1]
  .text              ro code  0x08006770      0x4  startup_stm32f446xx.o [1]
  .text              ro code  0x08006774      0x4  startup_stm32f446xx.o [1]
  .text              ro code  0x08006778      0x4  startup_stm32f446xx.o [1]
  .text              ro code  0x0800677c      0x4  startup_stm32f446xx.o [1]
  .text              ro code  0x08006780      0x4  startup_stm32f446xx.o [1]
  .text              ro code  0x08006784      0x4  startup_stm32f446xx.o [1]
  .text              ro code  0x08006788      0x4  startup_stm32f446xx.o [1]
  .text              ro code  0x0800678c      0x4  startup_stm32f446xx.o [1]
  .rodata            const    0x08006790      0x0  zero_init3.o [5]
  .rodata            const    0x08006790      0x0  packbits_init_single.o [5]
  Initializer bytes  const    0x08006790     0x6e  <for P2-1>
                            - 0x080067fe   0x663a

"P2", part 1 of 3:                         0x12a0
  P2-1                        0x20000000   0x12a0  <Init block>
    .data            inited   0x20000000     0x3c  can.o [1]
    .data            inited   0x2000003c     0x3c  can2.o [1]
    .data            inited   0x20000078      0xc  port.o [1]
    .data            inited   0x20000084    0x208  serial.o [1]
    .data            inited   0x2000028c   0x100c  serial.o [1]
    .data            inited   0x20001298      0x4  system_stm32f4xx.o [1]
    .data            inited   0x2000129c      0x4  thermistor.o [1]
                            - 0x200012a0   0x12a0

"P2", part 2 of 3:                          0x400
  CSTACK                      0x200012a0    0x400  <Block>
    CSTACK           uninit   0x200012a0    0x400  <Block tail>
                            - 0x200016a0    0x400

"P2", part 3 of 3:                        0x10c94
  .bss               zero     0x200016a0  0x10018  heap_4.o [1]
  .bss               zero     0x200116b8    0x230  can.o [1]
  .bss               zero     0x200118e8    0x230  can2.o [1]
  .bss               zero     0x20011b18     0xe4  main.o [1]
  .bss               zero     0x20011bfc     0xb4  main.o [1]
  .bss               zero     0x20011cb0     0xa0  tasks.o [1]
  .bss               zero     0x20011d50     0x94  main.o [1]
  .bss               zero     0x20011de4     0x8c  tasks.o [1]
  .bss               zero     0x20011e70     0x80  ts_lib.o [1]
  .bss               zero     0x20011ef0     0x64  main.o [1]
  .bss               zero     0x20011f54     0x60  main.o [1]
  .bss               zero     0x20011fb4     0x60  main.o [1]
  .bss               zero     0x20012014     0x60  main.o [1]
  .bss               zero     0x20012074     0x60  main.o [1]
  .bss               zero     0x200120d4     0x60  main.o [1]
  .bss               zero     0x20012134     0x40  queue.o [1]
  .bss               zero     0x20012174     0x3c  stm32f4xx_hal_timebase_TIM.o [1]
  .bss               zero     0x200121b0     0x3c  timers.o [1]
  .bss               zero     0x200121ec     0x24  can.o [1]
  .bss               zero     0x20012210     0x24  can2.o [1]
  .bss               zero     0x20012234     0x1c  can.o [1]
  .bss               zero     0x20012250     0x1c  can2.o [1]
  .bss               zero     0x2001226c     0x1c  ts_lib.o [1]
  .bss               zero     0x20012288     0x18  nodeMiscHelpers.o [1]
  .bss               zero     0x200122a0     0x14  can.o [1]
  .bss               zero     0x200122b4     0x14  can.o [1]
  .bss               zero     0x200122c8     0x14  can2.o [1]
  .bss               zero     0x200122dc     0x14  can2.o [1]
  .bss               zero     0x200122f0     0x14  Can_Processor.o [1]
  .bss               zero     0x20012304     0x14  main.o [1]
  .bss               zero     0x20012318     0x14  main.o [1]
  .bss               zero     0x2001232c      0x4  stm32f4xx_hal.o [1]
  .bss               zero     0x20012330      0x4  stm32f4xx_hal_msp.o [1]
                            - 0x20012334  0x10c94


*******************************************************************************
*** INIT TABLE
***

          Address     Size
          -------     ----
Zero (__iar_zero_init3)
    1 destination range, total size 0x10c94:
          0x200016a0  0x10c94

Copy/packbits (__iar_packbits_init_single3)
    1 source range, total size 0x6e (2% of destination):
          0x08006790     0x6e
    1 destination range, total size 0x12a0:
          0x20000000   0x12a0



*******************************************************************************
*** MODULE SUMMARY
***

    Module                        ro code  ro data  rw data
    ------                        -------  -------  -------
E:\Workspaces\James\Firmware_46_SW4STM\Gen9_ADS_46\EWARM\Gen9_ADS_46\Obj: [1]
    Can_Processor.o                    60                20
    can.o                             740        1      724
    can2.o                            884        1      724
    cmsis_os.o                        236
    freertos.o                          4
    heap_4.o                          436            65 560
    list.o                            142
    main.o                          2 464       44    1 176
    mcp3909.o                       1 144
    nodeMiscHelpers.o                 344                24
    port.o                            496        1       12
    portasm.o                         168
    queue.o                         1 728                64
    serial.o                          280      106    4 628
    startup_stm32f446xx.o             768
    stm32f4xx_hal.o                    80                 4
    stm32f4xx_hal_adc.o             1 156
    stm32f4xx_hal_can.o             1 856
    stm32f4xx_hal_cortex.o            232
    stm32f4xx_hal_dma.o             1 020
    stm32f4xx_hal_gpio.o              468
    stm32f4xx_hal_msp.o             1 052                 4
    stm32f4xx_hal_rcc.o               432
    stm32f4xx_hal_rcc_ex.o            904
    stm32f4xx_hal_spi.o             2 156
    stm32f4xx_hal_tim.o               610
    stm32f4xx_hal_tim_ex.o              4
    stm32f4xx_hal_timebase_TIM.o      124                60
    stm32f4xx_hal_uart.o            1 524
    stm32f4xx_hal_wwdg.o               50
    stm32f4xx_it.o                    144
    system_stm32f4xx.o                 96        8        4
    tasks.o                         2 088               300
    thermistor.o                      226      241        4
    timers.o                          864                60
    ts_lib.o                          380               156
    -------------------------------------------------------
    Total:                         25 360      402   73 524

command line: [2]
    -------------------------------------------------------
    Total:

dl7M_tlf.a: [3]
    exit.o                              4
    low_level_init.o                    4
    -------------------------------------------------------
    Total:                              8

m7M_tls.a: [4]
    fpinit_M.o                         34
    -------------------------------------------------------
    Total:                             34

rt7M_tl.a: [5]
    ABImemcpy.o                       166
    ABImemset48.o                      58
    I64DivMod.o                       306
    I64DivZer.o                         2
    cexit.o                            10
    cmain.o                            26
    cstartup_M.o                       12
    data_init.o                        40
    packbits_init_single.o             56
    zero_init3.o                       64
    -------------------------------------------------------
    Total:                            740

shb_l.a: [6]
    exit.o                             20
    -------------------------------------------------------
    Total:                             20

    Gaps                               22        4
    Linker created                              32    1 024
-----------------------------------------------------------
    Grand Total:                   26 184      438   74 548


*******************************************************************************
*** ENTRY LIST
***

Entry                      Address     Size  Type      Object
-----                      -------     ----  ----      ------
.iar.init_table$$Base   0x080065dc            --   Gb  - Linker created -
.iar.init_table$$Limit  0x080065fc            --   Gb  - Linker created -
?main                   0x080065fd           Code  Gb  cmain.o [5]
ADC_DMAConvCplt         0x08002651     0x5a  Code  Lc  stm32f4xx_hal_adc.o [1]
ADC_DMAError            0x080026b5     0x12  Code  Lc  stm32f4xx_hal_adc.o [1]
ADC_DMAHalfConvCplt     0x080026ad      0x6  Code  Lc  stm32f4xx_hal_adc.o [1]
ADC_Init                0x0800253b     0xf4  Code  Lc  stm32f4xx_hal_adc.o [1]
AHBPrescTable           0x080064dc     0x10  Data  Gb  system_stm32f4xx.o [1]
APBPrescTable           0x0800665c      0x8  Data  Gb  system_stm32f4xx.o [1]
CAN1_ErrorCallback      0x08002a7f     0x2a  Code  Gb  can.o [1]
CAN1_RX0_IRQHandler     0x0800641b      0x2  Code  Gb  stm32f4xx_it.o [1]
CAN1_RX1_IRQHandler     0x08006423      0x2  Code  Gb  stm32f4xx_it.o [1]
CAN1_RxCpltCallback     0x08002a25     0x50  Code  Gb  can.o [1]
CAN1_RxCpltCallback::received
                        0x200122b4     0x14  Data  Lc  can.o [1]
CAN1_SCE_IRQHandler     0x08006425      0x2  Code  Gb  stm32f4xx_it.o [1]
CAN1_TX_IRQHandler      0x08006419      0x2  Code  Gb  stm32f4xx_it.o [1]
CAN1_TxCpltCallback     0x08002a13     0x12  Code  Gb  can.o [1]
CAN2_ErrorCallback      0x08002df1     0x2a  Code  Gb  can2.o [1]
CAN2_RX0_IRQHandler     0x08006457      0x2  Code  Gb  stm32f4xx_it.o [1]
CAN2_RX1_IRQHandler     0x08006489      0x2  Code  Gb  stm32f4xx_it.o [1]
CAN2_RxCpltCallback     0x08002d97     0x50  Code  Gb  can2.o [1]
CAN2_RxCpltCallback::received
                        0x200122dc     0x14  Data  Lc  can2.o [1]
CAN2_SCE_IRQHandler     0x0800648b      0x2  Code  Gb  stm32f4xx_it.o [1]
CAN2_TX_IRQHandler      0x08006455      0x2  Code  Gb  stm32f4xx_it.o [1]
CAN2_TxCpltCallback     0x08002d85     0x12  Code  Gb  can2.o [1]
CAN_Receive_IT          0x0800187d    0x12a  Code  Lc  stm32f4xx_hal_can.o [1]
CSTACK$$Base            0x200012a0            --   Gb  - Linker created -
CSTACK$$Limit           0x200016a0            --   Gb  - Linker created -
Can2_availableForTx     0x08002cd5     0x1c  Code  Gb  can2.o [1]
Can_Processor           0x0800438d     0x3c  Code  Gb  Can_Processor.o [1]
Can_Processor::newFrame
                        0x200122f0     0x14  Data  Lc  Can_Processor.o [1]
Can_ProcessorHandle     0x20011c88      0x4  Data  Gb  main.o [1]
Can_availableForTx      0x08002943     0x1c  Code  Gb  can.o [1]
Can_filterCapacity      0x20000004     0x10  Data  Lc  can.o [1]
Can_filterCapacity      0x20000040     0x10  Data  Lc  can2.o [1]
Can_filterUsage         0x20000014     0x10  Data  Lc  can.o [1]
Can_filterUsage         0x20000050     0x10  Data  Lc  can2.o [1]
Can_filters             0x200116b8    0x230  Data  Lc  can.o [1]
Can_filters             0x200118e8    0x230  Data  Lc  can2.o [1]
DMA1_Stream3_IRQHandler
                        0x08006401      0x6  Code  Gb  stm32f4xx_it.o [1]
DMA1_Stream4_IRQHandler
                        0x08006407      0x6  Code  Gb  stm32f4xx_it.o [1]
DMA1_Stream5_IRQHandler
                        0x0800640d      0x6  Code  Gb  stm32f4xx_it.o [1]
DMA1_Stream6_IRQHandler
                        0x08006413      0x6  Code  Gb  stm32f4xx_it.o [1]
DMA2_Stream0_IRQHandler
                        0x0800644f      0x6  Code  Gb  stm32f4xx_it.o [1]
DMA_CalcBaseAndBitshift
                        0x08004f85     0x26  Code  Lc  stm32f4xx_hal_dma.o [1]
DMA_CalcBaseAndBitshift::flagBitshiftOffset
                        0x08004fac      0x8  Data  Lc  stm32f4xx_hal_dma.o [1]
DMA_SetConfig           0x08004f65     0x20  Code  Lc  stm32f4xx_hal_dma.o [1]
EM_Init                 0x08000857     0x48  Code  Gb  main.o [1]
EXTI9_5_IRQHandler      0x08006427     0x16  Code  Gb  stm32f4xx_it.o [1]
Error_Handler           0x08000ad9      0x2  Code  Gb  main.o [1]
HAL_ADC_ConfigChannel   0x08002409    0x11c  Code  Gb  stm32f4xx_hal_adc.o [1]
HAL_ADC_ConvCpltCallback
                        0x08002e79     0x8c  Code  Gb  ts_lib.o [1]
HAL_ADC_ErrorCallback   0x08002f05      0xa  Code  Gb  ts_lib.o [1]
HAL_ADC_Init            0x08002245     0x50  Code  Gb  stm32f4xx_hal_adc.o [1]
HAL_ADC_MspInit         0x080047fd     0x88  Code  Gb  stm32f4xx_hal_msp.o [1]
HAL_ADC_Start_DMA       0x080022b7     0xfe  Code  Gb  stm32f4xx_hal_adc.o [1]
HAL_ADC_Stop_DMA        0x080023b5     0x54  Code  Gb  stm32f4xx_hal_adc.o [1]
HAL_CAN_ConfigFilter    0x080013b7     0xbe  Code  Gb  stm32f4xx_hal_can.o [1]
HAL_CAN_ErrorCallback   0x080007df     0x16  Code  Gb  main.o [1]
HAL_CAN_GetError        0x08001879      0x4  Code  Gb  stm32f4xx_hal_can.o [1]
HAL_CAN_IRQHandler      0x08001669    0x1ea  Code  Gb  stm32f4xx_hal_can.o [1]
HAL_CAN_Init            0x08001271    0x146  Code  Gb  stm32f4xx_hal_can.o [1]
HAL_CAN_MspInit         0x08004891     0xe0  Code  Gb  stm32f4xx_hal_msp.o [1]
HAL_CAN_Receive_IT      0x080015ab     0xb2  Code  Gb  stm32f4xx_hal_can.o [1]
HAL_CAN_RxCpltCallback  0x080007c9     0x16  Code  Gb  main.o [1]
HAL_CAN_Transmit_IT     0x08001483     0xfe  Code  Gb  stm32f4xx_hal_can.o [1]
HAL_CAN_TxCpltCallback  0x080007b3     0x16  Code  Gb  main.o [1]
HAL_DMA_Abort           0x08004d07     0x76  Code  Gb  stm32f4xx_hal_dma.o [1]
HAL_DMA_Abort_IT        0x08004d7d     0x24  Code  Gb  stm32f4xx_hal_dma.o [1]
HAL_DMA_IRQHandler      0x08004da1    0x176  Code  Gb  stm32f4xx_hal_dma.o [1]
HAL_DMA_Init            0x08004bb9     0xe4  Code  Gb  stm32f4xx_hal_dma.o [1]
HAL_DMA_Start_IT        0x08004c9d     0x6a  Code  Gb  stm32f4xx_hal_dma.o [1]
HAL_GPIO_EXTI_Callback  0x080007f5     0x28  Code  Gb  main.o [1]
HAL_GPIO_EXTI_IRQHandler
                        0x08003819     0x10  Code  Gb  stm32f4xx_hal_gpio.o [1]
HAL_GPIO_Init           0x08003681    0x190  Code  Gb  stm32f4xx_hal_gpio.o [1]
HAL_GPIO_WritePin       0x08003811      0x8  Code  Gb  stm32f4xx_hal_gpio.o [1]
HAL_GetTick             0x08004fbd      0xc  Code  Wk  stm32f4xx_hal.o [1]
HAL_IncTick             0x08004711     0x10  Code  Wk  stm32f4xx_hal.o [1]
HAL_Init                0x08000b65     0x30  Code  Gb  stm32f4xx_hal.o [1]
HAL_InitTick            0x08004721     0x6c  Code  Gb  stm32f4xx_hal_timebase_TIM.o [1]
HAL_MspInit             0x0800479d     0x60  Code  Gb  stm32f4xx_hal_msp.o [1]
HAL_NVIC_DisableIRQ     0x08000c11      0x8  Code  Gb  stm32f4xx_hal_cortex.o [1]
HAL_NVIC_EnableIRQ      0x08000c07      0xa  Code  Gb  stm32f4xx_hal_cortex.o [1]
HAL_NVIC_SetPriority    0x08000bcd     0x3a  Code  Gb  stm32f4xx_hal_cortex.o [1]
HAL_NVIC_SetPriorityGrouping
                        0x08000bb3     0x1a  Code  Gb  stm32f4xx_hal_cortex.o [1]
HAL_RCC_CAN1_CLK_ENABLED
                        0x20012330      0x4  Data  Lc  stm32f4xx_hal_msp.o [1]
HAL_RCC_ClockConfig     0x080034d1    0x12a  Code  Gb  stm32f4xx_hal_rcc.o [1]
HAL_RCC_GetClockConfig  0x08003633     0x36  Code  Gb  stm32f4xx_hal_rcc.o [1]
HAL_RCC_GetHCLKFreq     0x08003609      0x6  Code  Gb  stm32f4xx_hal_rcc.o [1]
HAL_RCC_GetPCLK1Freq    0x0800360f     0x10  Code  Gb  stm32f4xx_hal_rcc.o [1]
HAL_RCC_GetPCLK2Freq    0x0800361f      0xe  Code  Gb  stm32f4xx_hal_rcc.o [1]
HAL_RCC_GetSysClockFreq
                        0x08003149     0x84  Code  Gb  stm32f4xx_hal_rcc_ex.o [1]
HAL_RCC_OscConfig       0x080031cd    0x2cc  Code  Gb  stm32f4xx_hal_rcc_ex.o [1]
HAL_SPI_IRQHandler      0x08001f03     0xf4  Code  Gb  stm32f4xx_hal_spi.o [1]
HAL_SPI_Init            0x080019b1     0x78  Code  Gb  stm32f4xx_hal_spi.o [1]
HAL_SPI_MspInit         0x080049a1     0xc4  Code  Gb  stm32f4xx_hal_msp.o [1]
HAL_SPI_Transmit        0x08001a29    0x152  Code  Gb  stm32f4xx_hal_spi.o [1]
HAL_SPI_TransmitReceive
                        0x08001b8b    0x1ba  Code  Gb  stm32f4xx_hal_spi.o [1]
HAL_SPI_TransmitReceive_DMA
                        0x08001deb     0x92  Code  Gb  stm32f4xx_hal_spi.o [1]
HAL_SPI_Transmit_DMA    0x08001d77     0x74  Code  Gb  stm32f4xx_hal_spi.o [1]
HAL_SPI_TxCpltCallback  0x08000843     0x14  Code  Gb  main.o [1]
HAL_SPI_TxRxCpltCallback
                        0x0800081d     0x20  Code  Gb  main.o [1]
HAL_SYSTICK_CLKSourceConfig
                        0x08000c4b     0x1a  Code  Gb  stm32f4xx_hal_cortex.o [1]
HAL_SYSTICK_Config      0x08000c23     0x28  Code  Gb  stm32f4xx_hal_cortex.o [1]
HAL_TIMEx_BreakCallback
                        0x080062ff      0x2  Code  Wk  stm32f4xx_hal_tim_ex.o [1]
HAL_TIMEx_CommutationCallback
                        0x08006303      0x2  Code  Wk  stm32f4xx_hal_tim_ex.o [1]
HAL_TIM_Base_Init       0x08005f2d     0x1a  Code  Gb  stm32f4xx_hal_tim.o [1]
HAL_TIM_Base_Start_IT   0x08005f47     0x16  Code  Gb  stm32f4xx_hal_tim.o [1]
HAL_TIM_IRQHandler      0x08005f81    0x142  Code  Gb  stm32f4xx_hal_tim.o [1]
HAL_TIM_PeriodElapsedCallback
                        0x08000a5f      0xe  Code  Gb  main.o [1]
HAL_UART_GetState       0x08000f5b      0xc  Code  Gb  stm32f4xx_hal_uart.o [1]
HAL_UART_IRQHandler     0x08000e09    0x152  Code  Gb  stm32f4xx_hal_uart.o [1]
HAL_UART_Init           0x08000c81     0x20  Code  Gb  stm32f4xx_hal_uart.o [1]
HAL_UART_MspInit        0x08004a77     0xb2  Code  Gb  stm32f4xx_hal_msp.o [1]
HAL_UART_Receive_DMA    0x08000d6b     0x92  Code  Gb  stm32f4xx_hal_uart.o [1]
HAL_UART_RxCpltCallback
                        0x080026d5      0xe  Code  Gb  serial.o [1]
HAL_UART_Transmit_DMA   0x08000cf3     0x78  Code  Gb  stm32f4xx_hal_uart.o [1]
HAL_UART_TxCpltCallback
                        0x08002761     0x10  Code  Gb  serial.o [1]
HAL_WWDG_Init           0x08002213     0x28  Code  Gb  stm32f4xx_hal_wwdg.o [1]
HAL_WWDG_MspInit        0x08004b41     0x26  Code  Gb  stm32f4xx_hal_msp.o [1]
HAL_WWDG_Refresh        0x0800223b      0xa  Code  Gb  stm32f4xx_hal_wwdg.o [1]
HBTmrHandle             0x20011ca4      0x4  Data  Gb  main.o [1]
MCPTaskHandle           0x20011c90      0x4  Data  Gb  main.o [1]
MX_GPIO_Init            0x08000613    0x16e  Code  Lc  main.o [1]
NTC_10K_3984B_Table     0x0800630c     0xf0  Data  Gb  thermistor.o [1]
NVIC_SetPriority        0x08000b99     0x1a  Code  Lc  stm32f4xx_hal_cortex.o [1]
NVIC_SystemReset        0x080045b9     0x1a  Code  Lc  nodeMiscHelpers.o [1]
PPTPollHandle           0x20011c84      0x4  Data  Gb  main.o [1]
PendSV_Handler          0x08005e85           Code  Gb  portasm.o [1]
Region$$Table$$Base     0x080065dc            --   Gb  - Linker created -
Region$$Table$$Limit    0x080065fc            --   Gb  - Linker created -
SPI2_IRQHandler         0x0800643d      0x6  Code  Gb  stm32f4xx_it.o [1]
SPI_CheckFlag_BSY       0x080021cb     0x1c  Code  Lc  stm32f4xx_hal_spi.o [1]
SPI_DMAAbortOnError     0x08002129      0xc  Code  Lc  stm32f4xx_hal_spi.o [1]
SPI_DMAError            0x08002109     0x1e  Code  Lc  stm32f4xx_hal_spi.o [1]
SPI_DMAHalfReceiveCplt  0x080020f9      0x6  Code  Lc  stm32f4xx_hal_spi.o [1]
SPI_DMAHalfTransmitCplt
                        0x080020f1      0x6  Code  Lc  stm32f4xx_hal_spi.o [1]
SPI_DMAHalfTransmitReceiveCplt
                        0x08002101      0x6  Code  Lc  stm32f4xx_hal_spi.o [1]
SPI_DMAReceiveCplt      0x08002045     0x50  Code  Lc  stm32f4xx_hal_spi.o [1]
SPI_DMATransmitCplt     0x08001ff9     0x3e  Code  Lc  stm32f4xx_hal_spi.o [1]
SPI_DMATransmitReceiveCplt
                        0x08002095     0x3c  Code  Lc  stm32f4xx_hal_spi.o [1]
SPI_WaitFlagStateUntilTimeout
                        0x08002135     0x88  Code  Lc  stm32f4xx_hal_spi.o [1]
SVC_Handler             0x08005edd           Code  Gb  portasm.o [1]
Serial2_Buffer_tx       0x20000298   0x1000  Data  Lc  serial.o [1]
Serial2_Ovf             0x20000084      0x1  Data  Lc  serial.o [1]
Serial2_availableForWrite
                        0x080026e3     0x18  Code  Gb  serial.o [1]
Serial2_begin           0x080026c9      0xc  Code  Gb  serial.o [1]
Serial2_buffer          0x2000008c    0x200  Data  Gb  serial.o [1]
Serial2_head_tx         0x20000294      0x4  Data  Lc  serial.o [1]
Serial2_ovf_tx          0x2000028c      0x1  Data  Lc  serial.o [1]
Serial2_tail            0x20000088      0x4  Data  Lc  serial.o [1]
Serial2_tail_tx         0x20000290      0x4  Data  Lc  serial.o [1]
Serial2_writeBytes      0x08002771     0x60  Code  Gb  serial.o [1]
SysTick_Handler         0x080063fd      0x4  Code  Gb  stm32f4xx_it.o [1]
SystemClock_Config      0x08000563     0xb0  Code  Gb  main.o [1]
SystemCoreClock         0x20001298      0x4  Data  Gb  system_stm32f4xx.o [1]
SystemInit              0x0800648d     0x3a  Code  Gb  system_stm32f4xx.o [1]
TIM6_DAC_IRQHandler     0x08006449      0x6  Code  Gb  stm32f4xx_it.o [1]
TIM_Base_SetConfig      0x080060c9     0x8e  Code  Gb  stm32f4xx_hal_tim.o [1]
TempTaskHandle          0x20011c8c      0x4  Data  Gb  main.o [1]
Temp_begin              0x08002f0f     0x32  Code  Gb  ts_lib.o [1]
TmrKickDog              0x080009e9     0x14  Code  Gb  main.o [1]
TmrSendHB               0x080009fd     0x62  Code  Gb  main.o [1]
TmrSendHB::newFrame     0x20012318     0x14  Data  Lc  main.o [1]
UART_DMAAbortOnError    0x08001055      0xc  Code  Lc  stm32f4xx_hal_uart.o [1]
UART_DMAError           0x08000fdd     0x4a  Code  Lc  stm32f4xx_hal_uart.o [1]
UART_DMAReceiveCplt     0x08000f9d     0x38  Code  Lc  stm32f4xx_hal_uart.o [1]
UART_DMARxHalfCplt      0x08000fd5      0x6  Code  Lc  stm32f4xx_hal_uart.o [1]
UART_DMATransmitCplt    0x08000f69     0x2a  Code  Lc  stm32f4xx_hal_uart.o [1]
UART_DMATxHalfCplt      0x08000f95      0x6  Code  Lc  stm32f4xx_hal_uart.o [1]
UART_EndRxTransfer      0x08001039     0x1c  Code  Lc  stm32f4xx_hal_uart.o [1]
UART_EndTxTransfer      0x08001027     0x12  Code  Lc  stm32f4xx_hal_uart.o [1]
UART_Receive_IT         0x08001061     0x8c  Code  Lc  stm32f4xx_hal_uart.o [1]
UART_SetConfig          0x080010ed    0x13a  Code  Lc  stm32f4xx_hal_uart.o [1]
USART2_IRQHandler       0x08006443      0x6  Code  Gb  stm32f4xx_it.o [1]
WWDGTmrHandle           0x20011ca0      0x4  Data  Gb  main.o [1]
__aeabi_ldiv0           0x08006309           Code  Gb  I64DivZer.o [5]
__aeabi_ldivmod         0x08006189           Code  Gb  I64DivMod.o [5]
__aeabi_memcpy          0x080030a1           Code  Gb  ABImemcpy.o [5]
__aeabi_memcpy4         0x080030c1           Code  Gb  ABImemcpy.o [5]
__aeabi_memcpy8         0x080030c1           Code  Gb  ABImemcpy.o [5]
__aeabi_memset4         0x080062bd           Code  Gb  ABImemset48.o [5]
__aeabi_memset8         0x080062bd           Code  Gb  ABImemset48.o [5]
__aeabi_uldivmod        0x080061cd           Code  Gb  I64DivMod.o [5]
__cmain                 0x080065fd           Code  Gb  cmain.o [5]
__exit                  0x0800662d     0x14  Code  Gb  exit.o [6]
__iar_Memset4_word      0x080062c5           Code  Gb  ABImemset48.o [5]
__iar_Memset8_word      0x080062c5           Code  Gb  ABImemset48.o [5]
__iar_data_init3        0x08006591     0x28  Code  Gb  data_init.o [5]
__iar_init_vfp          0x080065b9           Code  Gb  fpinit_M.o [4]
__iar_packbits_init_single3
                        0x0800652d     0x38  Code  Gb  packbits_init_single.o [5]
__iar_program_start     0x08006651           Code  Gb  cstartup_M.o [5]
__iar_systems$$module {Abs}
                        0x00000001           Data  Gb  command line/config [2]
__iar_zero_init3        0x080064ed     0x40  Code  Gb  zero_init3.o [5]
__low_level_init        0x08006617      0x4  Code  Gb  low_level_init.o [3]
__vector_table          0x08000000           Data  Gb  startup_stm32f446xx.o [1]
_call_main              0x08006609           Code  Gb  cmain.o [5]
_exit                   0x08006621           Code  Gb  cexit.o [5]
_main                   0x08006613           Code  Gb  cmain.o [5]
_mcp3909_SPI_WriteReg   0x0800385f     0x26  Code  Gb  mcp3909.o [1]
adc_to_microCelcius     0x08005049     0x22  Code  Gb  thermistor.o [1]
adc_to_nanovolts        0x08004fd5     0x22  Code  Gb  thermistor.o [1]
aggregate               0x20011e70     0x40  Data  Lc  ts_lib.o [1]
binarySearchOver        0x0800501f     0x2a  Code  Gb  thermistor.o [1]
bxCan2DoTx              0x08002cf1     0x94  Code  Gb  can2.o [1]
bxCan2DoTx{1}{2}::toSend
                        0x200122c8     0x14  Data  Lc  can2.o [1]
bxCan2_Ercb             0x20000074      0x4  Data  Lc  can2.o [1]
bxCan2_Rxcb             0x20000070      0x4  Data  Lc  can2.o [1]
bxCan2_Txcb             0x2000006c      0x4  Data  Lc  can2.o [1]
bxCan2_addMaskedFilterExt
                        0x08002c09     0x92  Code  Gb  can2.o [1]
bxCan2_addMaskedFilterStd
                        0x08002af5    0x10a  Code  Gb  can2.o [1]
bxCan2_begin            0x08002ac7     0x2e  Code  Gb  can2.o [1]
bxCan2_getFilterNum     0x08002cad     0x28  Code  Gb  can2.o [1]
bxCanDoTx               0x0800295f     0x94  Code  Gb  can.o [1]
bxCanDoTx{1}{2}::toSend
                        0x200122a0     0x14  Data  Lc  can.o [1]
bxCan_Ercb              0x20000038      0x4  Data  Lc  can.o [1]
bxCan_Rxcb              0x20000034      0x4  Data  Lc  can.o [1]
bxCan_Txcb              0x20000030      0x4  Data  Lc  can.o [1]
bxCan_addMaskedFilterStd
                        0x08002811    0x100  Code  Gb  can.o [1]
bxCan_begin             0x080027e3     0x2e  Code  Gb  can.o [1]
bxCan_getFilterNum      0x0800291b     0x28  Code  Gb  can.o [1]
bxCan_sendFrame         0x080029f3     0x20  Code  Gb  can.o [1]
bytesToReg              0x08003c87     0x12  Code  Gb  mcp3909.o [1]
can2RxQHandle           0x20011dc0      0x4  Data  Gb  main.o [1]
can2TxQHandle           0x20011c9c      0x4  Data  Gb  main.o [1]
convInProg              0x2001226c      0x1  Data  Lc  ts_lib.o [1]
currentWrite            0x2000028e      0x2  Data  Lc  serial.o [1]
dmaBuffer               0x20012270     0x10  Data  Lc  ts_lib.o [1]
doMCPTask               0x0800092b     0xb2  Code  Gb  main.o [1]
doMCPTask::newFrame     0x20011d50     0x14  Data  Lc  main.o [1]
doMCPTask::previousWaitTime
                        0x20011dcc      0x4  Data  Lc  main.o [1]
doPPTPoll               0x0800089f     0x1e  Code  Gb  main.o [1]
doPPTPoll::newFrame     0x20011dd0     0x14  Data  Lc  main.o [1]
doProcessCan            0x080008bd      0x8  Code  Gb  main.o [1]
doTempTask              0x080008c5     0x66  Code  Gb  main.o [1]
doTempTask::newFrame    0x20012304     0x14  Data  Lc  main.o [1]
doTx                    0x080026fb     0x66  Code  Lc  serial.o [1]
empty                   0x080027e1      0x2  Code  Lc  can.o [1]
empty                   0x08002ac5      0x2  Code  Lc  can2.o [1]
executeCommand          0x080045d5     0xb4  Code  Gb  nodeMiscHelpers.o [1]
executeCommand{1}{2}{5}{6}::newFrame
                        0x20012288     0x14  Data  Lc  nodeMiscHelpers.o [1]
exit                    0x0800661b      0x4  Code  Gb  exit.o [3]
getMicroCelcius         0x08002f79     0x1c  Code  Gb  ts_lib.o [1]
getSelfState            0x08004689     0x22  Code  Gb  nodeMiscHelpers.o [1]
hadc                    0x20012280      0x4  Data  Lc  ts_lib.o [1]
hadc1                   0x20011bfc     0x48  Data  Gb  main.o [1]
hcan1                   0x20011d68     0x44  Data  Gb  main.o [1]
hcan2                   0x20011b18     0x44  Data  Gb  main.o [1]
hcan2_handle            0x20000060      0x4  Data  Lc  can2.o [1]
hcan_handle             0x20000024      0x4  Data  Lc  can.o [1]
hdma_adc1               0x20011f54     0x60  Data  Gb  main.o [1]
hdma_spi2_rx            0x20011fb4     0x60  Data  Gb  main.o [1]
hdma_spi2_tx            0x20012014     0x60  Data  Gb  main.o [1]
hdma_usart2_rx          0x20012074     0x60  Data  Gb  main.o [1]
hdma_usart2_tx          0x200120d4     0x60  Data  Gb  main.o [1]
hmcp1                   0x20011ef0     0x64  Data  Gb  main.o [1]
hspi2                   0x20011b5c     0x58  Data  Gb  main.o [1]
htim6                   0x20012174     0x3c  Data  Gb  stm32f4xx_hal_timebase_TIM.o [1]
huart2                  0x20011c44     0x40  Data  Gb  main.o [1]
hwwdg                   0x20011dac     0x14  Data  Gb  main.o [1]
inHandlerMode           0x08002fc1      0xc  Code  Lc  cmsis_os.o [1]
init_Done               0x20011d64      0x1  Data  Gb  main.o [1]
lut                     0x2000129c      0x4  Data  Gb  thermistor.o [1]
main                    0x080001c5    0x392  Code  Gb  main.o [1]
mainCanRxQHandle        0x20011c98      0x4  Data  Gb  main.o [1]
mainCanTxQHandle        0x20011c94      0x4  Data  Gb  main.o [1]
makeFreeRtosPriority    0x08002fb5      0xc  Code  Lc  cmsis_os.o [1]
mcp3909_DRHandle        0x20011dc4      0x4  Data  Gb  main.o [1]
mcp3909_RXHandle        0x20011dc8      0x4  Data  Gb  main.o [1]
mcp3909_SPI_ReadReg     0x08003893     0xa4  Code  Gb  mcp3909.o [1]
mcp3909_SPI_ReadRegSync
                        0x08003995     0xb4  Code  Gb  mcp3909.o [1]
mcp3909_SPI_ReadType    0x08003a53      0xa  Code  Gb  mcp3909.o [1]
mcp3909_SPI_WriteRegSync
                        0x08003937     0x34  Code  Gb  mcp3909.o [1]
mcp3909_init            0x08003a65    0x120  Code  Gb  mcp3909.o [1]
mcp3909_parseChannelData
                        0x08003cab     0x22  Code  Gb  mcp3909.o [1]
mcp3909_readAllChannels
                        0x08003c81      0x6  Code  Gb  mcp3909.o [1]
mcp3909_sleep           0x08003be5     0x34  Code  Gb  mcp3909.o [1]
mcp3909_verify          0x08003b95     0x50  Code  Gb  mcp3909.o [1]
mcp3909_wakeup          0x08003c19     0x5c  Code  Gb  mcp3909.o [1]
mcpRxBuf                0x20011bb4     0x24  Data  Gb  main.o [1]
mcpTxBuf                0x20011bd8     0x24  Data  Gb  main.o [1]
nanovolts_to_milliohms  0x08004ff7     0x28  Code  Gb  thermistor.o [1]
not_in_use              0x20000000      0x1  Data  Lc  can.o [1]
not_in_use              0x2000003c      0x1  Data  Lc  can2.o [1]
osDelay                 0x0800301d      0xe  Code  Gb  cmsis_os.o [1]
osDelayUntil            0x08003093      0xe  Code  Gb  cmsis_os.o [1]
osKernelStart           0x08002fcd      0xa  Code  Gb  cmsis_os.o [1]
osKernelSysTick         0x08002fd7     0x18  Code  Gb  cmsis_os.o [1]
osMessageCreate         0x08003075      0xa  Code  Gb  cmsis_os.o [1]
osMutexCreate           0x08003045      0x6  Code  Gb  cmsis_os.o [1]
osSemaphoreCreate       0x0800304b     0x26  Code  Gb  cmsis_os.o [1]
osSystickHandler        0x0800307f     0x14  Code  Gb  cmsis_os.o [1]
osThreadCreate          0x08002fef     0x2e  Code  Gb  cmsis_os.o [1]
osTimerCreate           0x0800302b     0x1a  Code  Gb  cmsis_os.o [1]
prvAddCurrentTaskToDelayedList
                        0x08005865     0x64  Code  Lc  tasks.o [1]
prvAddNewTaskToReadyList
                        0x08005191     0xb4  Code  Lc  tasks.o [1]
prvCheckForValidListAndQueue
                        0x08005be3     0x46  Code  Lc  timers.o [1]
prvCopyDataFromQueue    0x0800427f     0x26  Code  Lc  queue.o [1]
prvCopyDataToQueue      0x08004217     0x68  Code  Lc  queue.o [1]
prvDeleteTCB            0x08005705     0x14  Code  Lc  tasks.o [1]
prvIdleTask             0x080056ad     0x58  Code  Lc  tasks.o [1]
prvInitialiseNewQueue   0x08003d79     0x16  Code  Lc  queue.o [1]
prvInitialiseNewTask    0x08005111     0x80  Code  Lc  tasks.o [1]
prvInitialiseNewTimer   0x08005943     0x38  Code  Lc  timers.o [1]
prvInsertBlockIntoFreeList
                        0x08005e39     0x46  Code  Lc  heap_4.o [1]
prvInsertTimerInActiveList
                        0x08005b07     0x34  Code  Lc  timers.o [1]
prvIsQueueEmpty         0x08004305     0x16  Code  Lc  queue.o [1]
prvProcessReceivedCommands
                        0x08005b3d     0xa6  Code  Lc  timers.o [1]
prvProcessTimerOrBlockTask
                        0x080059e3     0x9a  Code  Lc  timers.o [1]
prvResetNextTaskUnblockTime
                        0x08005719     0x1c  Code  Lc  tasks.o [1]
prvSampleTimeNow        0x08005a7d     0x7a  Code  Lc  timers.o [1]
prvSampleTimeNow::xLastTime
                        0x200121c0      0x4  Data  Lc  timers.o [1]
prvTaskExitError        0x080043f1     0x28  Code  Lc  port.o [1]
prvTimerTask            0x080059c5     0x1e  Code  Lc  timers.o [1]
prvUnlockQueue          0x080042a5     0x60  Code  Lc  queue.o [1]
pvPortMalloc            0x08005cd1    0x108  Code  Gb  heap_4.o [1]
pvTaskIncrementMutexHeldCount
                        0x08005853     0x12  Code  Gb  tasks.o [1]
pxCurrentTCB            0x20011cd8      0x4  Data  Gb  tasks.o [1]
pxCurrentTimerList      0x200121b0      0x4  Data  Lc  timers.o [1]
pxDelayedTaskList       0x20011cdc      0x4  Data  Lc  tasks.o [1]
pxEnd                   0x200016a8      0x4  Data  Lc  heap_4.o [1]
pxOverflowDelayedTaskList
                        0x20011ce0      0x4  Data  Lc  tasks.o [1]
pxOverflowTimerList     0x200121b4      0x4  Data  Lc  timers.o [1]
pxPortInitialiseStack   0x080043c9     0x26  Code  Gb  port.o [1]
pxReadyTasksLists       0x20011de4     0x8c  Data  Lc  tasks.o [1]
regToBytes              0x08003c99     0x12  Code  Gb  mcp3909.o [1]
resetReading            0x08002f47     0x32  Code  Gb  ts_lib.o [1]
rxFrameBuf              0x200121ec     0x24  Data  Lc  can.o [1]
rxFrameBuf              0x20012210     0x24  Data  Lc  can2.o [1]
rxQ                     0x20000028      0x4  Data  Lc  can.o [1]
rxQ                     0x20000064      0x4  Data  Lc  can2.o [1]
sampleCount             0x20011eb0     0x40  Data  Lc  ts_lib.o [1]
selfStatusWord          0x2001229c      0x4  Data  Gb  nodeMiscHelpers.o [1]
soft_shutdown           0x080046b7     0x3e  Code  Gb  nodeMiscHelpers.o [1]
swMtxHandle             0x20011ca8      0x4  Data  Gb  main.o [1]
switchChannel           0x08002e39     0x40  Code  Lc  ts_lib.o [1]
tempMtxHandle           0x20012284      0x4  Data  Lc  ts_lib.o [1]
txFrameBuf              0x20012234     0x1c  Data  Lc  can.o [1]
txFrameBuf              0x20012250     0x1c  Data  Lc  can2.o [1]
txQ                     0x2000002c      0x4  Data  Lc  can.o [1]
txQ                     0x20000068      0x4  Data  Lc  can2.o [1]
txWillTrigger           0x2000028d      0x1  Data  Lc  serial.o [1]
uartMtxHandle           0x20011cac      0x4  Data  Gb  main.o [1]
ucHeap                  0x200016b8  0x10000  Data  Lc  heap_4.o [1]
ucMaxSysCallPriority    0x20000078      0x1  Data  Lc  port.o [1]
ulMaxPRIGROUPValue      0x20000080      0x4  Data  Lc  port.o [1]
uwTick                  0x2001232c      0x4  Data  Gb  stm32f4xx_hal.o [1]
uxCriticalNesting       0x2000007c      0x4  Data  Lc  port.o [1]
uxCurrentNumberOfTasks  0x20011cfc      0x4  Data  Lc  tasks.o [1]
uxDeletedTasksWaitingCleanUp
                        0x20011ce4      0x4  Data  Lc  tasks.o [1]
uxListRemove            0x08005cab     0x24  Code  Gb  list.o [1]
uxPendedTicks           0x20011d0c      0x4  Data  Lc  tasks.o [1]
uxQueueMessagesWaiting  0x080041d7     0x12  Code  Gb  queue.o [1]
uxQueueMessagesWaitingFromISR
                        0x08004201     0x16  Code  Gb  queue.o [1]
uxSchedulerSuspended    0x20011d20      0x4  Data  Lc  tasks.o [1]
uxTaskNumber            0x20011d18      0x4  Data  Lc  tasks.o [1]
uxTopReadyPriority      0x20011d04      0x4  Data  Lc  tasks.o [1]
vApplicationMallocFailedHook
                        0x080062f9      0x2  Code  Wk  freertos.o [1]
vApplicationStackOverflowHook
                        0x080062f7      0x2  Code  Wk  freertos.o [1]
vListInitialise         0x08005c41     0x1a  Code  Gb  list.o [1]
vListInitialiseItem     0x08005c5b      0x6  Code  Gb  list.o [1]
vListInsert             0x08005c79     0x32  Code  Gb  list.o [1]
vListInsertEnd          0x08005c61     0x18  Code  Gb  list.o [1]
vPortEnableVFP          0x08005f11           Code  Gb  portasm.o [1]
vPortEnterCritical      0x080044b5     0x32  Code  Gb  port.o [1]
vPortExitCritical       0x080044e7     0x22  Code  Gb  port.o [1]
vPortFree               0x08005de7     0x44  Code  Gb  heap_4.o [1]
vPortStartFirstTask     0x08005ef9           Code  Gb  portasm.o [1]
vPortValidateInterruptPriority
                        0x08004531     0x42  Code  Gb  port.o [1]
vQueueAddToRegistry     0x0800431b     0x20  Code  Gb  queue.o [1]
vQueueWaitForMessageRestricted
                        0x08004345     0x48  Code  Gb  queue.o [1]
vTaskDelay              0x080052a5     0x2e  Code  Gb  tasks.o [1]
vTaskDelayUntil         0x08005245     0x60  Code  Gb  tasks.o [1]
vTaskMissedYield        0x080056a3      0x8  Code  Gb  tasks.o [1]
vTaskPlaceOnEventList   0x08005563     0x14  Code  Gb  tasks.o [1]
vTaskPlaceOnEventListRestricted
                        0x0800558f     0x1e  Code  Gb  tasks.o [1]
vTaskPriorityInherit    0x0800574b     0x76  Code  Gb  tasks.o [1]
vTaskSetTimeOutState    0x0800562f     0x1e  Code  Gb  tasks.o [1]
vTaskStartScheduler     0x080052e5     0x60  Code  Gb  tasks.o [1]
vTaskSuspendAll         0x08005345      0xc  Code  Gb  tasks.o [1]
vTaskSwitchContext      0x080054d9     0x76  Code  Gb  tasks.o [1]
xActiveTimerList1       0x200121c4     0x14  Data  Lc  timers.o [1]
xActiveTimerList2       0x200121d8     0x14  Data  Lc  timers.o [1]
xBlockAllocatedBit      0x200016b4      0x4  Data  Lc  heap_4.o [1]
xDelayedTaskList1       0x20011d24     0x14  Data  Lc  tasks.o [1]
xDelayedTaskList2       0x20011d38     0x14  Data  Lc  tasks.o [1]
xFreeBytesRemaining     0x200016ac      0x4  Data  Lc  heap_4.o [1]
xIdleTaskHandle         0x20011d4c      0x4  Data  Lc  tasks.o [1]
xMinimumEverFreeBytesRemaining
                        0x200016b0      0x4  Data  Lc  heap_4.o [1]
xNextTaskUnblockTime    0x20011d1c      0x4  Data  Lc  tasks.o [1]
xNumOfOverflows         0x20011d14      0x4  Data  Lc  tasks.o [1]
xPendingReadyList       0x20011cb0     0x14  Data  Lc  tasks.o [1]
xPortStartScheduler     0x08004419     0x8a  Code  Gb  port.o [1]
xPortSysTickHandler     0x08004509     0x26  Code  Gb  port.o [1]
xQueueCreateMutex       0x08003d8f     0x24  Code  Gb  queue.o [1]
xQueueGenericCreate     0x08003d41     0x38  Code  Gb  queue.o [1]
xQueueGenericReceive    0x08004011    0x136  Code  Gb  queue.o [1]
xQueueGenericReset      0x08003ccd     0x74  Code  Gb  queue.o [1]
xQueueGenericSend       0x08003db3    0x12a  Code  Gb  queue.o [1]
xQueueGenericSendFromISR
                        0x08003edd     0x92  Code  Gb  queue.o [1]
xQueueGiveFromISR       0x08003f6f     0x78  Code  Gb  queue.o [1]
xQueueReceiveFromISR    0x08004151     0x7e  Code  Gb  queue.o [1]
xQueueRegistry          0x20012134     0x40  Data  Gb  queue.o [1]
xSchedulerRunning       0x20011d08      0x4  Data  Lc  tasks.o [1]
xStart                  0x200016a0      0x8  Data  Lc  heap_4.o [1]
xSuspendedTaskList      0x20011ce8     0x14  Data  Lc  tasks.o [1]
xTaskCheckForTimeOut    0x0800564d     0x56  Code  Gb  tasks.o [1]
xTaskCreate             0x080050b9     0x58  Code  Gb  tasks.o [1]
xTaskGetSchedulerState  0x08005735     0x16  Code  Gb  tasks.o [1]
xTaskGetTickCount       0x080053f1      0x8  Code  Gb  tasks.o [1]
xTaskGetTickCountFromISR
                        0x080053f9      0xe  Code  Gb  tasks.o [1]
xTaskIncrementTick      0x08005407     0xc2  Code  Gb  tasks.o [1]
xTaskPriorityDisinherit
                        0x080057c1     0x82  Code  Gb  tasks.o [1]
xTaskRemoveFromEventList
                        0x080055cb     0x4c  Code  Gb  tasks.o [1]
xTaskResumeAll          0x08005351     0x98  Code  Gb  tasks.o [1]
xTasksWaitingTermination
                        0x20011cc4     0x14  Data  Lc  tasks.o [1]
xTickCount              0x20011d00      0x4  Data  Lc  tasks.o [1]
xTimerCreate            0x08005915     0x2e  Code  Gb  timers.o [1]
xTimerCreateTimerTask   0x080058e1     0x34  Code  Gb  timers.o [1]
xTimerGenericCommand    0x0800597b     0x48  Code  Gb  timers.o [1]
xTimerQueue             0x200121b8      0x4  Data  Lc  timers.o [1]
xTimerTaskHandle        0x200121bc      0x4  Data  Lc  timers.o [1]
xYieldPending           0x20011d10      0x4  Data  Lc  tasks.o [1]


[1] = E:\Workspaces\James\Firmware_46_SW4STM\Gen9_ADS_46\EWARM\Gen9_ADS_46\Obj
[2] = command line
[3] = dl7M_tlf.a
[4] = m7M_tls.a
[5] = rt7M_tl.a
[6] = shb_l.a

  26 184 bytes of readonly  code memory
     438 bytes of readonly  data memory
  74 548 bytes of readwrite data memory

Errors: none
Warnings: none
