###############################################################################
#
# IAR ELF Linker V8.11.1.13263/W32 for ARM                29/Jun/2017  00:01:37
# Copyright 2007-2017 IAR Systems AB.
#
#    Output file  =  
#        E:\Workspaces\James\Firmware_46_SW4STM\Gen9_ADS_46\EWARM\Gen9_ADS_46\Exe\Gen9_ADS_46.out
#    Map file     =  
#        E:\Workspaces\James\Firmware_46_SW4STM\Gen9_ADS_46\EWARM\Gen9_ADS_46\List\Gen9_ADS_46.map
#    Command line =  
#        -f C:\Users\James\AppData\Local\Temp\EW900.tmp
#        (E:\Workspaces\James\Firmware_46_SW4STM\Gen9_ADS_46\EWARM\Gen9_ADS_46\Obj\can.o
#        E:\Workspaces\James\Firmware_46_SW4STM\Gen9_ADS_46\EWARM\Gen9_ADS_46\Obj\can2.o
#        E:\Workspaces\James\Firmware_46_SW4STM\Gen9_ADS_46\EWARM\Gen9_ADS_46\Obj\Can_Processor.o
#        E:\Workspaces\James\Firmware_46_SW4STM\Gen9_ADS_46\EWARM\Gen9_ADS_46\Obj\cmsis_os.o
#        E:\Workspaces\James\Firmware_46_SW4STM\Gen9_ADS_46\EWARM\Gen9_ADS_46\Obj\croutine.o
#        E:\Workspaces\James\Firmware_46_SW4STM\Gen9_ADS_46\EWARM\Gen9_ADS_46\Obj\event_groups.o
#        E:\Workspaces\James\Firmware_46_SW4STM\Gen9_ADS_46\EWARM\Gen9_ADS_46\Obj\freertos.o
#        E:\Workspaces\James\Firmware_46_SW4STM\Gen9_ADS_46\EWARM\Gen9_ADS_46\Obj\heap_4.o
#        E:\Workspaces\James\Firmware_46_SW4STM\Gen9_ADS_46\EWARM\Gen9_ADS_46\Obj\list.o
#        E:\Workspaces\James\Firmware_46_SW4STM\Gen9_ADS_46\EWARM\Gen9_ADS_46\Obj\main.o
#        E:\Workspaces\James\Firmware_46_SW4STM\Gen9_ADS_46\EWARM\Gen9_ADS_46\Obj\mcp3909.o
#        E:\Workspaces\James\Firmware_46_SW4STM\Gen9_ADS_46\EWARM\Gen9_ADS_46\Obj\nodeMiscHelpers.o
#        E:\Workspaces\James\Firmware_46_SW4STM\Gen9_ADS_46\EWARM\Gen9_ADS_46\Obj\port.o
#        E:\Workspaces\James\Firmware_46_SW4STM\Gen9_ADS_46\EWARM\Gen9_ADS_46\Obj\portasm.o
#        E:\Workspaces\James\Firmware_46_SW4STM\Gen9_ADS_46\EWARM\Gen9_ADS_46\Obj\psb0cal.o
#        E:\Workspaces\James\Firmware_46_SW4STM\Gen9_ADS_46\EWARM\Gen9_ADS_46\Obj\queue.o
#        E:\Workspaces\James\Firmware_46_SW4STM\Gen9_ADS_46\EWARM\Gen9_ADS_46\Obj\serial.o
#        E:\Workspaces\James\Firmware_46_SW4STM\Gen9_ADS_46\EWARM\Gen9_ADS_46\Obj\startup_stm32f446xx.o
#        E:\Workspaces\James\Firmware_46_SW4STM\Gen9_ADS_46\EWARM\Gen9_ADS_46\Obj\stm32f4xx_hal.o
#        E:\Workspaces\James\Firmware_46_SW4STM\Gen9_ADS_46\EWARM\Gen9_ADS_46\Obj\stm32f4xx_hal_adc.o
#        E:\Workspaces\James\Firmware_46_SW4STM\Gen9_ADS_46\EWARM\Gen9_ADS_46\Obj\stm32f4xx_hal_adc_ex.o
#        E:\Workspaces\James\Firmware_46_SW4STM\Gen9_ADS_46\EWARM\Gen9_ADS_46\Obj\stm32f4xx_hal_can.o
#        E:\Workspaces\James\Firmware_46_SW4STM\Gen9_ADS_46\EWARM\Gen9_ADS_46\Obj\stm32f4xx_hal_cortex.o
#        E:\Workspaces\James\Firmware_46_SW4STM\Gen9_ADS_46\EWARM\Gen9_ADS_46\Obj\stm32f4xx_hal_dma.o
#        E:\Workspaces\James\Firmware_46_SW4STM\Gen9_ADS_46\EWARM\Gen9_ADS_46\Obj\stm32f4xx_hal_dma_ex.o
#        E:\Workspaces\James\Firmware_46_SW4STM\Gen9_ADS_46\EWARM\Gen9_ADS_46\Obj\stm32f4xx_hal_flash.o
#        E:\Workspaces\James\Firmware_46_SW4STM\Gen9_ADS_46\EWARM\Gen9_ADS_46\Obj\stm32f4xx_hal_flash_ex.o
#        E:\Workspaces\James\Firmware_46_SW4STM\Gen9_ADS_46\EWARM\Gen9_ADS_46\Obj\stm32f4xx_hal_flash_ramfunc.o
#        E:\Workspaces\James\Firmware_46_SW4STM\Gen9_ADS_46\EWARM\Gen9_ADS_46\Obj\stm32f4xx_hal_gpio.o
#        E:\Workspaces\James\Firmware_46_SW4STM\Gen9_ADS_46\EWARM\Gen9_ADS_46\Obj\stm32f4xx_hal_msp.o
#        E:\Workspaces\James\Firmware_46_SW4STM\Gen9_ADS_46\EWARM\Gen9_ADS_46\Obj\stm32f4xx_hal_pwr.o
#        E:\Workspaces\James\Firmware_46_SW4STM\Gen9_ADS_46\EWARM\Gen9_ADS_46\Obj\stm32f4xx_hal_pwr_ex.o
#        E:\Workspaces\James\Firmware_46_SW4STM\Gen9_ADS_46\EWARM\Gen9_ADS_46\Obj\stm32f4xx_hal_rcc.o
#        E:\Workspaces\James\Firmware_46_SW4STM\Gen9_ADS_46\EWARM\Gen9_ADS_46\Obj\stm32f4xx_hal_rcc_ex.o
#        E:\Workspaces\James\Firmware_46_SW4STM\Gen9_ADS_46\EWARM\Gen9_ADS_46\Obj\stm32f4xx_hal_spi.o
#        E:\Workspaces\James\Firmware_46_SW4STM\Gen9_ADS_46\EWARM\Gen9_ADS_46\Obj\stm32f4xx_hal_tim.o
#        E:\Workspaces\James\Firmware_46_SW4STM\Gen9_ADS_46\EWARM\Gen9_ADS_46\Obj\stm32f4xx_hal_tim_ex.o
#        E:\Workspaces\James\Firmware_46_SW4STM\Gen9_ADS_46\EWARM\Gen9_ADS_46\Obj\stm32f4xx_hal_timebase_TIM.o
#        E:\Workspaces\James\Firmware_46_SW4STM\Gen9_ADS_46\EWARM\Gen9_ADS_46\Obj\stm32f4xx_hal_uart.o
#        E:\Workspaces\James\Firmware_46_SW4STM\Gen9_ADS_46\EWARM\Gen9_ADS_46\Obj\stm32f4xx_hal_wwdg.o
#        E:\Workspaces\James\Firmware_46_SW4STM\Gen9_ADS_46\EWARM\Gen9_ADS_46\Obj\stm32f4xx_it.o
#        E:\Workspaces\James\Firmware_46_SW4STM\Gen9_ADS_46\EWARM\Gen9_ADS_46\Obj\system_stm32f4xx.o
#        E:\Workspaces\James\Firmware_46_SW4STM\Gen9_ADS_46\EWARM\Gen9_ADS_46\Obj\tasks.o
#        E:\Workspaces\James\Firmware_46_SW4STM\Gen9_ADS_46\EWARM\Gen9_ADS_46\Obj\thermistor.o
#        E:\Workspaces\James\Firmware_46_SW4STM\Gen9_ADS_46\EWARM\Gen9_ADS_46\Obj\timers.o
#        E:\Workspaces\James\Firmware_46_SW4STM\Gen9_ADS_46\EWARM\Gen9_ADS_46\Obj\ts_lib.o
#        --redirect _Printf=_PrintfFull --redirect _Scanf=_ScanfFull -o
#        E:\Workspaces\James\Firmware_46_SW4STM\Gen9_ADS_46\EWARM\Gen9_ADS_46\Exe\Gen9_ADS_46.out
#        --map
#        E:\Workspaces\James\Firmware_46_SW4STM\Gen9_ADS_46\EWARM\Gen9_ADS_46\List\Gen9_ADS_46.map
#        --config
#        E:\Workspaces\James\Firmware_46_SW4STM\Gen9_ADS_46\EWARM/stm32f446xx_flash.icf
#        --semihosting --entry __iar_program_start --vfe --text_out locale)
#
###############################################################################

*******************************************************************************
*** RUNTIME MODEL ATTRIBUTES
***

CppFlavor       = *
__SystemLibrary = DLib
__dlib_version  = 6


*******************************************************************************
*** HEAP SELECTION
***

The basic heap was selected because no calls to memory allocation
functions were found in the application outside of system library
functions, and there are calls to deallocation functions in the
application.


*******************************************************************************
*** PLACEMENT SUMMARY
***

"A0":  place at 0x08000000 { ro section .intvec };
"P1":  place in [from 0x08000000 to 0x0807ffff] { ro };
"P2":  place in [from 0x20000000 to 0x2001ffff] { rw, block CSTACK, block HEAP };
initialize by copy { rw };

  Section            Kind        Address     Size  Object
  -------            ----        -------     ----  ------
"A0":                                       0x1c4
  .intvec            ro code  0x08000000    0x1c4  startup_stm32f446xx.o [1]
                            - 0x080001c4    0x1c4

"P1":                                      0x9278
  .text              ro code  0x080001c4    0xfa6  main.o [1]
  .rodata            const    0x0800116a      0x1  Can_Processor.o [1]
  .rodata            const    0x0800116b      0x1  main.o [1]
  .text              ro code  0x0800116c     0x40  stm32f4xx_hal.o [1]
  .text              ro code  0x080011ac    0x188  stm32f4xx_hal_cortex.o [1]
  .text              ro code  0x08001334    0x208  serial.o [1]
  .text              ro code  0x0800153c    0x524  can.o [1]
  .text              ro code  0x08001a60    0x644  can2.o [1]
  .text              ro code  0x080020a4    0x208  ts_lib.o [1]
  .text              ro code  0x080022ac     0x3a  stm32f4xx_hal_wwdg.o [1]
  .rodata            const    0x080022e6      0x1  nodeMiscHelpers.o [1]
  .text              ro code  0x080022e8    0x1a8  cmsis_os.o [1]
  .text              ro code  0x08002490     0xa6  ABImemcpy.o [5]
  .text              ro code  0x08002538    0x564  stm32f4xx_hal_rcc_ex.o [1]
  .text              ro code  0x08002a9c    0x228  stm32f4xx_hal_rcc.o [1]
  .text              ro code  0x08002cc4    0x592  stm32f4xx_hal_adc.o [1]
  .text              ro code  0x08003258    0xa8c  stm32f4xx_hal_can.o [1]
  .text              ro code  0x08003ce4    0xa5e  stm32f4xx_hal_spi.o [1]
  .text              ro code  0x08004744    0x8ac  stm32f4xx_hal_uart.o [1]
  .text              ro code  0x08004ff0    0x250  stm32f4xx_hal_gpio.o [1]
  .text              ro code  0x08005240    0x5c4  mcp3909.o [1]
  .text              ro code  0x08005804    0x984  queue.o [1]
  .text              ro code  0x08006188     0x44  Can_Processor.o [1]
  .text              ro code  0x080061cc    0x198  psb0cal.o [1]
  .text              ro code  0x08006364    0x25c  port.o [1]
  .text              ro code  0x080065c0    0x1e8  nodeMiscHelpers.o [1]
  .text              ro code  0x080067a8     0x10  stm32f4xx_hal.o [1]
  .text              ro code  0x080067b8     0x98  stm32f4xx_hal_timebase_TIM.o [1]
  .text              ro code  0x08006850    0x584  stm32f4xx_hal_msp.o [1]
  .text              ro code  0x08006dd4    0x168  thermistor.o [1]
  .text              ro code  0x08006f3c    0xbd8  tasks.o [1]
  .text              ro code  0x08007b14    0x4c4  timers.o [1]
  .text              ro code  0x08007fd8      0xc  stm32f4xx_hal.o [1]
  .text              ro code  0x08007fe4    0x564  stm32f4xx_hal_dma.o [1]
  .text              ro code  0x08008548      0x2  stm32f4xx_hal_adc.o [1]
  .text              ro code  0x0800854a      0x2  stm32f4xx_hal_spi.o [1]
  .text              ro code  0x0800854c      0x2  stm32f4xx_hal_spi.o [1]
  .text              ro code  0x0800854e      0x2  stm32f4xx_hal_spi.o [1]
  .text              ro code  0x08008550      0x2  stm32f4xx_hal_spi.o [1]
  .text              ro code  0x08008552      0x2  stm32f4xx_hal_spi.o [1]
  .text              ro code  0x08008554      0x2  stm32f4xx_hal_uart.o [1]
  .text              ro code  0x08008556      0x2  stm32f4xx_hal_uart.o [1]
  .text              ro code  0x08008558      0x2  stm32f4xx_hal_uart.o [1]
  .text              ro code  0x0800855a     0x9e  list.o [1]
  .text              ro code  0x080085f8    0x28c  heap_4.o [1]
  .text              ro code  0x08008884    0x132  I64DivMod.o [5]
  CODE               ro code  0x080089b8     0xa8  portasm.o [1]
  .text              ro code  0x08008a60    0x2e6  stm32f4xx_hal_tim.o [1]
  .text              ro code  0x08008d48     0x66  ABImemset.o [5]
  .text              ro code  0x08008dae      0x2  freertos.o [1]
  .text              ro code  0x08008db0      0x2  freertos.o [1]
  .text              ro code  0x08008db4      0x2  I64DivZer.o [5]
  .text              ro code  0x08008db6      0x2  stm32f4xx_hal_tim.o [1]
  .text              ro code  0x08008db8      0x2  stm32f4xx_hal_tim.o [1]
  .text              ro code  0x08008dba      0x2  stm32f4xx_hal_tim.o [1]
  .text              ro code  0x08008dbc      0x2  stm32f4xx_hal_tim_ex.o [1]
  .text              ro code  0x08008dbe      0x2  stm32f4xx_hal_tim.o [1]
  .text              ro code  0x08008dc0      0x2  stm32f4xx_hal_tim_ex.o [1]
  .rodata            const    0x08008dc4     0xf0  thermistor.o [1]
  .text              ro code  0x08008eb4     0xe4  stm32f4xx_it.o [1]
  .text              ro code  0x08008f98     0x6c  system_stm32f4xx.o [1]
  .rodata            const    0x08009004     0x4c  stm32f4xx_hal_msp.o [1]
  .rodata            const    0x08009050     0x40  main.o [1]
  .text              ro code  0x08009090     0x40  zero_init3.o [5]
  .text              ro code  0x080090d0     0x2c  copy_init3.o [5]
  .text              ro code  0x080090fc     0x28  data_init.o [5]
  .text              ro code  0x08009124     0x22  fpinit_M.o [4]
  .iar.init_table    const    0x08009148     0x24  - Linker created -
  .text              ro code  0x0800916c     0x1a  cmain.o [5]
  .text              ro code  0x08009186      0x4  low_level_init.o [3]
  .text              ro code  0x0800918a      0x4  exit.o [3]
  .text              ro code  0x08009190      0xa  cexit.o [5]
  .text              ro code  0x0800919c     0x14  exit.o [6]
  Initializer bytes  const    0x080091b0     0x1c  <for P2-1>
  .rodata            const    0x080091cc     0x14  main.o [1]
  .rodata            const    0x080091e0     0x14  main.o [1]
  .rodata            const    0x080091f4     0x14  main.o [1]
  .rodata            const    0x08009208     0x14  main.o [1]
  .rodata            const    0x0800921c     0x14  main.o [1]
  .rodata            const    0x08009230     0x10  main.o [1]
  .rodata            const    0x08009240     0x10  main.o [1]
  .rodata            const    0x08009250     0x10  system_stm32f4xx.o [1]
  .text              ro code  0x08009260     0x10  startup_stm32f446xx.o [1]
  .rodata            const    0x08009270      0xc  main.o [1]
  .rodata            const    0x0800927c      0xc  ts_lib.o [1]
  .text              ro code  0x08009288      0xc  cstartup_M.o [5]
  .rodata            const    0x08009294      0x8  main.o [1]
  .rodata            const    0x0800929c      0x8  main.o [1]
  .rodata            const    0x080092a4      0x8  main.o [1]
  .rodata            const    0x080092ac      0x8  main.o [1]
  .rodata            const    0x080092b4      0x8  main.o [1]
  .rodata            const    0x080092bc      0x8  main.o [1]
  .rodata            const    0x080092c4      0x8  stm32f4xx_hal_dma.o [1]
  .rodata            const    0x080092cc      0x8  system_stm32f4xx.o [1]
  .rodata            const    0x080092d4      0x8  tasks.o [1]
  .rodata            const    0x080092dc      0x8  timers.o [1]
  .rodata            const    0x080092e4      0x8  timers.o [1]
  .rodata            const    0x080092ec      0x4  heap_4.o [1]
  .rodata            const    0x080092f0      0x4  main.o [1]
  .rodata            const    0x080092f4      0x4  main.o [1]
  .rodata            const    0x080092f8      0x4  main.o [1]
  .rodata            const    0x080092fc      0x4  main.o [1]
  .rodata            const    0x08009300      0x4  main.o [1]
  .rodata            const    0x08009304      0x4  main.o [1]
  .rodata            const    0x08009308      0x4  main.o [1]
  .rodata            const    0x0800930c      0x4  port.o [1]
  .text              ro code  0x08009310      0x4  startup_stm32f446xx.o [1]
  .text              ro code  0x08009314      0x4  startup_stm32f446xx.o [1]
  .text              ro code  0x08009318      0x4  startup_stm32f446xx.o [1]
  .text              ro code  0x0800931c      0x4  startup_stm32f446xx.o [1]
  .text              ro code  0x08009320      0x4  startup_stm32f446xx.o [1]
  .text              ro code  0x08009324      0x4  startup_stm32f446xx.o [1]
  .text              ro code  0x08009328      0x4  startup_stm32f446xx.o [1]
  .text              ro code  0x0800932c      0x4  startup_stm32f446xx.o [1]
  .text              ro code  0x08009330      0x4  startup_stm32f446xx.o [1]
  .text              ro code  0x08009334      0x4  startup_stm32f446xx.o [1]
  .text              ro code  0x08009338      0x4  startup_stm32f446xx.o [1]
  .text              ro code  0x0800933c      0x4  startup_stm32f446xx.o [1]
  .text              ro code  0x08009340      0x4  startup_stm32f446xx.o [1]
  .text              ro code  0x08009344      0x4  startup_stm32f446xx.o [1]
  .text              ro code  0x08009348      0x4  startup_stm32f446xx.o [1]
  .text              ro code  0x0800934c      0x4  startup_stm32f446xx.o [1]
  .text              ro code  0x08009350      0x4  startup_stm32f446xx.o [1]
  .text              ro code  0x08009354      0x4  startup_stm32f446xx.o [1]
  .text              ro code  0x08009358      0x4  startup_stm32f446xx.o [1]
  .text              ro code  0x0800935c      0x4  startup_stm32f446xx.o [1]
  .text              ro code  0x08009360      0x4  startup_stm32f446xx.o [1]
  .text              ro code  0x08009364      0x4  startup_stm32f446xx.o [1]
  .text              ro code  0x08009368      0x4  startup_stm32f446xx.o [1]
  .text              ro code  0x0800936c      0x4  startup_stm32f446xx.o [1]
  .text              ro code  0x08009370      0x4  startup_stm32f446xx.o [1]
  .text              ro code  0x08009374      0x4  startup_stm32f446xx.o [1]
  .text              ro code  0x08009378      0x4  startup_stm32f446xx.o [1]
  .text              ro code  0x0800937c      0x4  startup_stm32f446xx.o [1]
  .text              ro code  0x08009380      0x4  startup_stm32f446xx.o [1]
  .text              ro code  0x08009384      0x4  startup_stm32f446xx.o [1]
  .text              ro code  0x08009388      0x4  startup_stm32f446xx.o [1]
  .text              ro code  0x0800938c      0x4  startup_stm32f446xx.o [1]
  .text              ro code  0x08009390      0x4  startup_stm32f446xx.o [1]
  .text              ro code  0x08009394      0x4  startup_stm32f446xx.o [1]
  .text              ro code  0x08009398      0x4  startup_stm32f446xx.o [1]
  .text              ro code  0x0800939c      0x4  startup_stm32f446xx.o [1]
  .text              ro code  0x080093a0      0x4  startup_stm32f446xx.o [1]
  .text              ro code  0x080093a4      0x4  startup_stm32f446xx.o [1]
  .text              ro code  0x080093a8      0x4  startup_stm32f446xx.o [1]
  .text              ro code  0x080093ac      0x4  startup_stm32f446xx.o [1]
  .text              ro code  0x080093b0      0x4  startup_stm32f446xx.o [1]
  .text              ro code  0x080093b4      0x4  startup_stm32f446xx.o [1]
  .text              ro code  0x080093b8      0x4  startup_stm32f446xx.o [1]
  .text              ro code  0x080093bc      0x4  startup_stm32f446xx.o [1]
  .text              ro code  0x080093c0      0x4  startup_stm32f446xx.o [1]
  .text              ro code  0x080093c4      0x4  startup_stm32f446xx.o [1]
  .text              ro code  0x080093c8      0x4  startup_stm32f446xx.o [1]
  .text              ro code  0x080093cc      0x4  startup_stm32f446xx.o [1]
  .text              ro code  0x080093d0      0x4  startup_stm32f446xx.o [1]
  .text              ro code  0x080093d4      0x4  startup_stm32f446xx.o [1]
  .text              ro code  0x080093d8      0x4  startup_stm32f446xx.o [1]
  .text              ro code  0x080093dc      0x4  startup_stm32f446xx.o [1]
  .text              ro code  0x080093e0      0x4  startup_stm32f446xx.o [1]
  .text              ro code  0x080093e4      0x4  startup_stm32f446xx.o [1]
  .text              ro code  0x080093e8      0x4  startup_stm32f446xx.o [1]
  .text              ro code  0x080093ec      0x4  startup_stm32f446xx.o [1]
  .text              ro code  0x080093f0      0x4  startup_stm32f446xx.o [1]
  .text              ro code  0x080093f4      0x4  startup_stm32f446xx.o [1]
  .text              ro code  0x080093f8      0x4  startup_stm32f446xx.o [1]
  .text              ro code  0x080093fc      0x4  startup_stm32f446xx.o [1]
  .text              ro code  0x08009400      0x4  startup_stm32f446xx.o [1]
  .text              ro code  0x08009404      0x4  startup_stm32f446xx.o [1]
  .text              ro code  0x08009408      0x4  startup_stm32f446xx.o [1]
  .text              ro code  0x0800940c      0x4  startup_stm32f446xx.o [1]
  .text              ro code  0x08009410      0x4  startup_stm32f446xx.o [1]
  .text              ro code  0x08009414      0x4  startup_stm32f446xx.o [1]
  .text              ro code  0x08009418      0x4  startup_stm32f446xx.o [1]
  .text              ro code  0x0800941c      0x4  startup_stm32f446xx.o [1]
  .text              ro code  0x08009420      0x4  startup_stm32f446xx.o [1]
  .text              ro code  0x08009424      0x4  startup_stm32f446xx.o [1]
  .text              ro code  0x08009428      0x4  startup_stm32f446xx.o [1]
  .text              ro code  0x0800942c      0x4  startup_stm32f446xx.o [1]
  .text              ro code  0x08009430      0x4  startup_stm32f446xx.o [1]
  .text              ro code  0x08009434      0x4  startup_stm32f446xx.o [1]
  .text              ro code  0x08009438      0x4  startup_stm32f446xx.o [1]
  .rodata            const    0x0800943c      0x0  zero_init3.o [5]
  .rodata            const    0x0800943c      0x0  copy_init3.o [5]
                            - 0x0800943c   0x9278

"P2", part 1 of 3:                           0x1c
  P2-1                        0x20000000     0x1a  <Init block>
    .data            inited   0x20000000      0x4  port.o [1]
    .data            inited   0x20000004      0x4  serial.o [1]
    .data            inited   0x20000008      0x4  serial.o [1]
    .data            inited   0x2000000c      0x4  serial.o [1]
    .data            inited   0x20000010      0x4  system_stm32f4xx.o [1]
    .data            inited   0x20000014      0x4  thermistor.o [1]
    .data            inited   0x20000018      0x1  can.o [1]
    .data            inited   0x20000019      0x1  can2.o [1]
                            - 0x2000001a     0x1a

"P2", part 2 of 3:                          0x400
  CSTACK                      0x20000020    0x400  <Block>
    CSTACK           uninit   0x20000020    0x400  <Block tail>
                            - 0x20000420    0x400

"P2", part 3 of 3:                        0x11fb4
  .bss               zero     0x20000420  0x10000  heap_4.o [1]
  .bss               zero     0x20010420   0x1000  serial.o [1]
  .bss               zero     0x20011420    0x230  can.o [1]
  .bss               zero     0x20011650    0x230  can2.o [1]
  .bss               zero     0x20011880    0x200  serial.o [1]
  .bss               zero     0x20011a80     0x8c  tasks.o [1]
  .bss               zero     0x20011b0c     0x80  ts_lib.o [1]
  .bss               zero     0x20011b8c     0x80  ts_lib.o [1]
  .bss               zero     0x20011c0c     0x64  main.o [1]
  .bss               zero     0x20011c70     0x60  main.o [1]
  .bss               zero     0x20011cd0     0x60  main.o [1]
  .bss               zero     0x20011d30     0x60  main.o [1]
  .bss               zero     0x20011d90     0x60  main.o [1]
  .bss               zero     0x20011df0     0x60  main.o [1]
  .bss               zero     0x20011e50     0x58  main.o [1]
  .bss               zero     0x20011ea8     0x48  main.o [1]
  .bss               zero     0x20011ef0     0x44  main.o [1]
  .bss               zero     0x20011f34     0x44  main.o [1]
  .bss               zero     0x20011f78     0x40  main.o [1]
  .bss               zero     0x20011fb8     0x40  queue.o [1]
  .bss               zero     0x20011ff8     0x3c  stm32f4xx_hal_timebase_TIM.o [1]
  .bss               zero     0x20012034     0x24  can.o [1]
  .bss               zero     0x20012058     0x24  can2.o [1]
  .bss               zero     0x2001207c     0x24  main.o [1]
  .bss               zero     0x200120a0     0x24  main.o [1]
  .bss               zero     0x200120c4     0x1c  can.o [1]
  .bss               zero     0x200120e0     0x1c  can2.o [1]
  .bss               zero     0x200120fc     0x14  can.o [1]
  .bss               zero     0x20012110     0x14  can.o [1]
  .bss               zero     0x20012124     0x14  can2.o [1]
  .bss               zero     0x20012138     0x14  can2.o [1]
  .bss               zero     0x2001214c     0x14  Can_Processor.o [1]
  .bss               zero     0x20012160     0x14  main.o [1]
  .bss               zero     0x20012174     0x14  main.o [1]
  .bss               zero     0x20012188     0x14  main.o [1]
  .bss               zero     0x2001219c     0x14  main.o [1]
  .bss               zero     0x200121b0     0x14  main.o [1]
  .bss               zero     0x200121c4     0x14  main.o [1]
  .bss               zero     0x200121d8     0x14  nodeMiscHelpers.o [1]
  .bss               zero     0x200121ec     0x14  tasks.o [1]
  .bss               zero     0x20012200     0x14  tasks.o [1]
  .bss               zero     0x20012214     0x14  tasks.o [1]
  .bss               zero     0x20012228     0x14  tasks.o [1]
  .bss               zero     0x2001223c     0x14  tasks.o [1]
  .bss               zero     0x20012250     0x14  timers.o [1]
  .bss               zero     0x20012264     0x14  timers.o [1]
  .bss               zero     0x20012278     0x10  can.o [1]
  .bss               zero     0x20012288     0x10  can.o [1]
  .bss               zero     0x20012298     0x10  can2.o [1]
  .bss               zero     0x200122a8     0x10  can2.o [1]
  .bss               zero     0x200122b8     0x10  ts_lib.o [1]
  .bss               zero     0x200122c8      0x8  heap_4.o [1]
  .bss               zero     0x200122d0      0x4  can.o [1]
  .bss               zero     0x200122d4      0x4  can.o [1]
  .bss               zero     0x200122d8      0x4  can.o [1]
  .bss               zero     0x200122dc      0x4  can.o [1]
  .bss               zero     0x200122e0      0x4  can.o [1]
  .bss               zero     0x200122e4      0x4  can.o [1]
  .bss               zero     0x200122e8      0x4  can2.o [1]
  .bss               zero     0x200122ec      0x4  can2.o [1]
  .bss               zero     0x200122f0      0x4  can2.o [1]
  .bss               zero     0x200122f4      0x4  can2.o [1]
  .bss               zero     0x200122f8      0x4  can2.o [1]
  .bss               zero     0x200122fc      0x4  can2.o [1]
  .bss               zero     0x20012300      0x4  heap_4.o [1]
  .bss               zero     0x20012304      0x4  heap_4.o [1]
  .bss               zero     0x20012308      0x4  heap_4.o [1]
  .bss               zero     0x2001230c      0x4  heap_4.o [1]
  .bss               zero     0x20012310      0x4  main.o [1]
  .bss               zero     0x20012314      0x4  main.o [1]
  .bss               zero     0x20012318      0x4  main.o [1]
  .bss               zero     0x2001231c      0x4  main.o [1]
  .bss               zero     0x20012320      0x4  main.o [1]
  .bss               zero     0x20012324      0x4  main.o [1]
  .bss               zero     0x20012328      0x4  main.o [1]
  .bss               zero     0x2001232c      0x4  main.o [1]
  .bss               zero     0x20012330      0x4  main.o [1]
  .bss               zero     0x20012334      0x4  main.o [1]
  .bss               zero     0x20012338      0x4  main.o [1]
  .bss               zero     0x2001233c      0x4  main.o [1]
  .bss               zero     0x20012340      0x4  main.o [1]
  .bss               zero     0x20012344      0x4  main.o [1]
  .bss               zero     0x20012348      0x4  main.o [1]
  .bss               zero     0x2001234c      0x4  main.o [1]
  .bss               zero     0x20012350      0x4  main.o [1]
  .bss               zero     0x20012354      0x4  main.o [1]
  .bss               zero     0x20012358      0x4  nodeMiscHelpers.o [1]
  .bss               zero     0x2001235c      0x4  port.o [1]
  .bss               zero     0x20012360      0x4  serial.o [1]
  .bss               zero     0x20012364      0x4  stm32f4xx_hal.o [1]
  .bss               zero     0x20012368      0x4  stm32f4xx_hal_msp.o [1]
  .bss               zero     0x2001236c      0x4  tasks.o [1]
  .bss               zero     0x20012370      0x4  tasks.o [1]
  .bss               zero     0x20012374      0x4  tasks.o [1]
  .bss               zero     0x20012378      0x4  tasks.o [1]
  .bss               zero     0x2001237c      0x4  tasks.o [1]
  .bss               zero     0x20012380      0x4  tasks.o [1]
  .bss               zero     0x20012384      0x4  tasks.o [1]
  .bss               zero     0x20012388      0x4  tasks.o [1]
  .bss               zero     0x2001238c      0x4  tasks.o [1]
  .bss               zero     0x20012390      0x4  tasks.o [1]
  .bss               zero     0x20012394      0x4  tasks.o [1]
  .bss               zero     0x20012398      0x4  tasks.o [1]
  .bss               zero     0x2001239c      0x4  tasks.o [1]
  .bss               zero     0x200123a0      0x4  tasks.o [1]
  .bss               zero     0x200123a4      0x4  tasks.o [1]
  .bss               zero     0x200123a8      0x4  timers.o [1]
  .bss               zero     0x200123ac      0x4  timers.o [1]
  .bss               zero     0x200123b0      0x4  timers.o [1]
  .bss               zero     0x200123b4      0x4  timers.o [1]
  .bss               zero     0x200123b8      0x4  timers.o [1]
  .bss               zero     0x200123bc      0x4  ts_lib.o [1]
  .bss               zero     0x200123c0      0x4  ts_lib.o [1]
  .bss               zero     0x200123c4      0x4  ts_lib.o [1]
  .bss               zero     0x200123c8      0x4  ts_lib.o [1]
  .bss               zero     0x200123cc      0x2  serial.o [1]
  .bss               zero     0x200123ce      0x1  main.o [1]
  .bss               zero     0x200123cf      0x1  port.o [1]
  .bss               zero     0x200123d0      0x1  serial.o [1]
  .bss               zero     0x200123d1      0x1  serial.o [1]
  .bss               zero     0x200123d2      0x1  serial.o [1]
  .bss               zero     0x200123d3      0x1  ts_lib.o [1]
                            - 0x200123d4  0x11fb4


*******************************************************************************
*** INIT TABLE
***

          Address     Size
          -------     ----
Zero (__iar_zero_init3)
    1 destination range, total size 0x11fb4:
          0x20000420  0x11fb4

Copy (__iar_copy_init3)
    1 source range, total size 0x1c (107% of destination):
          0x080091b0     0x1c
    1 destination range, total size 0x1a:
          0x20000000     0x1a



*******************************************************************************
*** MODULE SUMMARY
***

    Module                        ro code  ro data  rw data
    ------                        -------  -------  -------
E:\Workspaces\James\Firmware_46_SW4STM\Gen9_ADS_46\EWARM\Gen9_ADS_46\Obj: [1]
    Can_Processor.o                    68        1       20
    can.o                           1 316        1      721
    can2.o                          1 604        1      721
    cmsis_os.o                        424
    freertos.o                          4
    heap_4.o                          652        4   65 560
    list.o                            158
    main.o                          4 006      285    1 205
    mcp3909.o                       1 476
    nodeMiscHelpers.o                 488        1       24
    port.o                            604        8        9
    portasm.o                         168
    psb0cal.o                         408
    queue.o                         2 436                64
    serial.o                          520       12    4 629
    startup_stm32f446xx.o             768
    stm32f4xx_hal.o                    92                 4
    stm32f4xx_hal_adc.o             1 428
    stm32f4xx_hal_can.o             2 700
    stm32f4xx_hal_cortex.o            392
    stm32f4xx_hal_dma.o             1 380        8
    stm32f4xx_hal_gpio.o              592
    stm32f4xx_hal_msp.o             1 412       76        4
    stm32f4xx_hal_rcc.o               552
    stm32f4xx_hal_rcc_ex.o          1 380
    stm32f4xx_hal_spi.o             2 664
    stm32f4xx_hal_tim.o               750
    stm32f4xx_hal_tim_ex.o              4
    stm32f4xx_hal_timebase_TIM.o      152                60
    stm32f4xx_hal_uart.o            2 226
    stm32f4xx_hal_wwdg.o               58
    stm32f4xx_it.o                    228
    system_stm32f4xx.o                108       28        4
    tasks.o                         3 032        8      300
    thermistor.o                      360      244        4
    timers.o                        1 220       16       60
    ts_lib.o                          520       12      289
    -------------------------------------------------------
    Total:                         36 350      705   73 678

command line: [2]
    -------------------------------------------------------
    Total:

dl7M_tlf.a: [3]
    exit.o                              4
    low_level_init.o                    4
    -------------------------------------------------------
    Total:                              8

m7M_tls.a: [4]
    fpinit_M.o                         34
    -------------------------------------------------------
    Total:                             34

rt7M_tl.a: [5]
    ABImemcpy.o                       166
    ABImemset.o                       102
    I64DivMod.o                       306
    I64DivZer.o                         2
    cexit.o                            10
    cmain.o                            26
    copy_init3.o                       44
    cstartup_M.o                       12
    data_init.o                        40
    zero_init3.o                       64
    -------------------------------------------------------
    Total:                            772

shb_l.a: [6]
    exit.o                             20
    -------------------------------------------------------
    Total:                             20

    Gaps                               17        4
    Linker created                              38    1 024
-----------------------------------------------------------
    Grand Total:                   37 201      747   74 702


*******************************************************************************
*** ENTRY LIST
***

Entry                      Address     Size  Type      Object
-----                      -------     ----  ----      ------
.iar.init_table$$Base   0x08009148            --   Gb  - Linker created -
.iar.init_table$$Limit  0x0800916c            --   Gb  - Linker created -
?main                   0x0800916d           Code  Gb  cmain.o [5]
ADC_DMAConvCplt         0x080031c1     0x6c  Code  Lc  stm32f4xx_hal_adc.o [1]
ADC_DMAError            0x0800323d     0x1a  Code  Lc  stm32f4xx_hal_adc.o [1]
ADC_DMAHalfConvCplt     0x0800322d      0xe  Code  Lc  stm32f4xx_hal_adc.o [1]
ADC_Init                0x0800303d    0x166  Code  Lc  stm32f4xx_hal_adc.o [1]
AHBPrescTable           0x08009250     0x10  Data  Gb  system_stm32f4xx.o [1]
APBPrescTable           0x080092cc      0x8  Data  Gb  system_stm32f4xx.o [1]
CAN1_ErrorCallback      0x080019f3     0x32  Code  Gb  can.o [1]
CAN1_RX0_IRQHandler     0x08008eef      0xa  Code  Gb  stm32f4xx_it.o [1]
CAN1_RX1_IRQHandler     0x08008ef9      0xa  Code  Gb  stm32f4xx_it.o [1]
CAN1_RxCpltCallback     0x0800195f     0x94  Code  Gb  can.o [1]
CAN1_RxCpltCallback::received
                        0x20012110     0x14  Data  Lc  can.o [1]
CAN1_SCE_IRQHandler     0x08008f03      0xa  Code  Gb  stm32f4xx_it.o [1]
CAN1_TX_IRQHandler      0x08008ee5      0xa  Code  Gb  stm32f4xx_it.o [1]
CAN1_TxCpltCallback     0x08001947     0x18  Code  Gb  can.o [1]
CAN2_ErrorCallback      0x08002037     0x32  Code  Gb  can2.o [1]
CAN2_RX0_IRQHandler     0x08008f53      0xa  Code  Gb  stm32f4xx_it.o [1]
CAN2_RX1_IRQHandler     0x08008f5d      0xa  Code  Gb  stm32f4xx_it.o [1]
CAN2_RxCpltCallback     0x08001fa3     0x94  Code  Gb  can2.o [1]
CAN2_RxCpltCallback::received
                        0x20012138     0x14  Data  Lc  can2.o [1]
CAN2_SCE_IRQHandler     0x08008f67      0xa  Code  Gb  stm32f4xx_it.o [1]
CAN2_TX_IRQHandler      0x08008f49      0xa  Code  Gb  stm32f4xx_it.o [1]
CAN2_TxCpltCallback     0x08001f8b     0x18  Code  Gb  can2.o [1]
CAN_Receive_IT          0x08003b23    0x1c2  Code  Lc  stm32f4xx_hal_can.o [1]
CAN_Transmit_IT         0x08003ac5     0x5e  Code  Lc  stm32f4xx_hal_can.o [1]
CSTACK$$Base            0x20000020            --   Gb  - Linker created -
CSTACK$$Limit           0x20000420            --   Gb  - Linker created -
Can2_availableForTx     0x08001e8d     0x20  Code  Gb  can2.o [1]
Can_Processor           0x08006189     0x44  Code  Gb  Can_Processor.o [1]
Can_Processor::newFrame
                        0x2001214c     0x14  Data  Lc  Can_Processor.o [1]
Can_ProcessorHandle     0x20012314      0x4  Data  Gb  main.o [1]
Can_availableForTx      0x08001823     0x20  Code  Gb  can.o [1]
Can_filterCapacity      0x20012278     0x10  Data  Lc  can.o [1]
Can_filterCapacity      0x20012298     0x10  Data  Lc  can2.o [1]
Can_filterUsage         0x20012288     0x10  Data  Lc  can.o [1]
Can_filterUsage         0x200122a8     0x10  Data  Lc  can2.o [1]
Can_filters             0x20011420    0x230  Data  Lc  can.o [1]
Can_filters             0x20011650    0x230  Data  Lc  can2.o [1]
DMA1_Stream3_IRQHandler
                        0x08008ebd      0xa  Code  Gb  stm32f4xx_it.o [1]
DMA1_Stream4_IRQHandler
                        0x08008ec7      0xa  Code  Gb  stm32f4xx_it.o [1]
DMA1_Stream5_IRQHandler
                        0x08008ed1      0xa  Code  Gb  stm32f4xx_it.o [1]
DMA1_Stream6_IRQHandler
                        0x08008edb      0xa  Code  Gb  stm32f4xx_it.o [1]
DMA2_Stream0_IRQHandler
                        0x08008f3f      0xa  Code  Gb  stm32f4xx_it.o [1]
DMA_CalcBaseAndBitshift
                        0x08008465     0x30  Code  Lc  stm32f4xx_hal_dma.o [1]
DMA_CalcBaseAndBitshift::flagBitshiftOffset
                        0x080092c4      0x8  Data  Lc  stm32f4xx_hal_dma.o [1]
DMA_CheckFifoParam      0x080084ad     0x9c  Code  Lc  stm32f4xx_hal_dma.o [1]
DMA_SetConfig           0x08008437     0x2e  Code  Lc  stm32f4xx_hal_dma.o [1]
EM_Init                 0x08000bab     0xe2  Code  Gb  main.o [1]
EXTI9_5_IRQHandler      0x08008f0d     0x14  Code  Gb  stm32f4xx_it.o [1]
HAL_ADC_ConfigChannel   0x08002eb9    0x184  Code  Gb  stm32f4xx_hal_adc.o [1]
HAL_ADC_ConvCpltCallback
                        0x080020e1     0xcc  Code  Gb  ts_lib.o [1]
HAL_ADC_ErrorCallback   0x080021ad      0xe  Code  Gb  ts_lib.o [1]
HAL_ADC_Init            0x08002cc5     0x66  Code  Gb  stm32f4xx_hal_adc.o [1]
HAL_ADC_MspInit         0x080068af     0xdc  Code  Gb  stm32f4xx_hal_msp.o [1]
HAL_ADC_Start_DMA       0x08002d2b    0x12a  Code  Gb  stm32f4xx_hal_adc.o [1]
HAL_ADC_Stop_DMA        0x08002e55     0x64  Code  Gb  stm32f4xx_hal_adc.o [1]
HAL_CAN_ConfigFilter    0x08003401    0x10a  Code  Gb  stm32f4xx_hal_can.o [1]
HAL_CAN_ErrorCallback   0x08000b0f     0x22  Code  Gb  main.o [1]
HAL_CAN_GetError        0x08003ac1      0x4  Code  Gb  stm32f4xx_hal_can.o [1]
HAL_CAN_IRQHandler      0x080037d9    0x2d4  Code  Gb  stm32f4xx_hal_can.o [1]
HAL_CAN_Init            0x08003259    0x1a8  Code  Gb  stm32f4xx_hal_can.o [1]
HAL_CAN_MspInit         0x0800698b    0x174  Code  Gb  stm32f4xx_hal_msp.o [1]
HAL_CAN_Receive_IT      0x080036cb    0x10e  Code  Gb  stm32f4xx_hal_can.o [1]
HAL_CAN_RxCpltCallback  0x08000aed     0x22  Code  Gb  main.o [1]
HAL_CAN_Transmit_IT     0x08003511    0x1ba  Code  Gb  stm32f4xx_hal_can.o [1]
HAL_CAN_TxCpltCallback  0x08000acb     0x22  Code  Gb  main.o [1]
HAL_DMA_Abort           0x08008163     0x9c  Code  Gb  stm32f4xx_hal_dma.o [1]
HAL_DMA_Abort_IT        0x080081ff     0x28  Code  Gb  stm32f4xx_hal_dma.o [1]
HAL_DMA_IRQHandler      0x08008227    0x210  Code  Gb  stm32f4xx_hal_dma.o [1]
HAL_DMA_Init            0x08007fe5     0xe6  Code  Gb  stm32f4xx_hal_dma.o [1]
HAL_DMA_Start_IT        0x080080cb     0x98  Code  Gb  stm32f4xx_hal_dma.o [1]
HAL_GPIO_EXTI_Callback  0x08000b31     0x36  Code  Gb  main.o [1]
HAL_GPIO_EXTI_IRQHandler
                        0x080051e7     0x1e  Code  Gb  stm32f4xx_hal_gpio.o [1]
HAL_GPIO_Init           0x08004ff1    0x1e2  Code  Gb  stm32f4xx_hal_gpio.o [1]
HAL_GPIO_WritePin       0x080051d3     0x14  Code  Gb  stm32f4xx_hal_gpio.o [1]
HAL_GetTick             0x08007fd9      0xc  Code  Wk  stm32f4xx_hal.o [1]
HAL_IncTick             0x080067a9     0x10  Code  Wk  stm32f4xx_hal.o [1]
HAL_Init                0x0800116d     0x3a  Code  Gb  stm32f4xx_hal.o [1]
HAL_InitTick            0x080067b9     0x86  Code  Gb  stm32f4xx_hal_timebase_TIM.o [1]
HAL_MspInit             0x08006851     0x5e  Code  Gb  stm32f4xx_hal_msp.o [1]
HAL_NVIC_DisableIRQ     0x080012d9      0xe  Code  Gb  stm32f4xx_hal_cortex.o [1]
HAL_NVIC_EnableIRQ      0x080012cb      0xe  Code  Gb  stm32f4xx_hal_cortex.o [1]
HAL_NVIC_SetPriority    0x080012a5     0x26  Code  Gb  stm32f4xx_hal_cortex.o [1]
HAL_NVIC_SetPriorityGrouping
                        0x08001299      0xc  Code  Gb  stm32f4xx_hal_cortex.o [1]
HAL_RCC_CAN1_CLK_ENABLED
                        0x20012368      0x4  Data  Lc  stm32f4xx_hal_msp.o [1]
HAL_RCC_ClockConfig     0x08002a9d    0x190  Code  Gb  stm32f4xx_hal_rcc.o [1]
HAL_RCC_GetClockConfig  0x08002c73     0x3a  Code  Gb  stm32f4xx_hal_rcc.o [1]
HAL_RCC_GetHCLKFreq     0x08002c2d      0x6  Code  Gb  stm32f4xx_hal_rcc.o [1]
HAL_RCC_GetPCLK1Freq    0x08002c33     0x20  Code  Gb  stm32f4xx_hal_rcc.o [1]
HAL_RCC_GetPCLK2Freq    0x08002c53     0x20  Code  Gb  stm32f4xx_hal_rcc.o [1]
HAL_RCC_GetSysClockFreq
                        0x08002539    0x136  Code  Gb  stm32f4xx_hal_rcc_ex.o [1]
HAL_RCC_OscConfig       0x08002679    0x3ee  Code  Gb  stm32f4xx_hal_rcc_ex.o [1]
HAL_SPI_IRQHandler      0x080043c3    0x112  Code  Gb  stm32f4xx_hal_spi.o [1]
HAL_SPI_Init            0x08003ce5     0x8e  Code  Gb  stm32f4xx_hal_spi.o [1]
HAL_SPI_MspInit         0x08006aff    0x132  Code  Gb  stm32f4xx_hal_msp.o [1]
HAL_SPI_Transmit        0x08003d73    0x1ae  Code  Gb  stm32f4xx_hal_spi.o [1]
HAL_SPI_TransmitReceive
                        0x08003f21    0x288  Code  Gb  stm32f4xx_hal_spi.o [1]
HAL_SPI_TransmitReceive_DMA
                        0x08004281    0x142  Code  Gb  stm32f4xx_hal_spi.o [1]
HAL_SPI_Transmit_DMA    0x080041a9     0xd8  Code  Gb  stm32f4xx_hal_spi.o [1]
HAL_SPI_TxCpltCallback  0x08000b8f     0x1c  Code  Gb  main.o [1]
HAL_SPI_TxRxCpltCallback
                        0x08000b67     0x28  Code  Gb  main.o [1]
HAL_SYSTICK_CLKSourceConfig
                        0x080012ef     0x20  Code  Gb  stm32f4xx_hal_cortex.o [1]
HAL_SYSTICK_Config      0x080012e7      0x8  Code  Gb  stm32f4xx_hal_cortex.o [1]
HAL_TIMEx_BreakCallback
                        0x08008dbd      0x2  Code  Wk  stm32f4xx_hal_tim_ex.o [1]
HAL_TIMEx_CommutationCallback
                        0x08008dc1      0x2  Code  Wk  stm32f4xx_hal_tim_ex.o [1]
HAL_TIM_Base_Init       0x08008a61     0x38  Code  Gb  stm32f4xx_hal_tim.o [1]
HAL_TIM_Base_Start_IT   0x08008a99     0x1e  Code  Gb  stm32f4xx_hal_tim.o [1]
HAL_TIM_IRQHandler      0x08008ab7    0x176  Code  Gb  stm32f4xx_hal_tim.o [1]
HAL_TIM_PeriodElapsedCallback
                        0x080010c3     0x12  Code  Gb  main.o [1]
HAL_UART_GetState       0x08004a53     0x18  Code  Gb  stm32f4xx_hal_uart.o [1]
HAL_UART_IRQHandler     0x08004907    0x14c  Code  Gb  stm32f4xx_hal_uart.o [1]
HAL_UART_Init           0x08004745     0x76  Code  Gb  stm32f4xx_hal_uart.o [1]
HAL_UART_MspInit        0x08006c31    0x11a  Code  Gb  stm32f4xx_hal_msp.o [1]
HAL_UART_Receive_DMA    0x08004851     0xb6  Code  Gb  stm32f4xx_hal_uart.o [1]
HAL_UART_RxCpltCallback
                        0x08001349     0x1a  Code  Gb  serial.o [1]
HAL_UART_Transmit_DMA   0x080047bb     0x96  Code  Gb  stm32f4xx_hal_uart.o [1]
HAL_UART_TxCpltCallback
                        0x08001457     0x14  Code  Gb  serial.o [1]
HAL_WWDG_Init           0x080022ad     0x2e  Code  Gb  stm32f4xx_hal_wwdg.o [1]
HAL_WWDG_MspInit        0x08006d4b     0x2a  Code  Gb  stm32f4xx_hal_msp.o [1]
HAL_WWDG_Refresh        0x080022db      0xc  Code  Gb  stm32f4xx_hal_wwdg.o [1]
HBTmrHandle             0x20012338      0x4  Data  Gb  main.o [1]
HousekeepingHandle      0x20012320      0x4  Data  Gb  main.o [1]
MCPTaskHandle           0x2001231c      0x4  Data  Gb  main.o [1]
MX_ADC1_Init            0x080004ff     0xf0  Code  Lc  main.o [1]
MX_CAN1_Init            0x080005ef     0x82  Code  Lc  main.o [1]
MX_CAN2_Init            0x08000671     0x84  Code  Lc  main.o [1]
MX_DMA_Init             0x08000821     0x98  Code  Lc  main.o [1]
MX_GPIO_Init            0x080008b9    0x212  Code  Lc  main.o [1]
MX_SPI2_Init            0x080006f5     0x82  Code  Lc  main.o [1]
MX_USART2_UART_Init     0x08000777     0x60  Code  Lc  main.o [1]
MX_WWDG_Init            0x080007d7     0x4a  Code  Lc  main.o [1]
NTC_10K_3984B_Table     0x08008dc4     0xf0  Data  Gb  thermistor.o [1]
NVIC_DisableIRQ         0x080011eb     0x16  Code  Lc  stm32f4xx_hal_cortex.o [1]
NVIC_EnableIRQ          0x080011d5     0x16  Code  Lc  stm32f4xx_hal_cortex.o [1]
NVIC_EncodePriority     0x08001227     0x42  Code  Lc  stm32f4xx_hal_cortex.o [1]
NVIC_GetPriorityGrouping
                        0x080011cb      0xa  Code  Lc  stm32f4xx_hal_cortex.o [1]
NVIC_SetPriority        0x08001201     0x26  Code  Lc  stm32f4xx_hal_cortex.o [1]
NVIC_SetPriorityGrouping
                        0x080011ad     0x1e  Code  Lc  stm32f4xx_hal_cortex.o [1]
NVIC_SystemReset        0x080001c5     0x22  Code  Lc  main.o [1]
NVIC_SystemReset        0x080065c1     0x1c  Code  Lc  nodeMiscHelpers.o [1]
PPTPollHandle           0x20012310      0x4  Data  Gb  main.o [1]
PendSV_Handler          0x080089b9           Code  Gb  portasm.o [1]
Region$$Table$$Base     0x08009148            --   Gb  - Linker created -
Region$$Table$$Limit    0x0800916c            --   Gb  - Linker created -
SPI2_IRQHandler         0x08008f21      0xa  Code  Gb  stm32f4xx_it.o [1]
SPI_CheckFlag_BSY       0x08004717     0x2c  Code  Lc  stm32f4xx_hal_spi.o [1]
SPI_DMAAbortOnError     0x0800465d     0x16  Code  Lc  stm32f4xx_hal_spi.o [1]
SPI_DMAError            0x08004635     0x28  Code  Lc  stm32f4xx_hal_spi.o [1]
SPI_DMAHalfReceiveCplt  0x08004615      0xe  Code  Lc  stm32f4xx_hal_spi.o [1]
SPI_DMAHalfTransmitCplt
                        0x08004605      0xe  Code  Lc  stm32f4xx_hal_spi.o [1]
SPI_DMAHalfTransmitReceiveCplt
                        0x08004625      0xe  Code  Lc  stm32f4xx_hal_spi.o [1]
SPI_DMAReceiveCplt      0x08004549     0x5e  Code  Lc  stm32f4xx_hal_spi.o [1]
SPI_DMATransmitCplt     0x080044d5     0x72  Code  Lc  stm32f4xx_hal_spi.o [1]
SPI_DMATransmitReceiveCplt
                        0x080045a9     0x5c  Code  Lc  stm32f4xx_hal_spi.o [1]
SPI_WaitFlagStateUntilTimeout
                        0x08004675     0xa2  Code  Lc  stm32f4xx_hal_spi.o [1]
SVC_Handler             0x08008a11           Code  Gb  portasm.o [1]
Serial2_Buffer_tx       0x20010420   0x1000  Data  Lc  serial.o [1]
Serial2_Ovf             0x200123d0      0x1  Data  Lc  serial.o [1]
Serial2_availableForWrite
                        0x08001363     0x1e  Code  Gb  serial.o [1]
Serial2_available_tx    0x08001381     0x4c  Code  Lc  serial.o [1]
Serial2_begin           0x08001335     0x14  Code  Gb  serial.o [1]
Serial2_buffer          0x20011880    0x200  Data  Gb  serial.o [1]
Serial2_dequeue_tx      0x080013cd     0x2e  Code  Lc  serial.o [1]
Serial2_head_tx         0x20000008      0x4  Data  Lc  serial.o [1]
Serial2_max_tx          0x2000000c      0x4  Data  Lc  serial.o [1]
Serial2_ovf_tx          0x200123d1      0x1  Data  Lc  serial.o [1]
Serial2_tail_tx         0x20000004      0x4  Data  Lc  serial.o [1]
Serial2_writeBytes      0x0800146b     0xa4  Code  Gb  serial.o [1]
SysTick_Config          0x08001269     0x30  Code  Lc  stm32f4xx_hal_cortex.o [1]
SysTick_Handler         0x08008eb5      0x8  Code  Gb  stm32f4xx_it.o [1]
SystemClock_Config      0x08000423     0xdc  Code  Gb  main.o [1]
SystemCoreClock         0x20000010      0x4  Data  Gb  system_stm32f4xx.o [1]
SystemInit              0x08008f99     0x4c  Code  Gb  system_stm32f4xx.o [1]
TIM6_DAC_IRQHandler     0x08008f35      0xa  Code  Gb  stm32f4xx_it.o [1]
TIM_Base_SetConfig      0x08008c2d     0xea  Code  Gb  stm32f4xx_hal_tim.o [1]
TempTaskHandle          0x20012318      0x4  Data  Gb  main.o [1]
Temp_begin              0x080021bb     0x48  Code  Gb  ts_lib.o [1]
TmrKickDog              0x08001021     0x14  Code  Gb  main.o [1]
TmrSendHB               0x08001041     0x82  Code  Gb  main.o [1]
TmrSendHB::newFrame     0x200121c4     0x14  Data  Lc  main.o [1]
UART_DMAAbortOnError    0x08004b99     0x16  Code  Lc  stm32f4xx_hal_uart.o [1]
UART_DMAError           0x08004b05     0x5c  Code  Lc  stm32f4xx_hal_uart.o [1]
UART_DMAReceiveCplt     0x08004ab1     0x44  Code  Lc  stm32f4xx_hal_uart.o [1]
UART_DMARxHalfCplt      0x08004af5      0xe  Code  Lc  stm32f4xx_hal_uart.o [1]
UART_DMATransmitCplt    0x08004a6d     0x34  Code  Lc  stm32f4xx_hal_uart.o [1]
UART_DMATxHalfCplt      0x08004aa1      0xe  Code  Lc  stm32f4xx_hal_uart.o [1]
UART_EndRxTransfer      0x08004b75     0x20  Code  Lc  stm32f4xx_hal_uart.o [1]
UART_EndTransmit_IT     0x08004c1f     0x20  Code  Lc  stm32f4xx_hal_uart.o [1]
UART_EndTxTransfer      0x08004b61     0x14  Code  Lc  stm32f4xx_hal_uart.o [1]
UART_Receive_IT         0x08004c3f     0xa2  Code  Lc  stm32f4xx_hal_uart.o [1]
UART_SetConfig          0x08004ce1    0x302  Code  Lc  stm32f4xx_hal_uart.o [1]
UART_Transmit_IT        0x08004bb1     0x6e  Code  Lc  stm32f4xx_hal_uart.o [1]
USART2_IRQHandler       0x08008f2b      0xa  Code  Gb  stm32f4xx_it.o [1]
WWDGTmrHandle           0x20012334      0x4  Data  Gb  main.o [1]
_Error_Handler          0x08001169      0x2  Code  Gb  main.o [1]
__aeabi_ldiv0           0x08008db5           Code  Gb  I64DivZer.o [5]
__aeabi_ldivmod         0x08008885           Code  Gb  I64DivMod.o [5]
__aeabi_memcpy          0x08002491           Code  Gb  ABImemcpy.o [5]
__aeabi_memcpy4         0x080024b1           Code  Gb  ABImemcpy.o [5]
__aeabi_memcpy8         0x080024b1           Code  Gb  ABImemcpy.o [5]
__aeabi_memset          0x08008d49           Code  Gb  ABImemset.o [5]
__aeabi_uldivmod        0x080088c9           Code  Gb  I64DivMod.o [5]
__cmain                 0x0800916d           Code  Gb  cmain.o [5]
__exit                  0x0800919d     0x14  Code  Gb  exit.o [6]
__iar_Memset            0x08008d49           Code  Gb  ABImemset.o [5]
__iar_Memset_word       0x08008d51           Code  Gb  ABImemset.o [5]
__iar_copy_init3        0x080090d1     0x2c  Code  Gb  copy_init3.o [5]
__iar_data_init3        0x080090fd     0x28  Code  Gb  data_init.o [5]
__iar_init_vfp          0x08009125           Code  Gb  fpinit_M.o [4]
__iar_program_start     0x08009289           Code  Gb  cstartup_M.o [5]
__iar_systems$$module {Abs}
                        0x00000001           Data  Gb  command line/config [2]
__iar_zero_init3        0x08009091     0x40  Code  Gb  zero_init3.o [5]
__low_level_init        0x08009187      0x4  Code  Gb  low_level_init.o [3]
__vector_table          0x08000000           Data  Gb  startup_stm32f446xx.o [1]
_call_main              0x08009179           Code  Gb  cmain.o [5]
_exit                   0x08009191           Code  Gb  cexit.o [5]
_main                   0x08009183           Code  Gb  cmain.o [5]
_mcp3909_SPI_WriteReg   0x08005241     0x42  Code  Gb  mcp3909.o [1]
adc_to_microCelcius     0x08006e85     0xa8  Code  Gb  thermistor.o [1]
adc_to_nanovolts        0x08006dd5     0x2a  Code  Gb  thermistor.o [1]
aggregate               0x20011b0c     0x80  Data  Lc  ts_lib.o [1]
binarySearchOver        0x08006e33     0x52  Code  Gb  thermistor.o [1]
bxCan2DoTx              0x08001ead     0xde  Code  Gb  can2.o [1]
bxCan2DoTx{1}{2}::toSend
                        0x20012124     0x14  Data  Lc  can2.o [1]
bxCan2_Ercb             0x200122fc      0x4  Data  Lc  can2.o [1]
bxCan2_Rxcb             0x200122f8      0x4  Data  Lc  can2.o [1]
bxCan2_Txcb             0x200122f4      0x4  Data  Lc  can2.o [1]
bxCan2_addMaskedFilterExt
                        0x08001d15    0x144  Code  Gb  can2.o [1]
bxCan2_addMaskedFilterStd
                        0x08001abf    0x256  Code  Gb  can2.o [1]
bxCan2_begin            0x08001a63     0x5c  Code  Gb  can2.o [1]
bxCan2_getFilterNum     0x08001e59     0x34  Code  Gb  can2.o [1]
bxCanDoTx               0x08001843     0xde  Code  Gb  can.o [1]
bxCanDoTx{1}{2}::toSend
                        0x200120fc     0x14  Data  Lc  can.o [1]
bxCan_Ercb              0x200122e4      0x4  Data  Lc  can.o [1]
bxCan_Rxcb              0x200122e0      0x4  Data  Lc  can.o [1]
bxCan_Txcb              0x200122dc      0x4  Data  Lc  can.o [1]
bxCan_addMaskedFilterStd
                        0x0800159b    0x254  Code  Gb  can.o [1]
bxCan_begin             0x0800153f     0x5c  Code  Gb  can.o [1]
bxCan_getFilterNum      0x080017ef     0x34  Code  Gb  can.o [1]
bxCan_sendFrame         0x08001921     0x26  Code  Gb  can.o [1]
bytesToReg              0x080057b5     0x12  Code  Gb  mcp3909.o [1]
can2RxQHandle           0x20012330      0x4  Data  Gb  main.o [1]
can2TxQHandle           0x2001232c      0x4  Data  Gb  main.o [1]
convInProg              0x200123d3      0x1  Data  Lc  ts_lib.o [1]
currentWrite            0x200123cc      0x2  Data  Lc  serial.o [1]
dmaBuffer               0x200122b8     0x10  Data  Lc  ts_lib.o [1]
doHousekeeping          0x08000f59     0xc4  Code  Gb  main.o [1]
doHousekeeping::bamboozle
                        0x20012350      0x4  Data  Lc  main.o [1]
doHousekeeping::bamboozle2
                        0x20012354      0x4  Data  Lc  main.o [1]
doMCPTask               0x08000d8d    0x184  Code  Gb  main.o [1]
doMCPTask::dcFrame      0x200121b0     0x14  Data  Lc  main.o [1]
doMCPTask::newFrame     0x2001219c     0x14  Data  Lc  main.o [1]
doMCPTask::previousWaitTime
                        0x2001234c      0x4  Data  Lc  main.o [1]
doPPTPoll               0x08000c8d     0x22  Code  Gb  main.o [1]
doPPTPoll::newFrame     0x20012174     0x14  Data  Lc  main.o [1]
doProcessCan            0x08000caf      0xa  Code  Gb  main.o [1]
doTempTask              0x08000cb9     0x84  Code  Gb  main.o [1]
doTempTask::newFrame    0x20012188     0x14  Data  Lc  main.o [1]
doTx                    0x080013fb     0x5c  Code  Lc  serial.o [1]
doTx::txavail           0x20012360      0x4  Data  Lc  serial.o [1]
empty                   0x0800153d      0x2  Code  Lc  can.o [1]
empty                   0x08001a61      0x2  Code  Lc  can2.o [1]
executeCommand          0x080065dd    0x128  Code  Gb  nodeMiscHelpers.o [1]
executeCommand{1}{2}{5}{6}::newFrame
                        0x200121d8     0x14  Data  Lc  nodeMiscHelpers.o [1]
exit                    0x0800918b      0x4  Code  Gb  exit.o [3]
firmwareString          0x08009300      0x4  Data  Lc  main.o [1]
getMicroCelcius         0x0800223b     0x42  Code  Gb  ts_lib.o [1]
getMicroCelcius::c      0x200123c8      0x4  Data  Lc  ts_lib.o [1]
getMicroCelcius::n      0x200123c4      0x4  Data  Lc  ts_lib.o [1]
getSelfState            0x08006705     0x2e  Code  Gb  nodeMiscHelpers.o [1]
hadc                    0x200123bc      0x4  Data  Lc  ts_lib.o [1]
hadc1                   0x20011ea8     0x48  Data  Gb  main.o [1]
hcan1                   0x20011ef0     0x44  Data  Gb  main.o [1]
hcan2                   0x20011f34     0x44  Data  Gb  main.o [1]
hcan2_handle            0x200122e8      0x4  Data  Lc  can2.o [1]
hcan_handle             0x200122d0      0x4  Data  Lc  can.o [1]
hdma_adc1               0x20011c70     0x60  Data  Gb  main.o [1]
hdma_spi2_rx            0x20011cd0     0x60  Data  Gb  main.o [1]
hdma_spi2_tx            0x20011d30     0x60  Data  Gb  main.o [1]
hdma_usart2_rx          0x20011d90     0x60  Data  Gb  main.o [1]
hdma_usart2_tx          0x20011df0     0x60  Data  Gb  main.o [1]
hmcp1                   0x20011c0c     0x64  Data  Gb  main.o [1]
hspi2                   0x20011e50     0x58  Data  Gb  main.o [1]
htim6                   0x20011ff8     0x3c  Data  Gb  stm32f4xx_hal_timebase_TIM.o [1]
huart2                  0x20011f78     0x40  Data  Gb  main.o [1]
hwwdg                   0x20012160     0x14  Data  Gb  main.o [1]
inHandlerMode           0x080022fb     0x12  Code  Lc  cmsis_os.o [1]
init_Done               0x200123ce      0x1  Data  Gb  main.o [1]
lut                     0x20000014      0x4  Data  Gb  thermistor.o [1]
main                    0x080001e7    0x23c  Code  Gb  main.o [1]
mainCanRxQHandle        0x20012328      0x4  Data  Gb  main.o [1]
mainCanTxQHandle        0x20012324      0x4  Data  Gb  main.o [1]
makeFreeRtosPriority    0x080022e9     0x12  Code  Lc  cmsis_os.o [1]
mcp3909_DRHandle        0x20012344      0x4  Data  Gb  main.o [1]
mcp3909_RXHandle        0x20012348      0x4  Data  Gb  main.o [1]
mcp3909_SPI_ReadReg     0x08005283     0xc8  Code  Gb  mcp3909.o [1]
mcp3909_SPI_ReadRegSync
                        0x080053bb    0x100  Code  Gb  mcp3909.o [1]
mcp3909_SPI_ReadType    0x080054bb     0x10  Code  Gb  mcp3909.o [1]
mcp3909_SPI_WriteRegSync
                        0x0800534b     0x70  Code  Gb  mcp3909.o [1]
mcp3909_init            0x080054cd    0x1a0  Code  Gb  mcp3909.o [1]
mcp3909_parseChannelData
                        0x080057d9     0x2c  Code  Gb  mcp3909.o [1]
mcp3909_readAllChannels
                        0x080057a9      0xc  Code  Gb  mcp3909.o [1]
mcp3909_sleep           0x080056cf     0x50  Code  Gb  mcp3909.o [1]
mcp3909_verify          0x0800566d     0x62  Code  Gb  mcp3909.o [1]
mcp3909_wakeup          0x08005721     0x7a  Code  Gb  mcp3909.o [1]
mcpRxBuf                0x2001207c     0x24  Data  Gb  main.o [1]
mcpTxBuf                0x200120a0     0x24  Data  Gb  main.o [1]
nanovolts_to_milliohms  0x08006dff     0x34  Code  Gb  thermistor.o [1]
not_in_use              0x20000018      0x1  Data  Lc  can.o [1]
not_in_use              0x20000019      0x1  Data  Lc  can2.o [1]
osDelay                 0x0800235b     0x1c  Code  Gb  cmsis_os.o [1]
osDelayUntil            0x08002471     0x20  Code  Gb  cmsis_os.o [1]
osKernelStart           0x0800230d      0xa  Code  Gb  cmsis_os.o [1]
osKernelSysTick         0x08002317     0x16  Code  Gb  cmsis_os.o [1]
osMessageCreate         0x0800244d     0x10  Code  Gb  cmsis_os.o [1]
osMutexCreate           0x0800240d      0xc  Code  Gb  cmsis_os.o [1]
osSemaphoreCreate       0x08002419     0x2e  Code  Gb  cmsis_os.o [1]
osSystickHandler        0x0800245d     0x10  Code  Gb  cmsis_os.o [1]
osThreadCreate          0x0800232d     0x2e  Code  Gb  cmsis_os.o [1]
osTimerCreate           0x08002377     0x22  Code  Gb  cmsis_os.o [1]
osTimerStart            0x08002399     0x74  Code  Gb  cmsis_os.o [1]
pcInterruptPriorityRegisters
                        0x0800930c      0x4  Data  Lc  port.o [1]
prvAddCurrentTaskToDelayedList
                        0x08007a41     0x7e  Code  Lc  tasks.o [1]
prvAddNewTaskToReadyList
                        0x0800708d     0xba  Code  Lc  tasks.o [1]
prvCheckForValidListAndQueue
                        0x08007f63     0x4c  Code  Lc  timers.o [1]
prvCheckTasksWaitingTermination
                        0x0800782d     0x5a  Code  Lc  tasks.o [1]
prvCopyDataFromQueue    0x0800602b     0x30  Code  Lc  queue.o [1]
prvCopyDataToQueue      0x08005f91     0x9a  Code  Lc  queue.o [1]
prvDeleteTCB            0x08007887     0x12  Code  Lc  tasks.o [1]
prvGetNextExpireTime    0x08007d43     0x2e  Code  Lc  timers.o [1]
prvHeapInit             0x08008795     0x6e  Code  Lc  heap_4.o [1]
prvIdleTask             0x080077a9     0x24  Code  Lc  tasks.o [1]
prvInitialiseMutex      0x08005927     0x22  Code  Lc  queue.o [1]
prvInitialiseNewQueue   0x080058f5     0x32  Code  Lc  queue.o [1]
prvInitialiseNewTask    0x08006fbd     0xd0  Code  Lc  tasks.o [1]
prvInitialiseNewTimer   0x08007b93     0x46  Code  Lc  timers.o [1]
prvInitialiseTaskLists  0x080077d5     0x58  Code  Lc  tasks.o [1]
prvInsertBlockIntoFreeList
                        0x08008803     0x62  Code  Lc  heap_4.o [1]
prvInsertTimerInActiveList
                        0x08007d99     0x50  Code  Lc  timers.o [1]
prvIsQueueEmpty         0x080060c9     0x20  Code  Lc  queue.o [1]
prvIsQueueFull          0x080060e9     0x22  Code  Lc  queue.o [1]
prvProcessExpiredTimer  0x08007c5d     0x5c  Code  Lc  timers.o [1]
prvProcessReceivedCommands
                        0x08007de9     0xde  Code  Lc  timers.o [1]
prvProcessTimerOrBlockTask
                        0x08007cd3     0x70  Code  Lc  timers.o [1]
prvResetNextTaskUnblockTime
                        0x08007899     0x26  Code  Lc  tasks.o [1]
prvSampleTimeNow        0x08007d71     0x28  Code  Lc  timers.o [1]
prvSampleTimeNow::xLastTime
                        0x200123b8      0x4  Data  Lc  timers.o [1]
prvSwitchTimerLists     0x08007ec7     0x9c  Code  Lc  timers.o [1]
prvTaskExitError        0x0800638d     0x2a  Code  Lc  port.o [1]
prvTimerTask            0x08007cb9     0x1a  Code  Lc  timers.o [1]
prvUnlockQueue          0x0800605b     0x6e  Code  Lc  queue.o [1]
psb0ch0Map              0x080061cd     0x4c  Code  Gb  psb0cal.o [1]
psb0ch1Map              0x08006219     0x52  Code  Gb  psb0cal.o [1]
psb0ch2Map              0x0800626b      0x8  Code  Gb  psb0cal.o [1]
psb0ch3Map              0x08006273      0x8  Code  Gb  psb0cal.o [1]
psb0ch4Map              0x0800627b     0x52  Code  Gb  psb0cal.o [1]
psb0ch5Map              0x080062cd     0x4c  Code  Gb  psb0cal.o [1]
pvPortMalloc            0x080085f9    0x122  Code  Gb  heap_4.o [1]
pvTaskIncrementMutexHeldCount
                        0x08007a29     0x18  Code  Gb  tasks.o [1]
pxCurrentTCB            0x2001236c      0x4  Data  Gb  tasks.o [1]
pxCurrentTimerList      0x200123a8      0x4  Data  Lc  timers.o [1]
pxDelayedTaskList       0x20012370      0x4  Data  Lc  tasks.o [1]
pxEnd                   0x20012300      0x4  Data  Lc  heap_4.o [1]
pxOverflowDelayedTaskList
                        0x20012374      0x4  Data  Lc  tasks.o [1]
pxOverflowTimerList     0x200123ac      0x4  Data  Lc  timers.o [1]
pxPortInitialiseStack   0x08006365     0x28  Code  Gb  port.o [1]
pxReadyTasksLists       0x20011a80     0x8c  Data  Lc  tasks.o [1]
regToBytes              0x080057c7     0x12  Code  Gb  mcp3909.o [1]
resetReading            0x08002203     0x38  Code  Gb  ts_lib.o [1]
rxFrameBuf              0x20012034     0x24  Data  Lc  can.o [1]
rxFrameBuf              0x20012058     0x24  Data  Lc  can2.o [1]
rxQ                     0x200122d4      0x4  Data  Lc  can.o [1]
rxQ                     0x200122ec      0x4  Data  Lc  can2.o [1]
sampleCount             0x20011b8c     0x80  Data  Lc  ts_lib.o [1]
selfNodeID              0x0800116a      0x1  Data  Lc  Can_Processor.o [1]
selfNodeID              0x0800116b      0x1  Data  Lc  main.o [1]
selfNodeID              0x080022e6      0x1  Data  Lc  nodeMiscHelpers.o [1]
selfStatusWord          0x20012358      0x4  Data  Gb  nodeMiscHelpers.o [1]
soft_shutdown           0x08006733     0x56  Code  Gb  nodeMiscHelpers.o [1]
swMtxHandle             0x2001233c      0x4  Data  Gb  main.o [1]
switchChannel           0x080020a5     0x3c  Code  Lc  ts_lib.o [1]
tempMtxHandle           0x200123c0      0x4  Data  Lc  ts_lib.o [1]
txFrameBuf              0x200120c4     0x1c  Data  Lc  can.o [1]
txFrameBuf              0x200120e0     0x1c  Data  Lc  can2.o [1]
txQ                     0x200122d8      0x4  Data  Lc  can.o [1]
txQ                     0x200122f0      0x4  Data  Lc  can2.o [1]
txWillTrigger           0x200123d2      0x1  Data  Lc  serial.o [1]
uartMtxHandle           0x20012340      0x4  Data  Gb  main.o [1]
ucHeap                  0x20000420  0x10000  Data  Lc  heap_4.o [1]
ucMaxSysCallPriority    0x200123cf      0x1  Data  Lc  port.o [1]
ulMaxPRIGROUPValue      0x2001235c      0x4  Data  Lc  port.o [1]
uwTick                  0x20012364      0x4  Data  Gb  stm32f4xx_hal.o [1]
uxCriticalNesting       0x20000000      0x4  Data  Lc  port.o [1]
uxCurrentNumberOfTasks  0x2001237c      0x4  Data  Lc  tasks.o [1]
uxDeletedTasksWaitingCleanUp
                        0x20012378      0x4  Data  Lc  tasks.o [1]
uxListRemove            0x080085d1     0x28  Code  Gb  list.o [1]
uxPendedTicks           0x2001238c      0x4  Data  Lc  tasks.o [1]
uxQueueMessagesWaiting  0x08005f4d     0x28  Code  Gb  queue.o [1]
uxQueueMessagesWaitingFromISR
                        0x08005f75     0x1c  Code  Gb  queue.o [1]
uxSchedulerSuspended    0x200123a4      0x4  Data  Lc  tasks.o [1]
uxTaskNumber            0x20012398      0x4  Data  Lc  tasks.o [1]
uxTopReadyPriority      0x20012384      0x4  Data  Lc  tasks.o [1]
vApplicationMallocFailedHook
                        0x08008db1      0x2  Code  Wk  freertos.o [1]
vApplicationStackOverflowHook
                        0x08008daf      0x2  Code  Wk  freertos.o [1]
vListInitialise         0x0800855b     0x1e  Code  Gb  list.o [1]
vListInitialiseItem     0x08008579      0x6  Code  Gb  list.o [1]
vListInsert             0x08008597     0x3a  Code  Gb  list.o [1]
vListInsertEnd          0x0800857f     0x18  Code  Gb  list.o [1]
vPortEnableVFP          0x08008a45           Code  Gb  portasm.o [1]
vPortEnterCritical      0x08006483     0x3a  Code  Gb  port.o [1]
vPortExitCritical       0x080064bd     0x32  Code  Gb  port.o [1]
vPortFree               0x0800871b     0x7a  Code  Gb  heap_4.o [1]
vPortStartFirstTask     0x08008a2d           Code  Gb  portasm.o [1]
vPortValidateInterruptPriority
                        0x08006519     0x50  Code  Gb  port.o [1]
vQueueAddToRegistry     0x0800610b     0x28  Code  Gb  queue.o [1]
vQueueWaitForMessageRestricted
                        0x0800613d     0x4c  Code  Gb  queue.o [1]
vTaskDelay              0x080071f9     0x4e  Code  Gb  tasks.o [1]
vTaskDelayUntil         0x08007147     0xb2  Code  Gb  tasks.o [1]
vTaskMissedYield        0x0800779f      0xa  Code  Gb  tasks.o [1]
vTaskPlaceOnEventList   0x080075c5     0x34  Code  Gb  tasks.o [1]
vTaskPlaceOnEventListRestricted
                        0x08007611     0x40  Code  Gb  tasks.o [1]
vTaskPriorityInherit    0x080078e1     0x98  Code  Gb  tasks.o [1]
vTaskSetTimeOutState    0x080076e5     0x26  Code  Gb  tasks.o [1]
vTaskStartScheduler     0x08007247     0x74  Code  Gb  tasks.o [1]
vTaskSuspendAll         0x080072bb     0x10  Code  Gb  tasks.o [1]
vTaskSwitchContext      0x08007513     0xb2  Code  Gb  tasks.o [1]
xActiveTimerList1       0x20012250     0x14  Data  Lc  timers.o [1]
xActiveTimerList2       0x20012264     0x14  Data  Lc  timers.o [1]
xBlockAllocatedBit      0x2001230c      0x4  Data  Lc  heap_4.o [1]
xDelayedTaskList1       0x200121ec     0x14  Data  Lc  tasks.o [1]
xDelayedTaskList2       0x20012200     0x14  Data  Lc  tasks.o [1]
xFreeBytesRemaining     0x20012304      0x4  Data  Lc  heap_4.o [1]
xHeapStructSize         0x080092ec      0x4  Data  Lc  heap_4.o [1]
xIdleTaskHandle         0x200123a0      0x4  Data  Lc  tasks.o [1]
xMinimumEverFreeBytesRemaining
                        0x20012308      0x4  Data  Lc  heap_4.o [1]
xNextTaskUnblockTime    0x2001239c      0x4  Data  Lc  tasks.o [1]
xNumOfOverflows         0x20012394      0x4  Data  Lc  tasks.o [1]
xPendingReadyList       0x20012214     0x14  Data  Lc  tasks.o [1]
xPortStartScheduler     0x080063b7     0xcc  Code  Gb  port.o [1]
xPortSysTickHandler     0x080064ef     0x28  Code  Gb  port.o [1]
xQueueCreateMutex       0x08005949     0x20  Code  Gb  queue.o [1]
xQueueGenericCreate     0x0800589d     0x58  Code  Gb  queue.o [1]
xQueueGenericReceive    0x08005cbf    0x1d8  Code  Gb  queue.o [1]
xQueueGenericReset      0x08005805     0x98  Code  Gb  queue.o [1]
xQueueGenericSend       0x08005969    0x1a6  Code  Gb  queue.o [1]
xQueueGenericSendFromISR
                        0x08005b0f     0xe6  Code  Gb  queue.o [1]
xQueueGiveFromISR       0x08005bf5     0xca  Code  Gb  queue.o [1]
xQueueReceiveFromISR    0x08005e97     0xb6  Code  Gb  queue.o [1]
xQueueRegistry          0x20011fb8     0x40  Data  Gb  queue.o [1]
xSchedulerRunning       0x20012388      0x4  Data  Lc  tasks.o [1]
xStart                  0x200122c8      0x8  Data  Lc  heap_4.o [1]
xSuspendedTaskList      0x2001223c     0x14  Data  Lc  tasks.o [1]
xTaskCheckForTimeOut    0x08007715     0x8a  Code  Gb  tasks.o [1]
xTaskCreate             0x08006f3d     0x80  Code  Gb  tasks.o [1]
xTaskGetSchedulerState  0x080078bf     0x22  Code  Gb  tasks.o [1]
xTaskGetTickCount       0x080073c7      0xa  Code  Gb  tasks.o [1]
xTaskGetTickCountFromISR
                        0x080073d1     0x16  Code  Gb  tasks.o [1]
xTaskIncrementTick      0x080073e7    0x12c  Code  Gb  tasks.o [1]
xTaskPriorityDisinherit
                        0x0800797d     0xac  Code  Gb  tasks.o [1]
xTaskRemoveFromEventList
                        0x08007651     0x8e  Code  Gb  tasks.o [1]
xTaskResumeAll          0x080072cb     0xfc  Code  Gb  tasks.o [1]
xTasksWaitingTermination
                        0x20012228     0x14  Data  Lc  tasks.o [1]
xTickCount              0x20012380      0x4  Data  Lc  tasks.o [1]
xTimerCreate            0x08007b5d     0x36  Code  Gb  timers.o [1]
xTimerCreateTimerTask   0x08007b15     0x48  Code  Gb  timers.o [1]
xTimerGenericCommand    0x08007bd9     0x84  Code  Gb  timers.o [1]
xTimerQueue             0x200123b0      0x4  Data  Lc  timers.o [1]
xTimerTaskHandle        0x200123b4      0x4  Data  Lc  timers.o [1]
xYieldPending           0x20012390      0x4  Data  Lc  tasks.o [1]


[1] = E:\Workspaces\James\Firmware_46_SW4STM\Gen9_ADS_46\EWARM\Gen9_ADS_46\Obj
[2] = command line
[3] = dl7M_tlf.a
[4] = m7M_tls.a
[5] = rt7M_tl.a
[6] = shb_l.a

  37 201 bytes of readonly  code memory
     747 bytes of readonly  data memory
  74 702 bytes of readwrite data memory

Errors: none
Warnings: none
